Archive member included to satisfy reference by file (symbol)

libbb/lib.a(appletlib.o)      /opt/padavan-ng/toolchain/out/mipsel-linux-uclibc/sysroot/usr/lib/crt1.o (main)
libbb/lib.a(compare_string_array.o)
                              libbb/lib.a(appletlib.o) (is_prefixed_with)
libbb/lib.a(default_error_retval.o)
                              libbb/lib.a(appletlib.o) (xfunc_error_retval)
libbb/lib.a(get_last_path_component.o)
                              libbb/lib.a(appletlib.o) (bb_basename)
libbb/lib.a(last_char_is.o)   libbb/lib.a(get_last_path_component.o) (last_char_is)
libbb/lib.a(messages.o)       libbb/lib.a(appletlib.o) (bb_banner)
libbb/lib.a(ptr_to_globals.o)
                              libbb/lib.a(appletlib.o) (bb_errno)
libbb/lib.a(verror_msg.o)     libbb/lib.a(appletlib.o) (bb_simple_error_msg_and_die)
libbb/lib.a(xfunc_die.o)      libbb/lib.a(appletlib.o) (xfunc_die)
libbb/lib.a(xfuncs.o)         libbb/lib.a(appletlib.o) (full_write2_str)
libbb/lib.a(xfuncs_printf.o)  libbb/lib.a(verror_msg.o) (fflush_all)
libbb/lib.a(copyfd.o)         libbb/lib.a(xfuncs_printf.o) (bb_copyfd_eof)
libbb/lib.a(full_write.o)     libbb/lib.a(verror_msg.o) (full_write)
libbb/lib.a(perror_msg.o)     libbb/lib.a(xfuncs_printf.o) (bb_perror_msg)
libbb/lib.a(read.o)           libbb/lib.a(copyfd.o) (safe_read)
libbb/lib.a(safe_write.o)     libbb/lib.a(full_write.o) (safe_write)
libbb/lib.a(signals.o)        libbb/lib.a(xfuncs_printf.o) (kill_myself_with_sig)
libbb/lib.a(time.o)           libbb/lib.a(xfuncs_printf.o) (monotonic_us)
libbb/lib.a(bb_strtonum.o)    libbb/lib.a(time.o) (bb_strtol)
loginutils/lib.a(addgroup.o)  libbb/lib.a(appletlib.o) (addgroup_main)
loginutils/lib.a(adduser.o)   libbb/lib.a(appletlib.o) (adduser_main)
loginutils/lib.a(chpasswd.o)  libbb/lib.a(appletlib.o) (chpasswd_main)
loginutils/lib.a(login.o)     libbb/lib.a(appletlib.o) (login_main)
loginutils/lib.a(passwd.o)    libbb/lib.a(appletlib.o) (passwd_main)
mailutils/lib.a(sendmail.o)   libbb/lib.a(appletlib.o) (sendmail_main)
mailutils/lib.a(mail.o)       mailutils/lib.a(sendmail.o) (launch_helper)
miscutils/lib.a(crond.o)      libbb/lib.a(appletlib.o) (crond_main)
miscutils/lib.a(crontab.o)    libbb/lib.a(appletlib.o) (crontab_main)
miscutils/lib.a(microcom.o)   libbb/lib.a(appletlib.o) (microcom_main)
miscutils/lib.a(strings.o)    libbb/lib.a(appletlib.o) (strings_main)
miscutils/lib.a(time.o)       libbb/lib.a(appletlib.o) (time_main)
modutils/lib.a(insmod.o)      libbb/lib.a(appletlib.o) (insmod_main)
modutils/lib.a(lsmod.o)       libbb/lib.a(appletlib.o) (lsmod_main)
modutils/lib.a(modprobe.o)    libbb/lib.a(appletlib.o) (modprobe_main)
modutils/lib.a(modutils.o)    modutils/lib.a(modprobe.o) (replace)
modutils/lib.a(rmmod.o)       libbb/lib.a(appletlib.o) (rmmod_main)
networking/lib.a(arp.o)       libbb/lib.a(appletlib.o) (arp_main)
networking/lib.a(arping.o)    libbb/lib.a(appletlib.o) (arping_main)
networking/lib.a(brctl.o)     libbb/lib.a(appletlib.o) (brctl_main)
networking/lib.a(ether-wake.o)
                              libbb/lib.a(appletlib.o) (ether_wake_main)
networking/lib.a(hostname.o)  libbb/lib.a(appletlib.o) (hostname_main)
networking/lib.a(ifconfig.o)  libbb/lib.a(appletlib.o) (ifconfig_main)
networking/lib.a(inetd.o)     libbb/lib.a(appletlib.o) (inetd_main)
networking/lib.a(interface.o)
                              networking/lib.a(arp.o) (get_aftype)
networking/lib.a(netstat.o)   libbb/lib.a(appletlib.o) (netstat_main)
networking/lib.a(nslookup.o)  libbb/lib.a(appletlib.o) (nslookup_main)
networking/lib.a(ntpd.o)      libbb/lib.a(appletlib.o) (ntpd_main)
networking/lib.a(ping.o)      libbb/lib.a(appletlib.o) (ping_main)
networking/lib.a(route.o)     networking/lib.a(netstat.o) (bb_displayroutes)
networking/lib.a(telnetd.o)   libbb/lib.a(appletlib.o) (telnetd_main)
networking/lib.a(traceroute.o)
                              libbb/lib.a(appletlib.o) (traceroute_main)
networking/lib.a(vconfig.o)   libbb/lib.a(appletlib.o) (vconfig_main)
networking/lib.a(wget.o)      libbb/lib.a(appletlib.o) (wget_main)
networking/lib.a(zcip.o)      libbb/lib.a(appletlib.o) (zcip_main)
networking/udhcp/lib.a(dhcp6c.o)
                              libbb/lib.a(appletlib.o) (dhcp6c_main)
networking/udhcp/lib.a(dhcp6c_common.o)
                              networking/udhcp/lib.a(dhcp6c.o) (dhcp6_find_listval)
networking/udhcp/lib.a(dhcp6c_config.o)
                              networking/udhcp/lib.a(dhcp6c.o) (read_config6)
networking/udhcp/lib.a(dhcp6c_ia.o)
                              networking/udhcp/lib.a(dhcp6c.o) (update_ia)
networking/udhcp/lib.a(dhcp6c_script.o)
                              networking/udhcp/lib.a(dhcp6c.o) (fill_envp_client6)
networking/udhcp/lib.a(dhcp6c_socket.o)
                              networking/udhcp/lib.a(dhcp6c.o) (sock6_init)
networking/udhcp/lib.a(dhcpc.o)
                              libbb/lib.a(appletlib.o) (udhcpc_main)
networking/udhcp/lib.a(packet.o)
[...]
Memory Configuration

Name             Origin             Length             Attributes
*default*        0x0000000000000000 0xffffffffffffffff

Linker script and memory map

LOAD /opt/padavan-ng/toolchain/out/mipsel-linux-uclibc/sysroot/usr/lib/crt1.o
LOAD /opt/padavan-ng/toolchain/out/mipsel-linux-uclibc/sysroot/usr/lib/crti.o
LOAD /opt/padavan-ng/toolchain/out/lib/gcc/mipsel-linux-uclibc/7.5.0/crtbegin.o
START GROUP
LOAD applets/built-in.o
LOAD archival/lib.a
LOAD archival/libarchive/lib.a
LOAD console-tools/lib.a
LOAD coreutils/lib.a
LOAD coreutils/libcoreutils/lib.a
LOAD debianutils/lib.a
LOAD klibc-utils/lib.a
LOAD e2fsprogs/lib.a
LOAD editors/lib.a
LOAD findutils/lib.a
LOAD init/lib.a
LOAD libbb/lib.a
LOAD libpwdgrp/lib.a
LOAD loginutils/lib.a
LOAD mailutils/lib.a
LOAD miscutils/lib.a
LOAD modutils/lib.a
LOAD networking/lib.a
LOAD networking/libiproute/lib.a
LOAD networking/udhcp/lib.a
LOAD printutils/lib.a
LOAD procps/lib.a
LOAD runit/lib.a
LOAD selinux/lib.a
LOAD shell/lib.a
LOAD sysklogd/lib.a
LOAD util-linux/lib.a
LOAD util-linux/volume_id/lib.a
LOAD archival/built-in.o
LOAD archival/libarchive/built-in.o
LOAD console-tools/built-in.o
LOAD coreutils/built-in.o
LOAD coreutils/libcoreutils/built-in.o
LOAD debianutils/built-in.o
LOAD klibc-utils/built-in.o
LOAD e2fsprogs/built-in.o
LOAD editors/built-in.o
LOAD findutils/built-in.o
LOAD init/built-in.o
LOAD libbb/built-in.o
LOAD libpwdgrp/built-in.o
LOAD loginutils/built-in.o
LOAD mailutils/built-in.o
LOAD miscutils/built-in.o
LOAD modutils/built-in.o
LOAD networking/built-in.o
LOAD networking/libiproute/built-in.o
LOAD networking/udhcp/built-in.o
LOAD printutils/built-in.o
LOAD procps/built-in.o
LOAD runit/built-in.o
LOAD selinux/built-in.o
LOAD shell/built-in.o
LOAD sysklogd/built-in.o
LOAD util-linux/built-in.o
LOAD util-linux/volume_id/built-in.o
END GROUP
LOAD /opt/padavan-ng/toolchain/out/lib/gcc/mipsel-linux-uclibc/7.5.0/libgcc.a
LOAD /opt/padavan-ng/toolchain/out/mipsel-linux-uclibc/sysroot/usr/lib/libc.so
START GROUP
LOAD /opt/padavan-ng/trunk/stage/lib/libc.so.1
LOAD /opt/padavan-ng/toolchain/out/mipsel-linux-uclibc/sysroot/usr/lib/uclibc_nonshared.a
LOAD /opt/padavan-ng/toolchain/out/mipsel-linux-uclibc/sysroot/usr/lib/libpthread_nonshared.a
LOAD /opt/padavan-ng/trunk/stage/lib/ld-uClibc.so.1
END GROUP
LOAD /opt/padavan-ng/toolchain/out/lib/gcc/mipsel-linux-uclibc/7.5.0/libgcc.a
LOAD /opt/padavan-ng/toolchain/out/lib/gcc/mipsel-linux-uclibc/7.5.0/crtend.o
LOAD /opt/padavan-ng/toolchain/out/mipsel-linux-uclibc/sysroot/usr/lib/crtn.o
                [!provide]                        PROVIDE (__executable_start = SEGMENT_START ("text-segment", 0x400000))
                0x0000000000400154                . = (SEGMENT_START ("text-segment", 0x400000) + SIZEOF_HEADERS)

.interp         0x0000000000400154       0x14
 *(SORT_BY_ALIGNMENT(.interp))
 .interp        0x0000000000400154       0x14 /opt/padavan-ng/toolchain/out/mipsel-linux-uclibc/sysroot/usr/lib/crt1.o

.MIPS.abiflags  0x0000000000400168       0x18
 *(SORT_BY_ALIGNMENT(.MIPS.abiflags))
 .MIPS.abiflags
                0x0000000000400168       0x18 /opt/padavan-ng/toolchain/out/mipsel-linux-uclibc/sysroot/usr/lib/crt1.o

.reginfo
 *(SORT_BY_ALIGNMENT(.reginfo))

.MIPS.xhash
 *(SORT_BY_ALIGNMENT(.MIPS.xhash))

.note.gnu.build-id
 *(SORT_BY_ALIGNMENT(.note.gnu.build-id))

.dynamic        0x0000000000400180       0xc8
 *(SORT_BY_ALIGNMENT(.dynamic))
 .dynamic       0x0000000000400180       0xc8 /opt/padavan-ng/toolchain/out/mipsel-linux-uclibc/sysroot/usr/lib/crt1.o
                0x0000000000400180                _DYNAMIC

.hash           0x0000000000400248      0x958
 *(SORT_BY_ALIGNMENT(.hash))
 .hash          0x0000000000400248      0x958 /opt/padavan-ng/toolchain/out/mipsel-linux-uclibc/sysroot/usr/lib/crt1.o

.gnu.hash
 *(SORT_BY_ALIGNMENT(.gnu.hash))

.dynsym         0x0000000000400ba0     0x14d0
 *(SORT_BY_ALIGNMENT(.dynsym))
 .dynsym        0x0000000000400ba0     0x14d0 /opt/padavan-ng/toolchain/out/mipsel-linux-uclibc/sysroot/usr/lib/crt1.o

.dynstr         0x0000000000402070      0xabc
 *(SORT_BY_ALIGNMENT(.dynstr))
 .dynstr        0x0000000000402070      0xabc /opt/padavan-ng/toolchain/out/mipsel-linux-uclibc/sysroot/usr/lib/crt1.o

.gnu.version    0x0000000000402b2c        0x0
 *(SORT_BY_ALIGNMENT(.gnu.version))
 .gnu.version   0x0000000000402b2c        0x0 /opt/padavan-ng/toolchain/out/mipsel-linux-uclibc/sysroot/usr/lib/crt1.o

.gnu.version_d  0x0000000000402b2c        0x0
 *(SORT_BY_ALIGNMENT(.gnu.version_d))
 .gnu.version_d
                0x0000000000402b2c        0x0 /opt/padavan-ng/toolchain/out/mipsel-linux-uclibc/sysroot/usr/lib/crt1.o

.gnu.version_r  0x0000000000402b2c        0x0
 *(SORT_BY_ALIGNMENT(.gnu.version_r))
 .gnu.version_r
                0x0000000000402b2c        0x0 /opt/padavan-ng/toolchain/out/mipsel-linux-uclibc/sysroot/usr/lib/crt1.o

.rel.dyn        0x0000000000402b2c        0x0
 *(SORT_BY_ALIGNMENT(.rel.init))
 *(SORT_BY_ALIGNMENT(.rel.text) SORT_BY_ALIGNMENT(.rel.text.*) SORT_BY_ALIGNMENT(.rel.gnu.linkonce.t.*))
 *(SORT_BY_ALIGNMENT(.rel.fini))
 *(SORT_BY_ALIGNMENT(.rel.rodata) SORT_BY_ALIGNMENT(.rel.rodata.*) SORT_BY_ALIGNMENT(.rel.gnu.linkonce.r.*))
 *(SORT_BY_ALIGNMENT(.rel.data.rel.ro) SORT_BY_ALIGNMENT(.rel.data.rel.ro.*) SORT_BY_ALIGNMENT(.rel.gnu.linkonce.d.rel.ro.*))
 .rel.data.rel.ro
                0x0000000000402b2c        0x0 /opt/padavan-ng/toolchain/out/mipsel-linux-uclibc/sysroot/usr/lib/crt1.o
 *(SORT_BY_ALIGNMENT(.rel.data) SORT_BY_ALIGNMENT(.rel.data.*) SORT_BY_ALIGNMENT(.rel.gnu.linkonce.d.*))
 *(SORT_BY_ALIGNMENT(.rel.tdata) SORT_BY_ALIGNMENT(.rel.tdata.*) SORT_BY_ALIGNMENT(.rel.gnu.linkonce.td.*))
 *(SORT_BY_ALIGNMENT(.rel.tbss) SORT_BY_ALIGNMENT(.rel.tbss.*) SORT_BY_ALIGNMENT(.rel.gnu.linkonce.tb.*))
 *(SORT_BY_ALIGNMENT(.rel.ctors))
 *(SORT_BY_ALIGNMENT(.rel.dtors))
 *(SORT_BY_ALIGNMENT(.rel.got))
 *(SORT_BY_ALIGNMENT(.rel.dyn))
 .rel.dyn       0x0000000000402b2c        0x0 /opt/padavan-ng/toolchain/out/mipsel-linux-uclibc/sysroot/usr/lib/crt1.o
 *(SORT_BY_ALIGNMENT(.rel.sdata) SORT_BY_ALIGNMENT(.rel.sdata.*) SORT_BY_ALIGNMENT(.rel.gnu.linkonce.s.*))
 *(SORT_BY_ALIGNMENT(.rel.sbss) SORT_BY_ALIGNMENT(.rel.sbss.*) SORT_BY_ALIGNMENT(.rel.gnu.linkonce.sb.*))
 *(SORT_BY_ALIGNMENT(.rel.sdata2) SORT_BY_ALIGNMENT(.rel.sdata2.*) SORT_BY_ALIGNMENT(.rel.gnu.linkonce.s2.*))
 *(SORT_BY_ALIGNMENT(.rel.sbss2) SORT_BY_ALIGNMENT(.rel.sbss2.*) SORT_BY_ALIGNMENT(.rel.gnu.linkonce.sb2.*))
 *(SORT_BY_ALIGNMENT(.rel.bss) SORT_BY_ALIGNMENT(.rel.bss.*) SORT_BY_ALIGNMENT(.rel.gnu.linkonce.b.*))
 .rel.bss       0x0000000000402b2c        0x0 /opt/padavan-ng/toolchain/out/mipsel-linux-uclibc/sysroot/usr/lib/crt1.o
                [!provide]                        PROVIDE (__rel_iplt_start = .)
 *(SORT_BY_ALIGNMENT(.rel.iplt))
                [!provide]                        PROVIDE (__rel_iplt_end = .)

.rela.dyn       0x0000000000402b2c        0x0
 *(SORT_BY_ALIGNMENT(.rela.init))
 *(SORT_BY_ALIGNMENT(.rela.text) SORT_BY_ALIGNMENT(.rela.text.*) SORT_BY_ALIGNMENT(.rela.gnu.linkonce.t.*))
 *(SORT_BY_ALIGNMENT(.rela.fini))
 *(SORT_BY_ALIGNMENT(.rela.rodata) SORT_BY_ALIGNMENT(.rela.rodata.*) SORT_BY_ALIGNMENT(.rela.gnu.linkonce.r.*))
 *(SORT_BY_ALIGNMENT(.rela.data) SORT_BY_ALIGNMENT(.rela.data.*) SORT_BY_ALIGNMENT(.rela.gnu.linkonce.d.*))
 *(SORT_BY_ALIGNMENT(.rela.tdata) SORT_BY_ALIGNMENT(.rela.tdata.*) SORT_BY_ALIGNMENT(.rela.gnu.linkonce.td.*))
 *(SORT_BY_ALIGNMENT(.rela.tbss) SORT_BY_ALIGNMENT(.rela.tbss.*) SORT_BY_ALIGNMENT(.rela.gnu.linkonce.tb.*))
 *(SORT_BY_ALIGNMENT(.rela.ctors))
 *(SORT_BY_ALIGNMENT(.rela.dtors))
 *(SORT_BY_ALIGNMENT(.rela.got))
 *(SORT_BY_ALIGNMENT(.rela.sdata) SORT_BY_ALIGNMENT(.rela.sdata.*) SORT_BY_ALIGNMENT(.rela.gnu.linkonce.s.*))
 *(SORT_BY_ALIGNMENT(.rela.sbss) SORT_BY_ALIGNMENT(.rela.sbss.*) SORT_BY_ALIGNMENT(.rela.gnu.linkonce.sb.*))
 *(SORT_BY_ALIGNMENT(.rela.sdata2) SORT_BY_ALIGNMENT(.rela.sdata2.*) SORT_BY_ALIGNMENT(.rela.gnu.linkonce.s2.*))
 *(SORT_BY_ALIGNMENT(.rela.sbss2) SORT_BY_ALIGNMENT(.rela.sbss2.*) SORT_BY_ALIGNMENT(.rela.gnu.linkonce.sb2.*))
 *(SORT_BY_ALIGNMENT(.rela.bss) SORT_BY_ALIGNMENT(.rela.bss.*) SORT_BY_ALIGNMENT(.rela.gnu.linkonce.b.*))
                [!provide]                        PROVIDE (__rela_iplt_start = .)
 *(SORT_BY_ALIGNMENT(.rela.iplt))
                [!provide]                        PROVIDE (__rela_iplt_end = .)

.rel.plt        0x0000000000402b2c        0x0
 *(SORT_BY_ALIGNMENT(.rel.plt))
 .rel.plt       0x0000000000402b2c        0x0 /opt/padavan-ng/toolchain/out/mipsel-linux-uclibc/sysroot/usr/lib/crt1.o

.rela.plt
 *(SORT_BY_ALIGNMENT(.rela.plt))

.init           0x0000000000402b2c       0x6c
 *(SORT_NONE(.init))
 .init          0x0000000000402b2c       0x1c /opt/padavan-ng/toolchain/out/mipsel-linux-uclibc/sysroot/usr/lib/crti.o
                0x0000000000402b2c                _init
 .init          0x0000000000402b48       0x20 /opt/padavan-ng/toolchain/out/lib/gcc/mipsel-linux-uclibc/7.5.0/crtbegin.o
 .init          0x0000000000402b68       0x20 /opt/padavan-ng/toolchain/out/lib/gcc/mipsel-linux-uclibc/7.5.0/crtend.o
 .init          0x0000000000402b88       0x10 /opt/padavan-ng/toolchain/out/mipsel-linux-uclibc/sysroot/usr/lib/crtn.o

.text           0x0000000000402ba0    0x80be8
                0x0000000000402ba0                _ftext = .
 *(SORT_BY_ALIGNMENT(.text.unlikely) SORT_BY_ALIGNMENT(.text.*_unlikely) SORT_BY_ALIGNMENT(.text.unlikely.*))
 *(SORT_BY_ALIGNMENT(.text.exit) SORT_BY_ALIGNMENT(.text.exit.*))
 *(SORT_BY_ALIGNMENT(.text.startup) SORT_BY_ALIGNMENT(.text.startup.*))
 *(SORT_BY_ALIGNMENT(.text.hot) SORT_BY_ALIGNMENT(.text.hot.*))
 *(SORT_BY_NAME(SORT_BY_ALIGNMENT(.text.sorted.*)))
 *(SORT_BY_ALIGNMENT(.text) SORT_BY_ALIGNMENT(.stub) SORT_BY_ALIGNMENT(.text.*) SORT_BY_ALIGNMENT(.gnu.linkonce.t.*))
 .text          0x0000000000402ba0       0x60 /opt/padavan-ng/toolchain/out/mipsel-linux-uclibc/sysroot/usr/lib/crt1.o
                0x0000000000402ba0                __start
 .text          0x0000000000402c00      0x100 /opt/padavan-ng/toolchain/out/lib/gcc/mipsel-linux-uclibc/7.5.0/crtbegin.o
 .text          0x0000000000402d00       0x40 /opt/padavan-ng/toolchain/out/lib/gcc/mipsel-linux-uclibc/7.5.0/libgcc.a(_lshrdi3.o)
                0x0000000000402d00                __lshrdi3
 .text          0x0000000000402d40       0x40 /opt/padavan-ng/toolchain/out/lib/gcc/mipsel-linux-uclibc/7.5.0/libgcc.a(_ashldi3.o)
                0x0000000000402d40                __ashldi3
 .text          0x0000000000402d80       0x80 /opt/padavan-ng/toolchain/out/lib/gcc/mipsel-linux-uclibc/7.5.0/libgcc.a(_fixdfdi.o)
                0x0000000000402d80                __fixdfdi
 .text          0x0000000000402e00       0xa0 /opt/padavan-ng/toolchain/out/lib/gcc/mipsel-linux-uclibc/7.5.0/libgcc.a(_fixunsdfdi.o)
                0x0000000000402e00                __fixunsdfdi
 .text          0x0000000000402ea0       0x40 /opt/padavan-ng/toolchain/out/lib/gcc/mipsel-linux-uclibc/7.5.0/libgcc.a(_floatdidf.o)
                0x0000000000402ea0                __floatdidf
 .text          0x0000000000402ee0       0x50 /opt/padavan-ng/toolchain/out/lib/gcc/mipsel-linux-uclibc/7.5.0/libgcc.a(_floatundidf.o)
                0x0000000000402ee0                __floatundidf
 .text          0x0000000000402f30      0x460 /opt/padavan-ng/toolchain/out/lib/gcc/mipsel-linux-uclibc/7.5.0/libgcc.a(_moddi3.o)
                0x0000000000402f30                __moddi3
 .text          0x0000000000403390      0x420 /opt/padavan-ng/toolchain/out/lib/gcc/mipsel-linux-uclibc/7.5.0/libgcc.a(_udivdi3.o)
                0x0000000000403390                __udivdi3
 .text          0x00000000004037b0      0x400 /opt/padavan-ng/toolchain/out/lib/gcc/mipsel-linux-uclibc/7.5.0/libgcc.a(_umoddi3.o)
                0x00000000004037b0                __umoddi3
 .text          0x0000000000403bb0       0x50 /opt/padavan-ng/toolchain/out/lib/gcc/mipsel-linux-uclibc/7.5.0/crtend.o
 .text.string_array_len
                0x0000000000403c00       0x1c libbb/lib.a(appletlib.o)
                0x0000000000403c00                string_array_len
 .text.find_applet_by_name
                0x0000000000403c1c       0xe8 libbb/lib.a(appletlib.o)
                0x0000000000403c1c                find_applet_by_name
 .text.bb_show_usage
                0x0000000000403d04      0x118 libbb/lib.a(appletlib.o)
                0x0000000000403d04                bb_show_usage
 .text.lbb_prepare
                0x0000000000403e1c       0x44 libbb/lib.a(appletlib.o)
                0x0000000000403e1c                lbb_prepare
 .text.show_usage_if_dash_dash_help
                0x0000000000403e60       0x80 libbb/lib.a(appletlib.o)
                0x0000000000403e60                show_usage_if_dash_dash_help
 .text.run_applet_no_and_exit
                0x0000000000403ee0      0x11c libbb/lib.a(appletlib.o)
                0x0000000000403ee0                run_applet_no_and_exit
 .text.run_applet_and_exit
                0x0000000000403ffc      0x2b8 libbb/lib.a(appletlib.o)
 .text.main     0x00000000004042b4       0xa4 libbb/lib.a(appletlib.o)
                0x00000000004042b4                main
 .text.is_prefixed_with
                0x0000000000404358       0x30 libbb/lib.a(compare_string_array.o)
                0x0000000000404358                is_prefixed_with
 .text.is_suffixed_with
                0x0000000000404388       0x88 libbb/lib.a(compare_string_array.o)
                0x0000000000404388                is_suffixed_with
 .text.index_in_strings
                0x0000000000404410       0x58 libbb/lib.a(compare_string_array.o)
                0x0000000000404410                index_in_strings
 .text.index_in_substrings
                0x0000000000404468       0xdc libbb/lib.a(compare_string_array.o)
                0x0000000000404468                index_in_substrings
 .text.nth_string
                0x0000000000404544       0x34 libbb/lib.a(compare_string_array.o)
                0x0000000000404544                nth_string
 .text.bb_basename
                0x0000000000404578       0x44 libbb/lib.a(get_last_path_component.o)
                0x0000000000404578                bb_basename
 .text.bb_get_last_path_component_nostrip
                0x00000000004045bc       0x5c libbb/lib.a(get_last_path_component.o)
                0x00000000004045bc                bb_get_last_path_component_nostrip
 .text.bb_get_last_path_component_strip
                0x0000000000404618       0x58 libbb/lib.a(get_last_path_component.o)
                0x0000000000404618                bb_get_last_path_component_strip
 .text.last_char_is
                0x0000000000404670       0x38 libbb/lib.a(last_char_is.o)
                0x0000000000404670                last_char_is
 .text.bb_verror_msg
                0x00000000004046a8      0x2d0 libbb/lib.a(verror_msg.o)
                0x00000000004046a8                bb_verror_msg
 .text.bb_error_msg_and_die
                0x0000000000404978       0x34 libbb/lib.a(verror_msg.o)
                0x0000000000404978                bb_error_msg_and_die
 .text.bb_error_msg
                0x00000000004049ac       0x30 libbb/lib.a(verror_msg.o)
                0x00000000004049ac                bb_error_msg
 .text.bb_vinfo_msg
                0x00000000004049dc       0x38 libbb/lib.a(verror_msg.o)
                0x00000000004049dc                bb_vinfo_msg
 .text.bb_info_msg
                0x0000000000404a14       0x2c libbb/lib.a(verror_msg.o)
                0x0000000000404a14                bb_info_msg
 .text.bb_simple_info_msg
                0x0000000000404a40       0x10 libbb/lib.a(verror_msg.o)
                0x0000000000404a40                bb_simple_info_msg
 .text.bb_simple_error_msg
                0x0000000000404a50       0x10 libbb/lib.a(verror_msg.o)
                0x0000000000404a50                bb_simple_error_msg
 .text.bb_simple_error_msg_and_die
                0x0000000000404a60       0x18 libbb/lib.a(verror_msg.o)
                0x0000000000404a60                bb_simple_error_msg_and_die
 .text.xfunc_die
                0x0000000000404a78       0x3c libbb/lib.a(xfunc_die.o)
                0x0000000000404a78                xfunc_die
 .text.ndelay_on
                0x0000000000404ab4       0x68 libbb/lib.a(xfuncs.o)
                0x0000000000404ab4                ndelay_on
 .text.ndelay_off
                0x0000000000404b1c       0x6c libbb/lib.a(xfuncs.o)
                0x0000000000404b1c                ndelay_off
 .text.close_on_exec_on
                0x0000000000404b88       0x18 libbb/lib.a(xfuncs.o)
                0x0000000000404b88                close_on_exec_on
 .text.strncpy_IFNAMSIZ
                0x0000000000404ba0       0x14 libbb/lib.a(xfuncs.o)
                0x0000000000404ba0                strncpy_IFNAMSIZ
 .text.utoa_to_buf
                0x0000000000404bb4       0x78 libbb/lib.a(xfuncs.o)
                0x0000000000404bb4                utoa_to_buf
 .text.itoa_to_buf
                0x0000000000404c2c       0x34 libbb/lib.a(xfuncs.o)
                0x0000000000404c2c                itoa_to_buf
 .text.utoa     0x0000000000404c60       0x2c libbb/lib.a(xfuncs.o)
                0x0000000000404c60                utoa
 .text.itoa     0x0000000000404c8c       0x2c libbb/lib.a(xfuncs.o)
                0x0000000000404c8c                itoa
 .text.bin2hex  0x0000000000404cb8       0x58 libbb/lib.a(xfuncs.o)
                0x0000000000404cb8                bin2hex
 .text.hex2bin  0x0000000000404d10       0xf0 libbb/lib.a(xfuncs.o)
                0x0000000000404d10                hex2bin
 .text.bb_putchar_stderr
                0x0000000000404e00       0x38 libbb/lib.a(xfuncs.o)
                0x0000000000404e00                bb_putchar_stderr
 .text.full_write1_str
                0x0000000000404e38       0x4c libbb/lib.a(xfuncs.o)
                0x0000000000404e38                full_write1_str
 .text.full_write2_str
                0x0000000000404e84       0x4c libbb/lib.a(xfuncs.o)
                0x0000000000404e84                full_write2_str
 .text.get_terminal_width_height
                0x0000000000404ed0      0x1b8 libbb/lib.a(xfuncs.o)
                0x0000000000404ed0                get_terminal_width_height
 .text.get_terminal_width
                0x0000000000405088       0x24 libbb/lib.a(xfuncs.o)
                0x0000000000405088                get_terminal_width
 .text.is_TERM_dumb
                0x00000000004050ac       0x58 libbb/lib.a(xfuncs.o)
                0x00000000004050ac                is_TERM_dumb
 .text.tcsetattr_stdin_TCSANOW
                0x0000000000405104       0x1c libbb/lib.a(xfuncs.o)
                0x0000000000405104                tcsetattr_stdin_TCSANOW
 .text.get_termios_and_make_raw
                0x0000000000405120      0x110 libbb/lib.a(xfuncs.o)
                0x0000000000405120                get_termios_and_make_raw
 .text.set_termios_to_raw
                0x0000000000405230       0x60 libbb/lib.a(xfuncs.o)
                0x0000000000405230                set_termios_to_raw
 .text.safe_waitpid
                0x0000000000405290       0x94 libbb/lib.a(xfuncs.o)
                0x0000000000405290                safe_waitpid
 .text.wait_any_nohang
                0x0000000000405324       0x10 libbb/lib.a(xfuncs.o)
                0x0000000000405324                wait_any_nohang
 .text.wait4pid
                0x0000000000405334       0x6c libbb/lib.a(xfuncs.o)
                0x0000000000405334                wait4pid
 .text.bb_die_memory_exhausted
                0x00000000004053a0       0x1c libbb/lib.a(xfuncs_printf.o)
                0x00000000004053a0                bb_die_memory_exhausted
 .text.malloc_or_warn
                0x00000000004053bc       0x5c libbb/lib.a(xfuncs_printf.o)
                0x00000000004053bc                malloc_or_warn
 .text.xmalloc  0x0000000000405418       0x48 libbb/lib.a(xfuncs_printf.o)
                0x0000000000405418                xmalloc
 .text.xrealloc
                0x0000000000405460       0x48 libbb/lib.a(xfuncs_printf.o)
                0x0000000000405460                xrealloc
 .text.xzalloc  0x00000000004054a8       0x48 libbb/lib.a(xfuncs_printf.o)
                0x00000000004054a8                xzalloc
 .text.xstrdup  0x00000000004054f0       0x44 libbb/lib.a(xfuncs_printf.o)
                0x00000000004054f0                xstrdup
 .text.xstrndup
                0x0000000000405534       0x38 libbb/lib.a(xfuncs_printf.o)
                0x0000000000405534                xstrndup
 .text.xmemdup  0x000000000040556c       0x54 libbb/lib.a(xfuncs_printf.o)
                0x000000000040556c                xmemdup
 .text.mmap_anon
                0x00000000004055c0       0x50 libbb/lib.a(xfuncs_printf.o)
                0x00000000004055c0                mmap_anon
 .text.xmmap_anon
                0x0000000000405610       0x2c libbb/lib.a(xfuncs_printf.o)
                0x0000000000405610                xmmap_anon
 .text.xfopen   0x000000000040563c       0x50 libbb/lib.a(xfuncs_printf.o)
                0x000000000040563c                xfopen
 .text.xopen3   0x000000000040568c       0x50 libbb/lib.a(xfuncs_printf.o)
                0x000000000040568c                xopen3
 .text.xopen    0x00000000004056dc        0x8 libbb/lib.a(xfuncs_printf.o)
                0x00000000004056dc                xopen
 .text.open3_or_warn
                0x00000000004056e4       0x58 libbb/lib.a(xfuncs_printf.o)
                0x00000000004056e4                open3_or_warn
 .text.open_or_warn
                0x000000000040573c        0x8 libbb/lib.a(xfuncs_printf.o)
                0x000000000040573c                open_or_warn
 .text.xopen_nonblocking
                0x0000000000405744        0x8 libbb/lib.a(xfuncs_printf.o)
                0x0000000000405744                xopen_nonblocking
 .text.xunlink  0x000000000040574c       0x50 libbb/lib.a(xfuncs_printf.o)
                0x000000000040574c                xunlink
 .text.xrename  0x000000000040579c       0x60 libbb/lib.a(xfuncs_printf.o)
                0x000000000040579c                xrename
 .text.xpipe    0x00000000004057fc       0x44 libbb/lib.a(xfuncs_printf.o)
                0x00000000004057fc                xpipe
 .text.xdup2    0x0000000000405840       0x4c libbb/lib.a(xfuncs_printf.o)
                0x0000000000405840                xdup2
 .text.xmove_fd
                0x000000000040588c       0x48 libbb/lib.a(xfuncs_printf.o)
                0x000000000040588c                xmove_fd
 .text.xwrite   0x00000000004058d4       0x64 libbb/lib.a(xfuncs_printf.o)
                0x00000000004058d4                xwrite
 .text.xwrite_str
                0x0000000000405938       0x4c libbb/lib.a(xfuncs_printf.o)
                0x0000000000405938                xwrite_str
 .text.xclose   0x0000000000405984       0x44 libbb/lib.a(xfuncs_printf.o)
                0x0000000000405984                xclose
 .text.xlseek   0x00000000004059c8       0x7c libbb/lib.a(xfuncs_printf.o)
                0x00000000004059c8                xlseek
 .text.xmkstemp
                0x0000000000405a44       0x50 libbb/lib.a(xfuncs_printf.o)
                0x0000000000405a44                xmkstemp
 .text.die_if_ferror
                0x0000000000405a94       0x30 libbb/lib.a(xfuncs_printf.o)
                0x0000000000405a94                die_if_ferror
 .text.die_if_ferror_stdout
                0x0000000000405ac4       0x1c libbb/lib.a(xfuncs_printf.o)
                0x0000000000405ac4                die_if_ferror_stdout
 .text.fflush_all
                0x0000000000405ae0       0x14 libbb/lib.a(xfuncs_printf.o)
                0x0000000000405ae0                fflush_all
 .text.bb_putchar
                0x0000000000405af4       0x44 libbb/lib.a(xfuncs_printf.o)
                0x0000000000405af4                bb_putchar
 .text.fputs_stdout
                0x0000000000405b38       0x18 libbb/lib.a(xfuncs_printf.o)
                0x0000000000405b38                fputs_stdout
 .text.xasprintf
                0x0000000000405b50       0x54 libbb/lib.a(xfuncs_printf.o)
                0x0000000000405b50                xasprintf
 .text.xsetenv  0x0000000000405ba4       0x38 libbb/lib.a(xfuncs_printf.o)
                0x0000000000405ba4                xsetenv
 .text.bb_unsetenv
                0x0000000000405bdc       0xac libbb/lib.a(xfuncs_printf.o)
                0x0000000000405bdc                bb_unsetenv
 .text.bb_unsetenv_and_free
                0x0000000000405c88       0x3c libbb/lib.a(xfuncs_printf.o)
                0x0000000000405c88                bb_unsetenv_and_free
 .text.xsetgid  0x0000000000405cc4       0x44 libbb/lib.a(xfuncs_printf.o)
                0x0000000000405cc4                xsetgid
 .text.xsetuid  0x0000000000405d08       0x44 libbb/lib.a(xfuncs_printf.o)
                0x0000000000405d08                xsetuid
 .text.xsetegid
                0x0000000000405d4c       0x44 libbb/lib.a(xfuncs_printf.o)
                0x0000000000405d4c                xsetegid
 .text.xseteuid
                0x0000000000405d90       0x44 libbb/lib.a(xfuncs_printf.o)
                0x0000000000405d90                xseteuid
 .text.xopen_as_uid_gid
                0x0000000000405dd4       0xa8 libbb/lib.a(xfuncs_printf.o)
                0x0000000000405dd4                xopen_as_uid_gid
 .text.xchdir   0x0000000000405e7c       0x50 libbb/lib.a(xfuncs_printf.o)
                0x0000000000405e7c                xchdir
 .text.xfchdir  0x0000000000405ecc       0x44 libbb/lib.a(xfuncs_printf.o)
                0x0000000000405ecc                xfchdir
 .text.xchroot  0x0000000000405f10       0x5c libbb/lib.a(xfuncs_printf.o)
                0x0000000000405f10                xchroot
 .text.warn_opendir
                0x0000000000405f6c       0x58 libbb/lib.a(xfuncs_printf.o)
                0x0000000000405f6c                warn_opendir
 .text.xopendir
                0x0000000000405fc4       0x50 libbb/lib.a(xfuncs_printf.o)
                0x0000000000405fc4                xopendir
 .text.xsocket  0x0000000000406014       0x44 libbb/lib.a(xfuncs_printf.o)
                0x0000000000406014                xsocket
 .text.xbind    0x0000000000406058       0x44 libbb/lib.a(xfuncs_printf.o)
                0x0000000000406058                xbind
 .text.xlisten  0x000000000040609c       0x44 libbb/lib.a(xfuncs_printf.o)
                0x000000000040609c                xlisten
 .text.xsendto  0x00000000004060e0       0x50 libbb/lib.a(xfuncs_printf.o)
                0x00000000004060e0                xsendto
 .text.xstat    0x0000000000406130       0x50 libbb/lib.a(xfuncs_printf.o)
                0x0000000000406130                xstat
 .text.xfstat   0x0000000000406180       0x48 libbb/lib.a(xfuncs_printf.o)
                0x0000000000406180                xfstat
 .text.ioctl_or_perror_and_die
                0x00000000004061c8       0x88 libbb/lib.a(xfuncs_printf.o)
                0x00000000004061c8                ioctl_or_perror_and_die
 .text.ioctl_or_perror
                0x0000000000406250       0x88 libbb/lib.a(xfuncs_printf.o)
                0x0000000000406250                ioctl_or_perror
 .text.bb_ioctl_or_warn
                0x00000000004062d8       0x50 libbb/lib.a(xfuncs_printf.o)
                0x00000000004062d8                bb_ioctl_or_warn
 .text.bb_xioctl
                0x0000000000406328       0x48 libbb/lib.a(xfuncs_printf.o)
                0x0000000000406328                bb_xioctl
 .text.xmalloc_ttyname
                0x0000000000406370       0x4c libbb/lib.a(xfuncs_printf.o)
                0x0000000000406370                xmalloc_ttyname
 .text.xfork    0x00000000004063bc       0x44 libbb/lib.a(xfuncs_printf.o)
                0x00000000004063bc                xfork
 .text.xsettimeofday
                0x0000000000406400       0x44 libbb/lib.a(xfuncs_printf.o)
                0x0000000000406400                xsettimeofday
 .text.xgettimeofday
                0x0000000000406444       0x14 libbb/lib.a(xfuncs_printf.o)
                0x0000000000406444                xgettimeofday
 .text.bb_full_fd_action
                0x0000000000406458      0x23c libbb/lib.a(copyfd.o)
 .text.bb_copyfd_size
                0x0000000000406694       0x20 libbb/lib.a(copyfd.o)
                0x0000000000406694                bb_copyfd_size
 .text.bb_copyfd_exact_size
                0x00000000004066b4       0x88 libbb/lib.a(copyfd.o)
                0x00000000004066b4                bb_copyfd_exact_size
 .text.bb_copyfd_eof
                0x000000000040673c        0xc libbb/lib.a(copyfd.o)
                0x000000000040673c                bb_copyfd_eof
 .text.full_write
                0x0000000000406748       0x88 libbb/lib.a(full_write.o)
                0x0000000000406748                full_write
 .text.bb_perror_msg
                0x00000000004067d0       0x84 libbb/lib.a(perror_msg.o)
                0x00000000004067d0                bb_perror_msg
 .text.bb_perror_msg_and_die
                0x0000000000406854       0x80 libbb/lib.a(perror_msg.o)
                0x0000000000406854                bb_perror_msg_and_die
 .text.bb_simple_perror_msg
                0x00000000004068d4       0x10 libbb/lib.a(perror_msg.o)
                0x00000000004068d4                bb_simple_perror_msg
 .text.bb_simple_perror_msg_and_die
                0x00000000004068e4       0x18 libbb/lib.a(perror_msg.o)
                0x00000000004068e4                bb_simple_perror_msg_and_die
 .text.safe_read
                0x00000000004068fc       0x90 libbb/lib.a(read.o)
                0x00000000004068fc                safe_read
 .text.full_read
                0x000000000040698c       0x7c libbb/lib.a(read.o)
                0x000000000040698c                full_read
 .text.read_close
                0x0000000000406a08       0x50 libbb/lib.a(read.o)
                0x0000000000406a08                read_close
 .text.open_read_close
                0x0000000000406a58       0x60 libbb/lib.a(read.o)
                0x0000000000406a58                open_read_close
 .text.safe_write
                0x0000000000406ab8       0x90 libbb/lib.a(safe_write.o)
                0x0000000000406ab8                safe_write
 .text.record_signo
                0x0000000000406b48        0xc libbb/lib.a(signals.o)
                0x0000000000406b48                record_signo
 .text.sigaction_set
                0x0000000000406b54       0x14 libbb/lib.a(signals.o)
                0x0000000000406b54                sigaction_set
 .text.sigprocmask_allsigs
                0x0000000000406b68       0x44 libbb/lib.a(signals.o)
                0x0000000000406b68                sigprocmask_allsigs
 .text.sigprocmask2
                0x0000000000406bac       0x14 libbb/lib.a(signals.o)
                0x0000000000406bac                sigprocmask2
 .text.bb_signals
                0x0000000000406bc0       0x80 libbb/lib.a(signals.o)
                0x0000000000406bc0                bb_signals
 .text.bb_signals_norestart
                0x0000000000406c40       0x88 libbb/lib.a(signals.o)
                0x0000000000406c40                bb_signals_norestart
 .text.sig_unblock
                0x0000000000406cc8       0x64 libbb/lib.a(signals.o)
                0x0000000000406cc8                sig_unblock
 .text.kill_myself_with_sig
                0x0000000000406d2c       0x50 libbb/lib.a(signals.o)
                0x0000000000406d2c                kill_myself_with_sig
 .text.signal_SA_RESTART_empty_mask
                0x0000000000406d7c       0x3c libbb/lib.a(signals.o)
                0x0000000000406d7c                signal_SA_RESTART_empty_mask
 .text.signal_no_SA_RESTART_empty_mask
                0x0000000000406db8       0x38 libbb/lib.a(signals.o)
                0x0000000000406db8                signal_no_SA_RESTART_empty_mask
 .text.get_mono
                0x0000000000406df0       0x48 libbb/lib.a(time.o)
 .text.parse_datestr
                0x0000000000406e38      0x5b8 libbb/lib.a(time.o)
                0x0000000000406e38                parse_datestr
 .text.validate_tm_time
                0x00000000004073f0       0x58 libbb/lib.a(time.o)
                0x00000000004073f0                validate_tm_time
 .text.strftime_HHMMSS
                0x0000000000407448       0x94 libbb/lib.a(time.o)
                0x0000000000407448                strftime_HHMMSS
 .text.strftime_YYYYMMDDHHMMSS
                0x00000000004074dc       0x94 libbb/lib.a(time.o)
                0x00000000004074dc                strftime_YYYYMMDDHHMMSS
 .text.monotonic_us
                0x0000000000407570       0x58 libbb/lib.a(time.o)
                0x0000000000407570                monotonic_us
 .text.monotonic_ms
                0x00000000004075c8       0x58 libbb/lib.a(time.o)
                0x00000000004075c8                monotonic_ms
 .text.monotonic_sec
                0x0000000000407620       0x20 libbb/lib.a(time.o)
                0x0000000000407620                monotonic_sec
 .text.handle_errors.isra.0
                0x0000000000407640       0x68 libbb/lib.a(bb_strtonum.o)
 .text.bb_strtoull
                0x00000000004076a8       0xac libbb/lib.a(bb_strtonum.o)
                0x00000000004076a8                bb_strtoull
 .text.bb_strtoll
                0x0000000000407754       0xac libbb/lib.a(bb_strtonum.o)
                0x0000000000407754                bb_strtoll
 .text.bb_strtoul
                0x0000000000407800       0xa8 libbb/lib.a(bb_strtonum.o)
                0x0000000000407800                bb_strtoul
 .text.bb_strtol
                0x00000000004078a8       0xa8 libbb/lib.a(bb_strtonum.o)
                0x00000000004078a8                bb_strtol
 .text.addgroup_main
                0x0000000000407950      0x2dc loginutils/lib.a(addgroup.o)
                0x0000000000407950                addgroup_main
 .text.addgroup_wrapper
                0x0000000000407c2c       0x98 loginutils/lib.a(adduser.o)
 .text.adduser_main
                0x0000000000407cc4      0x538 loginutils/lib.a(adduser.o)
                0x0000000000407cc4                adduser_main
 .text.chpasswd_main
                0x00000000004081fc      0x27c loginutils/lib.a(chpasswd.o)
                0x00000000004081fc                chpasswd_main
 .text.alarm_handler
                0x0000000000408478       0x8c loginutils/lib.a(login.o)
 .text.login_main
                0x0000000000408504      0x56c loginutils/lib.a(login.o)
                0x0000000000408504                login_main
 .text.passwd_main
                0x0000000000408a70      0x5a4 loginutils/lib.a(passwd.o)
                0x0000000000408a70                passwd_main
 .text.smtp_checkp
                0x0000000000409014      0x17c mailutils/lib.a(sendmail.o)
 .text.rcptto   0x0000000000409190       0x6c mailutils/lib.a(sendmail.o)
 .text.smtp_check
                0x00000000004091fc        0xc mailutils/lib.a(sendmail.o)
 .text.sane_address
                0x0000000000409208       0xb8 mailutils/lib.a(sendmail.o)
 .text.angle_address
                0x00000000004092c0       0x7c mailutils/lib.a(sendmail.o)
 .text.rcptto_list
                0x000000000040933c      0x100 mailutils/lib.a(sendmail.o)
 .text.sendmail_main
                0x000000000040943c      0x830 mailutils/lib.a(sendmail.o)
                0x000000000040943c                sendmail_main
 .text.signal_handler
                0x0000000000409c6c       0xb0 mailutils/lib.a(mail.o)
 .text.encode_n_base64
                0x0000000000409d1c      0x1bc mailutils/lib.a(mail.o)
 .text.launch_helper
                0x0000000000409ed8      0x16c mailutils/lib.a(mail.o)
                0x0000000000409ed8                launch_helper
 .text.send_r_n
                0x000000000040a044       0x68 mailutils/lib.a(mail.o)
                0x000000000040a044                send_r_n
 .text.send_mail_command
                0x000000000040a0ac       0x80 mailutils/lib.a(mail.o)
                0x000000000040a0ac                send_mail_command
 .text.printstr_base64
                0x000000000040a12c       0x44 mailutils/lib.a(mail.o)
                0x000000000040a12c                printstr_base64
 .text.printbuf_base64
                0x000000000040a170       0x10 mailutils/lib.a(mail.o)
                0x000000000040a170                printbuf_base64
 .text.get_cred_or_die
                0x000000000040a180       0xf4 mailutils/lib.a(mail.o)
                0x000000000040a180                get_cred_or_die
 .text.log8     0x000000000040a274       0x58 miscutils/lib.a(crond.o)
 .text.reopen_logfile_to_stderr
                0x000000000040a2cc       0x64 miscutils/lib.a(crond.o)
 .text.delete_cronfile
                0x000000000040a330      0x110 miscutils/lib.a(crond.o)
 .text.ParseField
                0x000000000040a440      0x2bc miscutils/lib.a(crond.o)
 .text.safe_setenv
                0x000000000040a6fc       0x74 miscutils/lib.a(crond.o)
 .text.log7.constprop.1
                0x000000000040a770       0x5c miscutils/lib.a(crond.o)
 .text.log5     0x000000000040a7cc       0x58 miscutils/lib.a(crond.o)
 .text.load_crontab
                0x000000000040a824      0x488 miscutils/lib.a(crond.o)
 .text.rescan_crontab_dir
                0x000000000040acac      0x104 miscutils/lib.a(crond.o)
 .text.process_cron_update_file
                0x000000000040adb0       0xbc miscutils/lib.a(crond.o)
 .text.fork_job
                0x000000000040ae6c      0x2ac miscutils/lib.a(crond.o)
 .text.start_one_job
                0x000000000040b118      0x1ac miscutils/lib.a(crond.o)
 .text.process_finished_job
                0x000000000040b2c4      0x144 miscutils/lib.a(crond.o)
 .text.crond_main
                0x000000000040b408      0x528 miscutils/lib.a(crond.o)
                0x000000000040b408                crond_main
 .text.edit_file
                0x000000000040b930      0x100 miscutils/lib.a(crontab.o)
 .text.crontab_main
                0x000000000040ba30      0x420 miscutils/lib.a(crontab.o)
                0x000000000040ba30                crontab_main
 .text.microcom_main
                0x000000000040be50      0x45c miscutils/lib.a(microcom.o)
                0x000000000040be50                microcom_main
 .text.strings_main
                0x000000000040c2ac      0x2e8 miscutils/lib.a(strings.o)
                0x000000000040c2ac                strings_main
 .text.ptok     0x000000000040c594       0x38 miscutils/lib.a(time.o)
 .text.run_command
                0x000000000040c5cc      0x194 miscutils/lib.a(time.o)
 .text.time_main
                0x000000000040c760      0x5f4 miscutils/lib.a(time.o)
                0x000000000040c760                time_main
 .text.insmod_main
                0x000000000040cd54      0x1f8 modutils/lib.a(insmod.o)
                0x000000000040cd54                insmod_main
 .text.lsmod_main
                0x000000000040cf4c      0x1a0 modutils/lib.a(lsmod.o)
                0x000000000040cf4c                lsmod_main
 .text.read_config
                0x000000000040d0ec       0x34 modutils/lib.a(modprobe.o)
 .text.gather_options_str
                0x000000000040d120       0xc8 modutils/lib.a(modprobe.o)
 .text.get_or_add_modentry
                0x000000000040d1e8       0x1c modutils/lib.a(modprobe.o)
 .text.add_probe
                0x000000000040d204       0x78 modutils/lib.a(modprobe.o)
 .text.config_file_action
                0x000000000040d27c      0x2a8 modutils/lib.a(modprobe.o)
 .text.do_modprobe
                0x000000000040d524      0x3f8 modutils/lib.a(modprobe.o)
 .text.modprobe_main
                0x000000000040d91c      0x604 modutils/lib.a(modprobe.o)
                0x000000000040d91c                modprobe_main
 .text.replace  0x000000000040df20       0x24 modutils/lib.a(modutils.o)
                0x000000000040df20                replace
 .text.string_to_llist
                0x000000000040df44       0xd0 modutils/lib.a(modutils.o)
                0x000000000040df44                string_to_llist
 .text.filename2modname
                0x000000000040e014       0x90 modutils/lib.a(modutils.o)
                0x000000000040e014                filename2modname
 .text.helper_get_module
                0x000000000040e0a4       0xf0 modutils/lib.a(modutils.o)
 .text.moddb_get
                0x000000000040e194        0x8 modutils/lib.a(modutils.o)
                0x000000000040e194                moddb_get
 .text.moddb_get_or_create
                0x000000000040e19c        0x8 modutils/lib.a(modutils.o)
                0x000000000040e19c                moddb_get_or_create
 .text.parse_cmdline_module_options
                0x000000000040e1a4      0x148 modutils/lib.a(modutils.o)
                0x000000000040e1a4                parse_cmdline_module_options
 .text.bb_init_module
                0x000000000040e2ec       0xc8 modutils/lib.a(modutils.o)
                0x000000000040e2ec                bb_init_module
 .text.bb_delete_module
                0x000000000040e3b4       0x4c modutils/lib.a(modutils.o)
                0x000000000040e3b4                bb_delete_module
 .text.moderror
                0x000000000040e400       0x8c modutils/lib.a(modutils.o)
                0x000000000040e400                moderror
 .text.rmmod_main
                0x000000000040e48c      0x160 modutils/lib.a(rmmod.o)
                0x000000000040e48c                rmmod_main
 .text.arp_getdevhw
                0x000000000040e5ec       0xc8 networking/lib.a(arp.o)
 .text.arp_show
                0x000000000040e6b4      0x400 networking/lib.a(arp.o)
 .text.arp_main
                0x000000000040eab4      0x72c networking/lib.a(arp.o)
                0x000000000040eab4                arp_main
 .text.finish   0x000000000040f1e0       0xac networking/lib.a(arping.o)
 .text.send_pack
                0x000000000040f28c      0x180 networking/lib.a(arping.o)
 .text.catcher  0x000000000040f40c       0xec networking/lib.a(arping.o)
 .text.arping_main
                0x000000000040f4f8      0x960 networking/lib.a(arping.o)
                0x000000000040f4f8                arping_main
 .text.read_file
                0x000000000040fe58       0x74 networking/lib.a(brctl.o)
 .text.show_bridge
                0x000000000040fecc      0x23c networking/lib.a(brctl.o)
 .text.compare_fdbs
                0x0000000000410108       0x14 networking/lib.a(brctl.o)
 .text.printf_xstrtou
                0x000000000041011c       0x50 networking/lib.a(brctl.o)
 .text.show_bridge_timer
                0x000000000041016c       0xb8 networking/lib.a(brctl.o)
 .text.show_bridge_port
                0x0000000000410224      0x3f0 networking/lib.a(brctl.o)
 .text.write_uint
                0x0000000000410614       0xc0 networking/lib.a(brctl.o)
 .text.brctl_main
                0x00000000004106d4      0x968 networking/lib.a(brctl.o)
                0x00000000004106d4                brctl_main
 .text.ether_wake_main
                0x000000000041103c      0x3a4 networking/lib.a(ether-wake.o)
                0x000000000041103c                ether_wake_main
 .text.do_sethostname
                0x00000000004113e0       0xe0 networking/lib.a(hostname.o)
 .text.hostname_main
                0x00000000004114c0      0x208 networking/lib.a(hostname.o)
                0x00000000004114c0                hostname_main
 .text.ifconfig_main
                0x00000000004116c8      0x614 networking/lib.a(ifconfig.o)
                0x00000000004116c8                ifconfig_main
 .text.remove_fd_from_set
                0x0000000000411cdc       0x50 networking/lib.a(inetd.o)
 .text.init_ring
                0x0000000000411d2c       0x4c networking/lib.a(inetd.o)
 .text.discard_dg
                0x0000000000411d78       0x20 networking/lib.a(inetd.o)
 .text.maybe_close
                0x0000000000411d98       0x20 networking/lib.a(inetd.o)
 .text.free_servtab_strings
                0x0000000000411db8       0xc4 networking/lib.a(inetd.o)
 .text.bump_nofile
                0x0000000000411e7c      0x13c networking/lib.a(inetd.o)
 .text.add_fd_to_set
                0x0000000000411fb8       0xb0 networking/lib.a(inetd.o)
 .text.clean_up_and_exit
                0x0000000000412068       0x88 networking/lib.a(inetd.o)
 .text.reap_child
                0x00000000004120f0      0x124 networking/lib.a(inetd.o)
 .text.daytime_dg
                0x0000000000412214      0x114 networking/lib.a(inetd.o)
 .text.daytime_stream
                0x0000000000412328       0x70 networking/lib.a(inetd.o)
 .text.machtime
                0x0000000000412398       0x3c networking/lib.a(inetd.o)
 .text.machtime_dg
                0x00000000004123d4       0xcc networking/lib.a(inetd.o)
 .text.machtime_stream
                0x00000000004124a0       0x38 networking/lib.a(inetd.o)
 .text.discard_stream
                0x00000000004124d8       0x64 networking/lib.a(inetd.o)
 .text.echo_stream
                0x000000000041253c       0x90 networking/lib.a(inetd.o)
 .text.echo_dg  0x00000000004125cc       0xf0 networking/lib.a(inetd.o)
 .text.xzalloc_lsa
                0x00000000004126bc       0x64 networking/lib.a(inetd.o)
 .text.block_CHLD_HUP_ALRM
                0x0000000000412720       0x84 networking/lib.a(inetd.o)
 .text.rearm_alarm
                0x00000000004127a4       0x30 networking/lib.a(inetd.o)
 .text.prepare_socket_fd
                0x00000000004127d4      0x140 networking/lib.a(inetd.o)
 .text.retry_network_setup
                0x0000000000412914       0x84 networking/lib.a(inetd.o)
 .text.restore_sigmask
                0x0000000000412998       0x1c networking/lib.a(inetd.o)
 .text.chargen_dg
                0x00000000004129b4      0x194 networking/lib.a(inetd.o)
 .text.chargen_stream
                0x0000000000412b48       0xf0 networking/lib.a(inetd.o)
 .text.parse_one_line
                0x0000000000412c38      0x66c networking/lib.a(inetd.o)
 .text.reread_config_file
                0x00000000004132a4      0x544 networking/lib.a(inetd.o)
 .text.inetd_main
                0x00000000004137e8      0xb8c networking/lib.a(inetd.o)
                0x00000000004137e8                inetd_main
 .text.UNSPEC_print
                0x0000000000414374       0xb0 networking/lib.a(interface.o)
 .text.UNSPEC_sprint
                0x0000000000414424       0x2c networking/lib.a(interface.o)
 .text.INET6_input
                0x0000000000414450       0x10 networking/lib.a(interface.o)
 .text.INET6_sprint
                0x0000000000414460       0x54 networking/lib.a(interface.o)
 .text.INET_input
                0x00000000004144b4       0x10 networking/lib.a(interface.o)
 .text.INET_sprint
                0x00000000004144c4       0x54 networking/lib.a(interface.o)
 .text.ether_print
                0x0000000000414518       0x58 networking/lib.a(interface.o)
 .text.add_interface
                0x0000000000414570       0xd0 networking/lib.a(interface.o)
 .text.if_readlist_proc
                0x0000000000414640      0x2e4 networking/lib.a(interface.o)
 .text.do_if_fetch
                0x0000000000414924      0x398 networking/lib.a(interface.o)
 .text.print_bytes_scaled
                0x0000000000414cbc       0xa0 networking/lib.a(interface.o)
 .text.ife_print6
                0x0000000000414d5c      0x2c0 networking/lib.a(interface.o)
 .text.get_aftype
                0x000000000041501c       0x70 networking/lib.a(interface.o)
                0x000000000041501c                get_aftype
 .text.get_hwtype
                0x000000000041508c       0x70 networking/lib.a(interface.o)
                0x000000000041508c                get_hwtype
 .text.get_hwntype
                0x00000000004150fc       0x2c networking/lib.a(interface.o)
                0x00000000004150fc                get_hwntype
 .text.ife_print
                0x0000000000415128      0x578 networking/lib.a(interface.o)
 .text.display_interfaces
                0x00000000004156a0      0x1e8 networking/lib.a(interface.o)
                0x00000000004156a0                display_interfaces
 .text.unix_do_one
                0x0000000000415888      0x3a8 networking/lib.a(netstat.o)
 .text.build_ipv6_addr
                0x0000000000415c30       0xa8 networking/lib.a(netstat.o)
 .text.ip_port_str
                0x0000000000415cd8      0x118 networking/lib.a(netstat.o)
 .text.dir_act  0x0000000000415df0      0x148 networking/lib.a(netstat.o)
 .text.add_to_prg_cache_if_socket
                0x0000000000415f38      0x194 networking/lib.a(netstat.o)
 .text.do_info  0x00000000004160cc      0x144 networking/lib.a(netstat.o)
 .text.scan_inet_proc_line
                0x0000000000416210      0x124 networking/lib.a(netstat.o)
 .text.print_inet_line
                0x0000000000416334      0x198 networking/lib.a(netstat.o)
 .text.raw_do_one
                0x00000000004164cc       0xb8 networking/lib.a(netstat.o)
 .text.udp_do_one
                0x0000000000416584       0xf0 networking/lib.a(netstat.o)
 .text.tcp_do_one
                0x0000000000416674       0x98 networking/lib.a(netstat.o)
 .text.netstat_main
                0x000000000041670c      0x374 networking/lib.a(netstat.o)
                0x000000000041670c                netstat_main
 .text.set_default_dns
                0x0000000000416a80       0xac networking/lib.a(nslookup.o)
 .text.print_host
                0x0000000000416b2c      0x178 networking/lib.a(nslookup.o)
 .text.nslookup_main
                0x0000000000416ca4       0xcc networking/lib.a(nslookup.o)
                0x0000000000416ca4                nslookup_main
 .text.my_SQRT  0x0000000000416d70       0x4c networking/lib.a(ntpd.o)
 .text.filter_datapoints
                0x0000000000416dbc       0xf8 networking/lib.a(ntpd.o)
 .text.reset_peer_stats
                0x0000000000416eb4       0xb8 networking/lib.a(ntpd.o)
 .text.clamp_pollexp_and_set_MAXSTRAT
                0x0000000000416f6c       0x40 networking/lib.a(ntpd.o)
 .text.compare_point_edge
                0x0000000000416fac       0x28 networking/lib.a(ntpd.o)
 .text.compare_survivor_metric
                0x0000000000416fd4       0x28 networking/lib.a(ntpd.o)
 .text.adjust_poll
                0x0000000000416ffc       0xb8 networking/lib.a(ntpd.o)
 .text.poll_interval
                0x00000000004170b4       0x64 networking/lib.a(ntpd.o)
 .text.resolve_peer_hostname
                0x0000000000417118      0x104 networking/lib.a(ntpd.o)
 .text.lfp_to_d
                0x000000000041721c       0x5c networking/lib.a(ntpd.o)
 .text.sfp_to_d
                0x0000000000417278       0x3c networking/lib.a(ntpd.o)
 .text.select_and_cluster
                0x00000000004172b4      0x5e8 networking/lib.a(ntpd.o)
 .text.gettime1900d
                0x000000000041789c       0x58 networking/lib.a(ntpd.o)
 .text.ntp_init
                0x00000000004178f4      0x32c networking/lib.a(ntpd.o)
 .text.run_script
                0x0000000000417c20      0x24c networking/lib.a(ntpd.o)
 .text.set_next.isra.0
                0x0000000000417e6c       0x30 networking/lib.a(ntpd.o)
 .text.step_time
                0x0000000000417e9c      0x1e4 networking/lib.a(ntpd.o)
 .text.update_local_clock
                0x0000000000418080      0x418 networking/lib.a(ntpd.o)
 .text.recv_and_process_peer_pkt
                0x0000000000418498      0x520 networking/lib.a(ntpd.o)
 .text.ntpd_main
                0x00000000004189b8      0x60c networking/lib.a(ntpd.o)
                0x00000000004189b8                ntpd_main
 .text.unpack_tail
                0x0000000000418fc4      0x1e0 networking/lib.a(ping.o)
 .text.print_stats_and_exit
                0x00000000004191a4      0x198 networking/lib.a(ping.o)
 .text.sendping_tail.constprop.1
                0x000000000041933c      0x1bc networking/lib.a(ping.o)
 .text.sendping4
                0x00000000004194f8       0xcc networking/lib.a(ping.o)
 .text.sendping6
                0x00000000004195c4       0xa8 networking/lib.a(ping.o)
 .text.ping6    0x000000000041966c      0x498 networking/lib.a(ping.o)
 .text.common_ping_main
                0x0000000000419b04      0x778 networking/lib.a(ping.o)
 .text.ping_main
                0x000000000041a27c       0x10 networking/lib.a(ping.o)
                0x000000000041a27c                ping_main
 .text.ping6_main
                0x000000000041a28c       0x10 networking/lib.a(ping.o)
                0x000000000041a28c                ping6_main
 .text.set_flags
                0x000000000041a29c       0x40 networking/lib.a(route.o)
 .text.INET6_displayroutes
                0x000000000041a2dc      0x314 networking/lib.a(route.o)
 .text.kw_lookup
                0x000000000041a5f0       0xd8 networking/lib.a(route.o)
 .text.INET6_setroute
                0x000000000041a6c8      0x344 networking/lib.a(route.o)
 .text.INET_setroute
                0x000000000041aa0c      0x4cc networking/lib.a(route.o)
 .text.bb_displayroutes
                0x000000000041aed8      0x2c8 networking/lib.a(route.o)
                0x000000000041aed8                bb_displayroutes
 .text.route_main
                0x000000000041b1a0      0x1d0 networking/lib.a(route.o)
                0x000000000041b1a0                route_main
 .text.handle_sigchld
                0x000000000041b370       0x9c networking/lib.a(telnetd.o)
 .text.make_new_session
                0x000000000041b40c      0x2ec networking/lib.a(telnetd.o)
 .text.free_session
                0x000000000041b6f8      0x10c networking/lib.a(telnetd.o)
 .text.telnetd_main
                0x000000000041b804      0x9e0 networking/lib.a(telnetd.o)
                0x000000000041b804                telnetd_main
 .text.traceroute_init
                0x000000000041c1e4      0x6d4 networking/lib.a(traceroute.o)
 .text.hexdump_if_verbose
                0x000000000041c8b8      0x1d8 networking/lib.a(traceroute.o)
 .text.common_traceroute_main
                0x000000000041ca90      0xa3c networking/lib.a(traceroute.o)
 .text.traceroute_main
                0x000000000041d4cc        0x8 networking/lib.a(traceroute.o)
                0x000000000041d4cc                traceroute_main
 .text.traceroute6_main
                0x000000000041d4d4        0x8 networking/lib.a(traceroute.o)
                0x000000000041d4d4                traceroute6_main
 .text.xfind_str
                0x000000000041d4dc       0x74 networking/lib.a(vconfig.o)
 .text.vconfig_main
                0x000000000041d550      0x1a0 networking/lib.a(vconfig.o)
                0x000000000041d550                vconfig_main
 .text.alarm_handler
                0x000000000041d6f0       0x34 networking/lib.a(wget.o)
 .text.is_ip_address
                0x000000000041d724       0x64 networking/lib.a(wget.o)
 .text.spawn_https_helper_openssl
                0x000000000041d788      0x2bc networking/lib.a(wget.o)
 .text.set_alarm
                0x000000000041da44       0x4c networking/lib.a(wget.o)
 .text.base64enc
                0x000000000041da90       0x70 networking/lib.a(wget.o)
 .text.fgets_trim_sanitize
                0x000000000041db00      0x114 networking/lib.a(wget.o)
 .text.parse_url
                0x000000000041dc14      0x218 networking/lib.a(wget.o)
 .text.get_sanitized_hdr
                0x000000000041de2c      0x144 networking/lib.a(wget.o)
 .text.progress_meter
                0x000000000041df70      0x138 networking/lib.a(wget.o)
 .text.retrieve_file_data
                0x000000000041e0a8      0x420 networking/lib.a(wget.o)
 .text.wget_main
                0x000000000041e4c8      0xdbc networking/lib.a(wget.o)
                0x000000000041e4c8                wget_main
 .text.send_arp_request
                0x000000000041f284       0xfc networking/lib.a(zcip.o)
 .text.run      0x000000000041f380      0x140 networking/lib.a(zcip.o)
 .text.zcip_main
                0x000000000041f4c0      0x6fc networking/lib.a(zcip.o)
                0x000000000041f4c0                zcip_main
 .text.dhcp6_remove_evdata
                0x000000000041fbbc       0x64 networking/udhcp/lib.a(dhcp6c.o)
 .text.dhcp6_create_event
                0x000000000041fc20       0xac networking/udhcp/lib.a(dhcp6c.o)
                0x000000000041fc20                dhcp6_create_event
 .text.dhcp6_remove_event
                0x000000000041fccc      0x16c networking/udhcp/lib.a(dhcp6c.o)
                0x000000000041fccc                dhcp6_remove_event
 .text.check_exit
                0x000000000041fe38       0xcc networking/udhcp/lib.a(dhcp6c.o)
 .text.construct_reqdata.isra.2
                0x000000000041ff04      0x1bc networking/udhcp/lib.a(dhcp6c.o)
 .text.client6_start
                0x00000000004200c0       0x58 networking/udhcp/lib.a(dhcp6c.o)
                0x00000000004200c0                client6_start
 .text.client6_expire_refreshtime
                0x0000000000420118       0x60 networking/udhcp/lib.a(dhcp6c.o)
 .text.client6_send
                0x0000000000420178      0x364 networking/udhcp/lib.a(dhcp6c.o)
                0x0000000000420178                client6_send
 .text.client6_timo
                0x00000000004204dc      0x358 networking/udhcp/lib.a(dhcp6c.o)
 .text.client6_recv
                0x0000000000420834      0x93c networking/udhcp/lib.a(dhcp6c.o)
 .text.client6_mainloop
                0x0000000000421170      0x238 networking/udhcp/lib.a(dhcp6c.o)
 .text.dhcp6c_main
                0x00000000004213a8      0x368 networking/udhcp/lib.a(dhcp6c.o)
                0x00000000004213a8                dhcp6c_main
 .text.copyout_option
                0x0000000000421710      0x27c networking/udhcp/lib.a(dhcp6c_common.o)
 .text.dhcp6_find_listval
                0x000000000042198c      0x1e8 networking/udhcp/lib.a(dhcp6c_common.o)
                0x000000000042198c                dhcp6_find_listval
 .text.dhcp6_vbuf_copy
                0x0000000000421b74       0x50 networking/udhcp/lib.a(dhcp6c_common.o)
                0x0000000000421b74                dhcp6_vbuf_copy
 .text.dhcp6_vbuf_free
                0x0000000000421bc4       0x44 networking/udhcp/lib.a(dhcp6c_common.o)
                0x0000000000421bc4                dhcp6_vbuf_free
 .text.dhcp6_clear_listval
                0x0000000000421c08       0x58 networking/udhcp/lib.a(dhcp6c_common.o)
                0x0000000000421c08                dhcp6_clear_listval
 .text.dhcp6_clear_list
                0x0000000000421c60       0x54 networking/udhcp/lib.a(dhcp6c_common.o)
                0x0000000000421c60                dhcp6_clear_list
 .text.dhcp6_timer_add
                0x0000000000421cb4       0xb8 networking/udhcp/lib.a(dhcp6c_common.o)
                0x0000000000421cb4                dhcp6_timer_add
 .text.dhcp6_timer_remove
                0x0000000000421d6c       0x58 networking/udhcp/lib.a(dhcp6c_common.o)
                0x0000000000421d6c                dhcp6_timer_remove
 .text.dhcp6_timer_set
                0x0000000000421dc4       0xa8 networking/udhcp/lib.a(dhcp6c_common.o)
                0x0000000000421dc4                dhcp6_timer_set
 .text.dhcp6_timer_check
                0x0000000000421e6c      0x1c0 networking/udhcp/lib.a(dhcp6c_common.o)
                0x0000000000421e6c                dhcp6_timer_check
 .text.dhcp6_timer_rest
                0x000000000042202c       0x58 networking/udhcp/lib.a(dhcp6c_common.o)
                0x000000000042202c                dhcp6_timer_rest
 .text.prefix6_mask
                0x0000000000422084       0xd8 networking/udhcp/lib.a(dhcp6c_common.o)
                0x0000000000422084                prefix6_mask
 .text.dhcp6_init_options
                0x000000000042215c       0x8c networking/udhcp/lib.a(dhcp6c_common.o)
                0x000000000042215c                dhcp6_init_options
 .text.dhcp6_clear_options
                0x00000000004221e8       0x78 networking/udhcp/lib.a(dhcp6c_common.o)
                0x00000000004221e8                dhcp6_clear_options
 .text.dhcp6_set_timeoparam
                0x0000000000422260       0xbc networking/udhcp/lib.a(dhcp6c_common.o)
                0x0000000000422260                dhcp6_set_timeoparam
 .text.dhcp6optstr
                0x000000000042231c       0x60 networking/udhcp/lib.a(dhcp6c_common.o)
                0x000000000042231c                dhcp6optstr
 .text.dhcp6_add_listval
                0x000000000042237c      0x194 networking/udhcp/lib.a(dhcp6c_common.o)
                0x000000000042237c                dhcp6_add_listval
 .text.dhcp6_copy_list
                0x0000000000422510       0x60 networking/udhcp/lib.a(dhcp6c_common.o)
                0x0000000000422510                dhcp6_copy_list
 .text.dhcp6_copy_options
                0x0000000000422570      0x120 networking/udhcp/lib.a(dhcp6c_common.o)
                0x0000000000422570                dhcp6_copy_options
 .text.copyin_option
                0x0000000000422690      0x434 networking/udhcp/lib.a(dhcp6c_common.o)
 .text.dhcp6_get_options
                0x0000000000422ac4      0x594 networking/udhcp/lib.a(dhcp6c_common.o)
                0x0000000000422ac4                dhcp6_get_options
 .text.dhcp6_set_iaoptions.isra.0
                0x0000000000423058       0xc4 networking/udhcp/lib.a(dhcp6c_common.o)
 .text.copy_option
                0x000000000042311c      0x104 networking/udhcp/lib.a(dhcp6c_common.o)
 .text.dhcp6msgstr
                0x0000000000423220       0x58 networking/udhcp/lib.a(dhcp6c_common.o)
                0x0000000000423220                dhcp6msgstr
 .text.dhcp6_set_options
                0x0000000000423278      0x3bc networking/udhcp/lib.a(dhcp6c_common.o)
                0x0000000000423278                dhcp6_set_options
 .text.dhcp6stcodestr
                0x0000000000423634       0x58 networking/udhcp/lib.a(dhcp6c_common.o)
                0x0000000000423634                dhcp6stcodestr
 .text.duidstr  0x000000000042368c       0xec networking/udhcp/lib.a(dhcp6c_common.o)
                0x000000000042368c                duidstr
 .text.get_duid
                0x0000000000423778      0x47c networking/udhcp/lib.a(dhcp6c_common.o)
                0x0000000000423778                get_duid
 .text.dhcp6_event_statestr
                0x0000000000423bf4       0x8c networking/udhcp/lib.a(dhcp6c_common.o)
                0x0000000000423bf4                dhcp6_event_statestr
 .text.dhcp6_reset_timer
                0x0000000000423c80      0x1b0 networking/udhcp/lib.a(dhcp6c_common.o)
                0x0000000000423c80                dhcp6_reset_timer
 .text.add_cfparam
                0x0000000000423e30       0x44 networking/udhcp/lib.a(dhcp6c_config.o)
 .text.cleanup_cflist
                0x0000000000423e74       0x78 networking/udhcp/lib.a(dhcp6c_config.o)
 .text.clear_iaconf
                0x0000000000423eec      0x118 networking/udhcp/lib.a(dhcp6c_config.o)
 .text.create_prefiff
                0x0000000000424004       0x90 networking/udhcp/lib.a(dhcp6c_config.o)
 .text.add_cflevel0
                0x0000000000424094      0x150 networking/udhcp/lib.a(dhcp6c_config.o)
 .text.create_assoc
                0x00000000004241e4       0xe4 networking/udhcp/lib.a(dhcp6c_config.o)
 .text.create_iface
                0x00000000004242c8       0x44 networking/udhcp/lib.a(dhcp6c_config.o)
 .text.parse_assoc
                0x000000000042430c      0x198 networking/udhcp/lib.a(dhcp6c_config.o)
 .text.add_prefix6
                0x00000000004244a4      0x27c networking/udhcp/lib.a(dhcp6c_config.o)
 .text.parse_prefiff
                0x0000000000424720      0x104 networking/udhcp/lib.a(dhcp6c_config.o)
 .text.parse_iface
                0x0000000000424824      0x288 networking/udhcp/lib.a(dhcp6c_config.o)
 .text.clear_ifconf
                0x0000000000424aac       0x98 networking/udhcp/lib.a(dhcp6c_config.o)
                0x0000000000424aac                clear_ifconf
 .text.find_iaconf
                0x0000000000424b44       0x30 networking/udhcp/lib.a(dhcp6c_config.o)
                0x0000000000424b44                find_iaconf
 .text.read_config6
                0x0000000000424b74      0xc5c networking/udhcp/lib.a(dhcp6c_config.o)
                0x0000000000424b74                read_config6
 .text.prepare_iaevent
                0x00000000004257d0      0x238 networking/udhcp/lib.a(dhcp6c_ia.o)
 .text.ia_timo  0x0000000000425a08      0x14c networking/udhcp/lib.a(dhcp6c_ia.o)
 .text.remove_iaprefix
                0x0000000000425b54      0x16c networking/udhcp/lib.a(dhcp6c_ia.o)
 .text.remove_ia
                0x0000000000425cc0      0x150 networking/udhcp/lib.a(dhcp6c_ia.o)
 .text.iapref_timo
                0x0000000000425e10      0x108 networking/udhcp/lib.a(dhcp6c_ia.o)
 .text.update_prefix6
                0x0000000000425f18      0x5a8 networking/udhcp/lib.a(dhcp6c_ia.o)
 .text.update_ia
                0x00000000004264c0      0x620 networking/udhcp/lib.a(dhcp6c_ia.o)
                0x00000000004264c0                update_ia
 .text.release_all_ia
                0x0000000000426ae0       0xc8 networking/udhcp/lib.a(dhcp6c_ia.o)
                0x0000000000426ae0                release_all_ia
 .text.destruct_iadata
                0x0000000000426ba8       0x8c networking/udhcp/lib.a(dhcp6c_ia.o)
                0x0000000000426ba8                destruct_iadata
 .text.fill_envp_client6
                0x0000000000426c34      0x284 networking/udhcp/lib.a(dhcp6c_script.o)
                0x0000000000426c34                fill_envp_client6
 .text.dhcp6_script
                0x0000000000426eb8       0xb0 networking/udhcp/lib.a(dhcp6c_script.o)
                0x0000000000426eb8                dhcp6_script
 .text.sock6_init
                0x0000000000426f68      0x154 networking/udhcp/lib.a(dhcp6c_socket.o)
                0x0000000000426f68                sock6_init
 .text.ifaddrconf
                0x00000000004270bc      0x258 networking/udhcp/lib.a(dhcp6c_socket.o)
                0x00000000004270bc                ifaddrconf
 .text.client_background
                0x0000000000427314       0x58 networking/udhcp/lib.a(dhcpc.o)
 .text.init_packet
                0x000000000042736c       0xbc networking/udhcp/lib.a(dhcpc.o)
 .text.add_client_options
                0x0000000000427428      0x158 networking/udhcp/lib.a(dhcpc.o)
 .text.add_serverid_and_clientid_options
                0x0000000000427580       0x88 networking/udhcp/lib.a(dhcpc.o)
 .text.raw_bcast_from_client_data_ifindex
                0x0000000000427608       0x58 networking/udhcp/lib.a(dhcpc.o)
 .text.send_discover
                0x0000000000427660       0x7c networking/udhcp/lib.a(dhcpc.o)
 .text.send_select
                0x00000000004276dc       0xf0 networking/udhcp/lib.a(dhcpc.o)
 .text.send_decline
                0x00000000004277cc       0x88 networking/udhcp/lib.a(dhcpc.o)
 .text.bcast_or_ucast
                0x0000000000427854       0x58 networking/udhcp/lib.a(dhcpc.o)
 .text.send_renew
                0x00000000004278ac       0xb4 networking/udhcp/lib.a(dhcpc.o)
 .text.d4_recv_raw_packet
                0x0000000000427960      0x28c networking/udhcp/lib.a(dhcpc.o)
 .text.change_listen_mode
                0x0000000000427bec      0x18c networking/udhcp/lib.a(dhcpc.o)
 .text.optitem_unset_env_and_free
                0x0000000000427d78       0x64 networking/udhcp/lib.a(dhcpc.o)
 .text.sprint_nip
                0x0000000000427ddc       0x50 networking/udhcp/lib.a(dhcpc.o)
 .text.putenvp  0x0000000000427e2c       0x68 networking/udhcp/lib.a(dhcpc.o)
 .text.xmalloc_optname_optval.isra.0
                0x0000000000427e94      0x3a0 networking/udhcp/lib.a(dhcpc.o)
 .text.d4_run_script
                0x0000000000428234      0x48c networking/udhcp/lib.a(dhcpc.o)
 .text.d4_run_script_deconfig
                0x00000000004286c0       0x10 networking/udhcp/lib.a(dhcpc.o)
 .text.perform_release
                0x00000000004286d0      0x14c networking/udhcp/lib.a(dhcpc.o)
 .text.udhcpc_main
                0x000000000042881c      0xecc networking/udhcp/lib.a(dhcpc.o)
                0x000000000042881c                udhcpc_main
 .text.udhcp_init_header
                0x00000000004296e8       0xa4 networking/udhcp/lib.a(packet.o)
                0x00000000004296e8                udhcp_init_header
 .text.udhcp_recv_kernel_packet
                0x000000000042978c       0xb8 networking/udhcp/lib.a(packet.o)
                0x000000000042978c                udhcp_recv_kernel_packet
 .text.udhcp_send_raw_packet
                0x0000000000429844      0x258 networking/udhcp/lib.a(packet.o)
                0x0000000000429844                udhcp_send_raw_packet
 .text.udhcp_send_kernel_packet
                0x0000000000429a9c      0x200 networking/udhcp/lib.a(packet.o)
                0x0000000000429a9c                udhcp_send_kernel_packet
 .text.signal_handler
                0x0000000000429c9c       0x74 networking/udhcp/lib.a(signalpipe.o)
 .text.udhcp_sp_setup
                0x0000000000429d10       0xcc networking/udhcp/lib.a(signalpipe.o)
                0x0000000000429d10                udhcp_sp_setup
 .text.udhcp_sp_fd_set
                0x0000000000429ddc       0x6c networking/udhcp/lib.a(signalpipe.o)
                0x0000000000429ddc                udhcp_sp_fd_set
 .text.udhcp_sp_read
                0x0000000000429e48       0x3c networking/udhcp/lib.a(signalpipe.o)
                0x0000000000429e48                udhcp_sp_read
 .text.udhcp_read_interface
                0x0000000000429e84      0x224 networking/udhcp/lib.a(socket.o)
                0x0000000000429e84                udhcp_read_interface
 .text.udhcp_listen_socket
                0x000000000042a0a8      0x12c networking/udhcp/lib.a(socket.o)
                0x000000000042a0a8                udhcp_listen_socket
 .text.arpping  0x000000000042a1d4      0x304 networking/udhcp/lib.a(arpping.o)
                0x000000000042a1d4                arpping
 .text.log1s    0x000000000042a4d8       0x24 networking/udhcp/lib.a(common.o)
                0x000000000042a4d8                log1s
 .text.udhcp_option_idx
                0x000000000042a4fc       0xd8 networking/udhcp/lib.a(common.o)
                0x000000000042a4fc                udhcp_option_idx
 .text.init_scan_state
                0x000000000042a5d4       0x18 networking/udhcp/lib.a(common.o)
                0x000000000042a5d4                init_scan_state
 .text.udhcp_scan_options
                0x000000000042a5ec      0x120 networking/udhcp/lib.a(common.o)
                0x000000000042a5ec                udhcp_scan_options
 .text.udhcp_get_option
                0x000000000042a70c       0x6c networking/udhcp/lib.a(common.o)
                0x000000000042a70c                udhcp_get_option
 .text.udhcp_get_option32
                0x000000000042a778       0x2c networking/udhcp/lib.a(common.o)
                0x000000000042a778                udhcp_get_option32
 .text.udhcp_end_option
                0x000000000042a7a4       0x3c networking/udhcp/lib.a(common.o)
                0x000000000042a7a4                udhcp_end_option
 .text.udhcp_add_binary_option
                0x000000000042a7e0       0xa0 networking/udhcp/lib.a(common.o)
                0x000000000042a7e0                udhcp_add_binary_option
 .text.udhcp_add_simple_option
                0x000000000042a880       0x84 networking/udhcp/lib.a(common.o)
                0x000000000042a880                udhcp_add_simple_option
 .text.udhcp_find_option
                0x000000000042a904       0x34 networking/udhcp/lib.a(common.o)
                0x000000000042a904                udhcp_find_option
 .text.udhcp_str2nip
                0x000000000042a938       0x8c networking/udhcp/lib.a(common.o)
                0x000000000042a938                udhcp_str2nip
 .text.udhcp_insert_new_option
                0x000000000042a9c4       0x94 networking/udhcp/lib.a(common.o)
                0x000000000042a9c4                udhcp_insert_new_option
 .text.attach_option
                0x000000000042aa58      0x184 networking/udhcp/lib.a(common.o)
 .text.udhcp_str2optset
                0x000000000042abdc      0x3c8 networking/udhcp/lib.a(common.o)
                0x000000000042abdc                udhcp_str2optset
 .text.sprint_nip6
                0x000000000042afa4       0x9c networking/udhcp/lib.a(common.o)
                0x000000000042afa4                sprint_nip6
 .text.parse_meminfo
                0x000000000042b040      0x15c procps/lib.a(free.o)
 .text.scale.isra.0
                0x000000000042b19c       0x1c procps/lib.a(free.o)
 .text.free_main
                0x000000000042b1b8      0x29c procps/lib.a(free.o)
                0x000000000042b1b8                free_main
 .text.search_dev_inode
                0x000000000042b454       0x7c procps/lib.a(fuser.o)
 .text.add_inode
                0x000000000042b4d0       0xc4 procps/lib.a(fuser.o)
 .text.scan_proc_net_or_maps
                0x000000000042b594      0x244 procps/lib.a(fuser.o)
 .text.scan_recursive
                0x000000000042b7d8      0x2a4 procps/lib.a(fuser.o)
 .text.fuser_main
                0x000000000042ba7c      0x21c procps/lib.a(fuser.o)
                0x000000000042ba7c                fuser_main
 .text.kill_main
                0x000000000042bc98      0x45c procps/lib.a(kill.o)
                0x000000000042bc98                kill_main
 .text.lsof_main
                0x000000000042c0f4      0x194 procps/lib.a(lsof.o)
                0x000000000042c0f4                lsof_main
 .text.act.isra.0
                0x000000000042c288       0x40 procps/lib.a(pgrep.o)
 .text.pgrep_main
                0x000000000042c2c8      0x390 procps/lib.a(pgrep.o)
                0x000000000042c2c8                pgrep_main
 .text.pidof_main
                0x000000000042c658      0x1cc procps/lib.a(pidof.o)
                0x000000000042c658                pidof_main
 .text.get_uptime
                0x000000000042c824       0x38 procps/lib.a(ps.o)
 .text.ps_main  0x000000000042c85c      0x434 procps/lib.a(ps.o)
                0x000000000042c85c                ps_main
 .text.sysctl_act_on_setting
                0x000000000042cc90      0x350 procps/lib.a(sysctl.o)
 .text.sysctl_dots_to_slashes
                0x000000000042cfe0      0x14c procps/lib.a(sysctl.o)
 .text.sysctl_act_recursive
                0x000000000042d12c      0x190 procps/lib.a(sysctl.o)
 .text.sysctl_main
                0x000000000042d2bc      0x220 procps/lib.a(sysctl.o)
                0x000000000042d2bc                sysctl_main
 .text.pid_sort
                0x000000000042d4dc       0x10 procps/lib.a(top.o)
 .text.mem_sort
                0x000000000042d4ec       0x24 procps/lib.a(top.o)
 .text.pcpu_sort
                0x000000000042d510       0x10 procps/lib.a(top.o)
 .text.time_sort
                0x000000000042d520       0x24 procps/lib.a(top.o)
 .text.mult_lvl_cmp
                0x000000000042d544       0x8c procps/lib.a(top.o)
 .text.topmem_sort
                0x000000000042d5d0       0x5c procps/lib.a(top.o)
 .text.fmt_100percent_8
                0x000000000042d62c       0xd4 procps/lib.a(top.o)
 .text.read_cpu_jiffy
                0x000000000042d700      0x1b0 procps/lib.a(top.o)
 .text.get_jiffy_counts
                0x000000000042d8b0      0x194 procps/lib.a(top.o)
 .text.do_stats
                0x000000000042da44      0x118 procps/lib.a(top.o)
 .text.ulltoa6_and_space
                0x000000000042db5c       0x30 procps/lib.a(top.o)
 .text.parse_meminfo
                0x000000000042db8c      0x11c procps/lib.a(top.o)
 .text.display_topmem_process_list
                0x000000000042dca8      0x35c procps/lib.a(top.o)
 .text.display_header
                0x000000000042e004      0x380 procps/lib.a(top.o)
 .text.display_process_list
                0x000000000042e384      0x388 procps/lib.a(top.o)
 .text.handle_input
                0x000000000042e70c      0x34c procps/lib.a(top.o)
 .text.clearmems
                0x000000000042ea58       0x54 procps/lib.a(top.o)
 .text.reset_term
                0x000000000042eaac       0x30 procps/lib.a(top.o)
 .text.sig_catcher
                0x000000000042eadc       0x24 procps/lib.a(top.o)
 .text.top_main
                0x000000000042eb00      0x574 procps/lib.a(top.o)
                0x000000000042eb00                top_main
 .text.uptime_main
                0x000000000042f074      0x214 procps/lib.a(uptime.o)
                0x000000000042f074                uptime_main
 .text.watch_main
                0x000000000042f288      0x1c0 procps/lib.a(watch.o)
                0x000000000042f288                watch_main
 .text.isdigit_str9
                0x000000000042f448       0x24 shell/lib.a(ash.o)
 .text.prefix   0x000000000042f46c       0x2c shell/lib.a(ash.o)
 .text.is_number
                0x000000000042f498       0x34 shell/lib.a(ash.o)
 .text.varcmp   0x000000000042f4cc       0x54 shell/lib.a(ash.o)
 .text.hashvar  0x000000000042f520       0x58 shell/lib.a(ash.o)
 .text.vpcmp    0x000000000042f578        0xc shell/lib.a(ash.o)
 .text.findvar  0x000000000042f584       0x50 shell/lib.a(ash.o)
 .text.set_curjob
                0x000000000042f5d4       0x74 shell/lib.a(ash.o)
 .text.getstatus
                0x000000000042f648       0x9c shell/lib.a(ash.o)
 .text.skiploop
                0x000000000042f6e4       0x40 shell/lib.a(ash.o)
 .text.falsecmd
                0x000000000042f724        0x8 shell/lib.a(ash.o)
 .text.truecmd  0x000000000042f72c        0x8 shell/lib.a(ash.o)
 .text.get_builtin_name
                0x000000000042f734       0x30 shell/lib.a(ash.o)
 .text.bltincmd
                0x000000000042f764       0x18 shell/lib.a(ash.o)
 .text.nlnoprompt
                0x000000000042f77c       0x40 shell/lib.a(ash.o)
 .text.pungetc  0x000000000042f7bc       0x18 shell/lib.a(ash.o)
 .text.pushfile
                0x000000000042f7d4       0x3c shell/lib.a(ash.o)
 .text.pushredir
                0x000000000042f810       0xc8 shell/lib.a(ash.o)
 .text.freealias
                0x000000000042f8d8       0x88 shell/lib.a(ash.o)
 .text.freefunc
                0x000000000042f960       0x34 shell/lib.a(ash.o)
 .text.freeparam
                0x000000000042f994       0x70 shell/lib.a(ash.o)
 .text.SIT      0x000000000042fa04       0xbc shell/lib.a(ash.o)
 .text.nodeckstrdup
                0x000000000042fac0       0x6c shell/lib.a(ash.o)
 .text.copynode
                0x000000000042fb2c      0x178 shell/lib.a(ash.o)
 .text.copynodelist
                0x000000000042fca4       0x74 shell/lib.a(ash.o)
 .text.__lookupalias
                0x000000000042fd18       0xa4 shell/lib.a(ash.o)
 .text.cmdlookup
                0x000000000042fdbc      0x108 shell/lib.a(ash.o)
 .text.pstrcmp  0x000000000042fec4       0x14 shell/lib.a(ash.o)
 .text.pstrcmp1
                0x000000000042fed8       0x18 shell/lib.a(ash.o)
 .text.msort    0x000000000042fef0       0xfc shell/lib.a(ash.o)
 .text.raise_exception
                0x000000000042ffec       0x3c shell/lib.a(ash.o)
 .text.ulimitcmd
                0x0000000000430028       0x10 shell/lib.a(ash.o)
 .text.findkwd  0x0000000000430038       0x44 shell/lib.a(ash.o)
 .text.setparam
                0x000000000043007c       0xd8 shell/lib.a(ash.o)
 .text.dup_CLOEXEC
                0x0000000000430154       0x90 shell/lib.a(ash.o)
 .text.errmsg   0x00000000004301e4       0x30 shell/lib.a(ash.o)
 .text.printfcmd
                0x0000000000430214       0x10 shell/lib.a(ash.o)
 .text.historycmd
                0x0000000000430224       0x30 shell/lib.a(ash.o)
 .text.tryexec  0x0000000000430254       0xb0 shell/lib.a(ash.o)
 .text.echocmd  0x0000000000430304       0x10 shell/lib.a(ash.o)
 .text.testcmd  0x0000000000430314       0x10 shell/lib.a(ash.o)
 .text.setsignal
                0x0000000000430324      0x1fc shell/lib.a(ash.o)
 .text.raise_interrupt
                0x0000000000430520       0x80 shell/lib.a(ash.o)
 .text.signal_handler
                0x00000000004305a0       0x98 shell/lib.a(ash.o)
 .text.force_int_on
                0x0000000000430638       0x40 shell/lib.a(ash.o)
 .text.int_on   0x0000000000430678       0x50 shell/lib.a(ash.o)
 .text.flush_stdout_stderr
                0x00000000004306c8       0x48 shell/lib.a(ash.o)
 .text.clearcmdentry
                0x0000000000430710       0xdc shell/lib.a(ash.o)
 .text.changepath
                0x00000000004307ec       0x98 shell/lib.a(ash.o)
 .text.ifsfree  0x0000000000430884       0x88 shell/lib.a(ash.o)
 .text.popstring
                0x000000000043090c       0xe4 shell/lib.a(ash.o)
 .text.unalias  0x00000000004309f0       0x70 shell/lib.a(ash.o)
 .text.freestrings
                0x0000000000430a60       0xc0 shell/lib.a(ash.o)
 .text.popfile  0x0000000000430b20       0xe8 shell/lib.a(ash.o)
 .text.unwindfiles
                0x0000000000430c08       0x44 shell/lib.a(ash.o)
 .text.fmtstr   0x0000000000430c4c       0x70 shell/lib.a(ash.o)
 .text.sprint_status48
                0x0000000000430cbc      0x104 shell/lib.a(ash.o)
 .text.out2str  0x0000000000430dc0       0x54 shell/lib.a(ash.o)
 .text.stoppedjobs
                0x0000000000430e14       0x80 shell/lib.a(ash.o)
 .text.dowait   0x0000000000430e94      0x390 shell/lib.a(ash.o)
 .text.delete_cmd_entry
                0x0000000000431224       0x7c shell/lib.a(ash.o)
 .text.freejob  0x00000000004312a0       0xc4 shell/lib.a(ash.o)
 .text.makejob  0x0000000000431364      0x1ec shell/lib.a(ash.o)
 .text.setinputstring
                0x0000000000431550       0x7c shell/lib.a(ash.o)
 .text.pushstring
                0x00000000004315cc      0x11c shell/lib.a(ash.o)
 .text.recordregion
                0x00000000004316e8       0xb0 shell/lib.a(ash.o)
 .text.removerecordregions
                0x0000000000431798      0x16c shell/lib.a(ash.o)
 .text.popstackmark
                0x0000000000431904       0xa0 shell/lib.a(ash.o)
 .text.ignoresig
                0x00000000004319a4       0x60 shell/lib.a(ash.o)
 .text.out1fmt  0x0000000000431a04       0x5c shell/lib.a(ash.o)
 .text.timescmd
                0x0000000000431a60       0xe4 shell/lib.a(ash.o)
 .text.newline_and_flush
                0x0000000000431b44       0x88 shell/lib.a(ash.o)
 .text.ash_vmsg
                0x0000000000431bcc      0x110 shell/lib.a(ash.o)
 .text.ash_msg_and_raise_error
                0x0000000000431cdc       0x4c shell/lib.a(ash.o)
 .text.setvareq
                0x0000000000431d28      0x1fc shell/lib.a(ash.o)
 .text.setvar   0x0000000000431f24      0x14c shell/lib.a(ash.o)
 .text.change_epoch
                0x0000000000432070       0x90 shell/lib.a(ash.o)
 .text.change_realtime
                0x0000000000432100       0x20 shell/lib.a(ash.o)
 .text.change_seconds
                0x0000000000432120       0x20 shell/lib.a(ash.o)
 .text.setpwd   0x0000000000432140      0x13c shell/lib.a(ash.o)
 .text.setvar0  0x000000000043227c        0x8 shell/lib.a(ash.o)
 .text.mklocal  0x0000000000432284      0x1e8 shell/lib.a(ash.o)
 .text.dup2_or_raise
                0x000000000043246c       0x58 shell/lib.a(ash.o)
 .text.popredir
                0x00000000004324c4      0x13c shell/lib.a(ash.o)
 .text.exitreset
                0x0000000000432600       0x9c shell/lib.a(ash.o)
 .text.nextopt  0x000000000043269c      0x10c shell/lib.a(ash.o)
 .text.unsetcmd
                0x00000000004327a8       0xb4 shell/lib.a(ash.o)
 .text.unaliascmd
                0x000000000043285c      0x128 shell/lib.a(ash.o)
 .text.cdopt    0x0000000000432984       0x5c shell/lib.a(ash.o)
 .text.pwdcmd   0x00000000004329e0       0x74 shell/lib.a(ash.o)
 .text.number   0x0000000000432a54       0x44 shell/lib.a(ash.o)
 .text.shiftcmd
                0x0000000000432a98       0xe0 shell/lib.a(ash.o)
 .text.returncmd
                0x0000000000432b78       0x50 shell/lib.a(ash.o)
 .text.exitcmd  0x0000000000432bc8       0x5c shell/lib.a(ash.o)
 .text.getjob   0x0000000000432c24      0x1d0 shell/lib.a(ash.o)
 .text.waitcmd  0x0000000000432df4      0x200 shell/lib.a(ash.o)
 .text.killcmd  0x0000000000432ff4      0x1a0 shell/lib.a(ash.o)
 .text.umaskcmd
                0x0000000000433194      0x1c4 shell/lib.a(ash.o)
 .text.stalloc  0x0000000000433358       0xf0 shell/lib.a(ash.o)
 .text.pushstackmark
                0x0000000000433448       0x30 shell/lib.a(ash.o)
 .text.setstackmark
                0x0000000000433478       0x3c shell/lib.a(ash.o)
 .text.sstrdup  0x00000000004334b4       0x5c shell/lib.a(ash.o)
 .text.stzalloc
                0x0000000000433510       0x44 shell/lib.a(ash.o)
 .text.makename
                0x0000000000433554       0x3c shell/lib.a(ash.o)
 .text.addfname
                0x0000000000433590       0x54 shell/lib.a(ash.o)
 .text.growstackblock
                0x00000000004335e4      0x134 shell/lib.a(ash.o)
 .text.growstackto
                0x0000000000433718       0x4c shell/lib.a(ash.o)
 .text.makestrspace
                0x0000000000433764       0x44 shell/lib.a(ash.o)
 .text.single_quote
                0x00000000004337a8      0x130 shell/lib.a(ash.o)
 .text.printalias
                0x00000000004338d8       0x3c shell/lib.a(ash.o)
 .text.aliascmd
                0x0000000000433914      0x200 shell/lib.a(ash.o)
 .text.maybe_single_quote
                0x0000000000433b14       0x50 shell/lib.a(ash.o)
 .text.stack_putstr
                0x0000000000433b64       0x64 shell/lib.a(ash.o)
 .text.memtodest
                0x0000000000433bc8      0x128 shell/lib.a(ash.o)
 .text.strtodest
                0x0000000000433cf0       0x60 shell/lib.a(ash.o)
 .text.cmdputs  0x0000000000433d50      0x288 shell/lib.a(ash.o)
 .text.growstackstr
                0x0000000000433fd8       0x4c shell/lib.a(ash.o)
 .text._STPUTC  0x0000000000434024       0x54 shell/lib.a(ash.o)
 .text.listvars
                0x0000000000434078      0x100 shell/lib.a(ash.o)
 .text.showvars
                0x0000000000434178      0x12c shell/lib.a(ash.o)
 .text.exportcmd
                0x00000000004342a4      0x13c shell/lib.a(ash.o)
 .text.setinputfile
                0x00000000004343e0      0x164 shell/lib.a(ash.o)
 .text.localcmd
                0x0000000000434544       0x5c shell/lib.a(ash.o)
 .text.ash_arith
                0x00000000004345a0       0x80 shell/lib.a(ash.o)
 .text.letcmd   0x0000000000434620       0x4c shell/lib.a(ash.o)
 .text.breakcmd
                0x000000000043466c       0x9c shell/lib.a(ash.o)
 .text.xtcsetpgrp
                0x0000000000434708       0x3c shell/lib.a(ash.o)
 .text.waitforjob
                0x0000000000434744       0xc8 shell/lib.a(ash.o)
 .text.raise_error_syntax
                0x000000000043480c       0x3c shell/lib.a(ash.o)
 .text.xdup_CLOEXEC_and_close
                0x0000000000434848       0xc4 shell/lib.a(ash.o)
 .text.ash_msg  0x000000000043490c       0x2c shell/lib.a(ash.o)
 .text.trapcmd  0x0000000000434938      0x24c shell/lib.a(ash.o)
 .text.options  0x0000000000434b84      0x374 shell/lib.a(ash.o)
 .text.setjobctl
                0x0000000000434ef8      0x228 shell/lib.a(ash.o)
 .text.optschanged
                0x0000000000435120       0xdc shell/lib.a(ash.o)
 .text.setcmd   0x00000000004351fc       0xa0 shell/lib.a(ash.o)
 .text.showjob  0x000000000043529c      0x288 shell/lib.a(ash.o)
 .text.showjobs
                0x0000000000435524       0x74 shell/lib.a(ash.o)
 .text.jobscmd  0x0000000000435598       0xa8 shell/lib.a(ash.o)
 .text.helpcmd  0x0000000000435640       0xe8 shell/lib.a(ash.o)
 .text.__pgetc  0x0000000000435728      0x29c shell/lib.a(ash.o)
 .text.pgetc    0x00000000004359c4       0x34 shell/lib.a(ash.o)
 .text.rmescapes
                0x00000000004359f8      0x268 shell/lib.a(ash.o)
 .text.cvtnum   0x0000000000435c60       0x54 shell/lib.a(ash.o)
 .text.scanleft
                0x0000000000435cb4       0xbc shell/lib.a(ash.o)
 .text.scanright
                0x0000000000435d70      0x118 shell/lib.a(ash.o)
 .text.forkchild
                0x0000000000435e88      0x360 shell/lib.a(ash.o)
 .text.expmeta  0x00000000004361e8      0x3c8 shell/lib.a(ash.o)
 .text.legal_pathopt.constprop.7
                0x00000000004365b0       0x50 shell/lib.a(ash.o)
 .text.padvance
                0x0000000000436600      0x194 shell/lib.a(ash.o)
 .text.find_dot_file
                0x0000000000436794      0x110 shell/lib.a(ash.o)
 .text.raise_error_unexpected_syntax
                0x00000000004368a4       0xe4 shell/lib.a(ash.o)
 .text.calcsize
                0x0000000000436988      0x1e0 shell/lib.a(ash.o)
 .text.cmdtxt   0x0000000000436b68      0x3d8 shell/lib.a(ash.o)
 .text.forkshell
                0x0000000000436f40      0x17c shell/lib.a(ash.o)
 .text.ash_msg_and_raise.constprop.8
                0x00000000004370bc       0x34 shell/lib.a(ash.o)
 .text.shellexec
                0x00000000004370f0      0x170 shell/lib.a(ash.o)
 .text.execcmd  0x0000000000437260       0xc0 shell/lib.a(ash.o)
 .text.out1str  0x0000000000437320       0x4c shell/lib.a(ash.o)
 .text.fg_bgcmd
                0x000000000043736c      0x204 shell/lib.a(ash.o)
 .text.unwindlocalvars
                0x0000000000437570      0x1ac shell/lib.a(ash.o)
 .text.lookupvar
                0x000000000043771c       0xe0 shell/lib.a(ash.o)
 .text.readcmd  0x00000000004377fc      0x198 shell/lib.a(ash.o)
 .text.cdcmd    0x0000000000437994      0x474 shell/lib.a(ash.o)
 .text.init     0x0000000000437e08      0x254 shell/lib.a(ash.o)
 .text.varvalue
                0x000000000043805c      0x36c shell/lib.a(ash.o)
 .text.evalvar  0x00000000004383c8      0x2c8 shell/lib.a(ash.o)
 .text.argstr   0x0000000000438690      0x4f0 shell/lib.a(ash.o)
 .text.expandarg
                0x0000000000438b80      0x590 shell/lib.a(ash.o)
 .text.expandstr
                0x0000000000439110      0x150 shell/lib.a(ash.o)
 .text.setprompt_if
                0x0000000000439260       0xe8 shell/lib.a(ash.o)
 .text.nlprompt
                0x0000000000439348       0x3c shell/lib.a(ash.o)
 .text.pgetc_eatbnl
                0x0000000000439384       0x70 shell/lib.a(ash.o)
 .text.parseheredoc
                0x00000000004393f4       0xec shell/lib.a(ash.o)
 .text.list     0x00000000004394e0      0x24c shell/lib.a(ash.o)
 .text.readtoken1
                0x000000000043972c     0x1110 shell/lib.a(ash.o)
 .text.xxreadtoken
                0x000000000043a83c      0x1bc shell/lib.a(ash.o)
 .text.readtoken
                0x000000000043a9f8      0x138 shell/lib.a(ash.o)
 .text.parsefname
                0x000000000043ab30      0x150 shell/lib.a(ash.o)
 .text.parse_command
                0x000000000043ac80      0x8d0 shell/lib.a(ash.o)
 .text.pipeline
                0x000000000043b550      0x120 shell/lib.a(ash.o)
 .text.parsecmd
                0x000000000043b670       0x50 shell/lib.a(ash.o)
 .text.openredirect
                0x000000000043b6c0      0x2f8 shell/lib.a(ash.o)
 .text.redirect
                0x000000000043b9b8      0x350 shell/lib.a(ash.o)
 .text.redirectsafe.constprop.9
                0x000000000043bd08       0xdc shell/lib.a(ash.o)
 .text.expredir
                0x000000000043bde4      0x144 shell/lib.a(ash.o)
 .text.evaltree
                0x000000000043bf28      0x3f0 shell/lib.a(ash.o)
 .text.expbackq
                0x000000000043c318      0x358 shell/lib.a(ash.o)
 .text.evalloop
                0x000000000043c670       0xd8 shell/lib.a(ash.o)
 .text.evalfun  0x000000000043c748      0x204 shell/lib.a(ash.o)
 .text.evalstring
                0x000000000043c94c      0x188 shell/lib.a(ash.o)
 .text.evalbltin
                0x000000000043cad4      0x1c0 shell/lib.a(ash.o)
 .text.dotrap   0x000000000043cc94      0x164 shell/lib.a(ash.o)
 .text.exitshell
                0x000000000043cdf8       0xc4 shell/lib.a(ash.o)
 .text.cmdloop  0x000000000043cebc      0x164 shell/lib.a(ash.o)
 .text.find_command
                0x000000000043d020      0x480 shell/lib.a(ash.o)
 .text.hashcmd  0x000000000043d4a0      0x204 shell/lib.a(ash.o)
 .text.typecmd  0x000000000043d6a4      0x258 shell/lib.a(ash.o)
 .text.dotcmd   0x000000000043d8fc      0x114 shell/lib.a(ash.o)
 .text.read_profile
                0x000000000043da10       0x40 shell/lib.a(ash.o)
 .text.evalpipe
                0x000000000043da50      0x250 shell/lib.a(ash.o)
 .text.evalsubshell
                0x000000000043dca0      0x12c shell/lib.a(ash.o)
 .text.evalfor  0x000000000043ddcc      0x10c shell/lib.a(ash.o)
 .text.subevalvar
                0x000000000043ded8      0x7d8 shell/lib.a(ash.o)
 .text.evalcase
                0x000000000043e6b0      0x188 shell/lib.a(ash.o)
 .text.evalcommand
                0x000000000043e838      0x6ec shell/lib.a(ash.o)
 .text.ash_main
                0x000000000043ef24      0x5d4 shell/lib.a(ash.o)
                0x000000000043ef24                ash_main
 .text.arith_apply
                0x000000000043f4f8      0x43c shell/lib.a(math.o)
 .text.evaluate_string
                0x000000000043f934      0x488 shell/lib.a(math.o)
 .text.arith_lookup_val
                0x000000000043fdbc       0xec shell/lib.a(math.o)
 .text.arith    0x000000000043fea8        0xc shell/lib.a(math.o)
                0x000000000043fea8                arith
 .text.printlim
                0x000000000043feb4       0x90 shell/lib.a(shell_common.o)
 .text.shell_builtin_read
                0x000000000043ff44      0x6a4 shell/lib.a(shell_common.o)
                0x000000000043ff44                shell_builtin_read
 .text.shell_builtin_ulimit
                0x00000000004405e8      0x40c shell/lib.a(shell_common.o)
                0x00000000004405e8                shell_builtin_ulimit
 .text.klogd_main
                0x00000000004409f4      0x35c sysklogd/lib.a(klogd.o)
                0x00000000004409f4                klogd_main
 .text.create_socket
                0x0000000000440d50      0x110 sysklogd/lib.a(syslogd_and_logger.o)
 .text.log_locally
                0x0000000000440e60      0x2d8 sysklogd/lib.a(syslogd_and_logger.o)
 .text.decode   0x0000000000441138       0x98 sysklogd/lib.a(syslogd_and_logger.o)
 .text.timestamp_and_log
                0x00000000004411d0      0x318 sysklogd/lib.a(syslogd_and_logger.o)
 .text.timestamp_and_log_internal
                0x00000000004414e8       0x28 sysklogd/lib.a(syslogd_and_logger.o)
 .text.syslogd_main
                0x0000000000441510      0x778 sysklogd/lib.a(syslogd_and_logger.o)
                0x0000000000441510                syslogd_main
 .text.logger_main
                0x0000000000441c88      0x290 sysklogd/lib.a(syslogd_and_logger.o)
                0x0000000000441c88                logger_main
 .text.dmesg_main
                0x0000000000441f18      0x238 util-linux/lib.a(dmesg.o)
                0x0000000000441f18                dmesg_main
 .text.eject_scsi