Archive member included to satisfy reference by file (symbol)

libbb/lib.a(appletlib.o)      /opt/padavan-ng/toolchain/out/mipsel-linux-uclibc/sysroot/usr/lib/crt1.o (main)
libbb/lib.a(compare_string_array.o)
                              libbb/lib.a(appletlib.o) (is_prefixed_with)
libbb/lib.a(default_error_retval.o)
                              libbb/lib.a(appletlib.o) (xfunc_error_retval)
libbb/lib.a(get_last_path_component.o)
                              libbb/lib.a(appletlib.o) (bb_basename)
libbb/lib.a(last_char_is.o)   libbb/lib.a(get_last_path_component.o) (last_char_is)
libbb/lib.a(messages.o)       libbb/lib.a(appletlib.o) (bb_banner)
libbb/lib.a(ptr_to_globals.o)
                              libbb/lib.a(appletlib.o) (bb_errno)
libbb/lib.a(verror_msg.o)     libbb/lib.a(appletlib.o) (bb_error_msg_and_die)
libbb/lib.a(xfunc_die.o)      libbb/lib.a(appletlib.o) (xfunc_die)
libbb/lib.a(xfuncs.o)         libbb/lib.a(appletlib.o) (full_write2_str)
libbb/lib.a(xfuncs_printf.o)  libbb/lib.a(verror_msg.o) (fflush_all)
libbb/lib.a(copyfd.o)         libbb/lib.a(xfuncs_printf.o) (bb_copyfd_eof)
libbb/lib.a(full_write.o)     libbb/lib.a(verror_msg.o) (full_write)
libbb/lib.a(perror_msg.o)     libbb/lib.a(xfuncs_printf.o) (bb_perror_msg)
libbb/lib.a(read.o)           libbb/lib.a(copyfd.o) (safe_read)
libbb/lib.a(safe_write.o)     libbb/lib.a(full_write.o) (safe_write)
libbb/lib.a(signals.o)        libbb/lib.a(xfuncs_printf.o) (kill_myself_with_sig)
libbb/lib.a(time.o)           libbb/lib.a(xfuncs_printf.o) (monotonic_us)
libbb/lib.a(bb_strtonum.o)    libbb/lib.a(time.o) (bb_strtol)
loginutils/lib.a(addgroup.o)  libbb/lib.a(appletlib.o) (addgroup_main)
loginutils/lib.a(adduser.o)   libbb/lib.a(appletlib.o) (adduser_main)
loginutils/lib.a(chpasswd.o)  libbb/lib.a(appletlib.o) (chpasswd_main)
loginutils/lib.a(login.o)     libbb/lib.a(appletlib.o) (login_main)
loginutils/lib.a(passwd.o)    libbb/lib.a(appletlib.o) (passwd_main)
mailutils/lib.a(sendmail.o)   libbb/lib.a(appletlib.o) (sendmail_main)
mailutils/lib.a(mail.o)       mailutils/lib.a(sendmail.o) (launch_helper)
miscutils/lib.a(crond.o)      libbb/lib.a(appletlib.o) (crond_main)
miscutils/lib.a(crontab.o)    libbb/lib.a(appletlib.o) (crontab_main)
miscutils/lib.a(microcom.o)   libbb/lib.a(appletlib.o) (microcom_main)
miscutils/lib.a(strings.o)    libbb/lib.a(appletlib.o) (strings_main)
miscutils/lib.a(time.o)       libbb/lib.a(appletlib.o) (time_main)
modutils/lib.a(insmod.o)      libbb/lib.a(appletlib.o) (insmod_main)
modutils/lib.a(lsmod.o)       libbb/lib.a(appletlib.o) (lsmod_main)
modutils/lib.a(modprobe.o)    libbb/lib.a(appletlib.o) (modprobe_main)
modutils/lib.a(modutils.o)    modutils/lib.a(modprobe.o) (replace)
modutils/lib.a(rmmod.o)       libbb/lib.a(appletlib.o) (rmmod_main)
networking/lib.a(arp.o)       libbb/lib.a(appletlib.o) (arp_main)
networking/lib.a(arping.o)    libbb/lib.a(appletlib.o) (arping_main)
networking/lib.a(brctl.o)     libbb/lib.a(appletlib.o) (brctl_main)
networking/lib.a(ether-wake.o)
                              libbb/lib.a(appletlib.o) (ether_wake_main)
networking/lib.a(hostname.o)  libbb/lib.a(appletlib.o) (hostname_main)
networking/lib.a(ifconfig.o)  libbb/lib.a(appletlib.o) (ifconfig_main)
networking/lib.a(inetd.o)     libbb/lib.a(appletlib.o) (inetd_main)
networking/lib.a(interface.o)
                              networking/lib.a(arp.o) (get_aftype)
networking/lib.a(netstat.o)   libbb/lib.a(appletlib.o) (netstat_main)
networking/lib.a(nslookup.o)  libbb/lib.a(appletlib.o) (nslookup_main)
networking/lib.a(ntpd.o)      libbb/lib.a(appletlib.o) (ntpd_main)
networking/lib.a(ping.o)      libbb/lib.a(appletlib.o) (ping_main)
networking/lib.a(route.o)     networking/lib.a(netstat.o) (bb_displayroutes)
networking/lib.a(telnetd.o)   libbb/lib.a(appletlib.o) (telnetd_main)
networking/lib.a(traceroute.o)
                              libbb/lib.a(appletlib.o) (traceroute_main)
networking/lib.a(vconfig.o)   libbb/lib.a(appletlib.o) (vconfig_main)
networking/lib.a(wget.o)      libbb/lib.a(appletlib.o) (wget_main)
networking/lib.a(zcip.o)      libbb/lib.a(appletlib.o) (zcip_main)
networking/lib.a(parse_pasv_epsv.o)
                              networking/lib.a(wget.o) (parse_pasv_epsv)
networking/udhcp/lib.a(dhcp6c.o)
                              libbb/lib.a(appletlib.o) (dhcp6c_main)
networking/udhcp/lib.a(dhcp6c_common.o)
                              networking/udhcp/lib.a(dhcp6c.o) (dhcp6_find_listval)
networking/udhcp/lib.a(dhcp6c_config.o)
                              networking/udhcp/lib.a(dhcp6c.o) (read_config6)
networking/udhcp/lib.a(dhcp6c_ia.o)
                              networking/udhcp/lib.a(dhcp6c.o) (update_ia)
networking/udhcp/lib.a(dhcp6c_script.o)
                              networking/udhcp/lib.a(dhcp6c.o) (fill_envp_client6)
networking/udhcp/lib.a(dhcp6c_socket.o)
                              networking/udhcp/lib.a(dhcp6c.o) (sock6_init)
networking/udhcp/lib.a(dhcpc.o)
[...]
Memory Configuration

Name             Origin             Length             Attributes
*default*        0x0000000000000000 0xffffffffffffffff

Linker script and memory map

LOAD /opt/padavan-ng/toolchain/out/mipsel-linux-uclibc/sysroot/usr/lib/crt1.o
LOAD /opt/padavan-ng/toolchain/out/mipsel-linux-uclibc/sysroot/usr/lib/crti.o
LOAD /opt/padavan-ng/toolchain/out/lib/gcc/mipsel-linux-uclibc/7.5.0/crtbegin.o
START GROUP
LOAD applets/built-in.o
LOAD archival/lib.a
LOAD archival/libarchive/lib.a
LOAD console-tools/lib.a
LOAD coreutils/lib.a
LOAD coreutils/libcoreutils/lib.a
LOAD debianutils/lib.a
LOAD klibc-utils/lib.a
LOAD e2fsprogs/lib.a
LOAD editors/lib.a
LOAD findutils/lib.a
LOAD init/lib.a
LOAD libbb/lib.a
LOAD libpwdgrp/lib.a
LOAD loginutils/lib.a
LOAD mailutils/lib.a
LOAD miscutils/lib.a
LOAD modutils/lib.a
LOAD networking/lib.a
LOAD networking/libiproute/lib.a
LOAD networking/udhcp/lib.a
LOAD printutils/lib.a
LOAD procps/lib.a
LOAD runit/lib.a
LOAD selinux/lib.a
LOAD shell/lib.a
LOAD sysklogd/lib.a
LOAD util-linux/lib.a
LOAD util-linux/volume_id/lib.a
LOAD archival/built-in.o
LOAD archival/libarchive/built-in.o
LOAD console-tools/built-in.o
LOAD coreutils/built-in.o
LOAD coreutils/libcoreutils/built-in.o
LOAD debianutils/built-in.o
LOAD klibc-utils/built-in.o
LOAD e2fsprogs/built-in.o
LOAD editors/built-in.o
LOAD findutils/built-in.o
LOAD init/built-in.o
LOAD libbb/built-in.o
LOAD libpwdgrp/built-in.o
LOAD loginutils/built-in.o
LOAD mailutils/built-in.o
LOAD miscutils/built-in.o
LOAD modutils/built-in.o
LOAD networking/built-in.o
LOAD networking/libiproute/built-in.o
LOAD networking/udhcp/built-in.o
LOAD printutils/built-in.o
LOAD procps/built-in.o
LOAD runit/built-in.o
LOAD selinux/built-in.o
LOAD shell/built-in.o
LOAD sysklogd/built-in.o
LOAD util-linux/built-in.o
LOAD util-linux/volume_id/built-in.o
END GROUP
START GROUP
END GROUP
LOAD /opt/padavan-ng/toolchain/out/lib/gcc/mipsel-linux-uclibc/7.5.0/../../../../mipsel-linux-uclibc/lib/libgcc_s.so
START GROUP
LOAD /opt/padavan-ng/toolchain/out/lib/gcc/mipsel-linux-uclibc/7.5.0/../../../../mipsel-linux-uclibc/lib/libgcc_s.so.1
LOAD /opt/padavan-ng/toolchain/out/lib/gcc/mipsel-linux-uclibc/7.5.0/libgcc.a
END GROUP
LOAD /opt/padavan-ng/toolchain/out/mipsel-linux-uclibc/sysroot/usr/lib/libc.so
START GROUP
LOAD /opt/padavan-ng/trunk/stage/lib/libc.so.1
LOAD /opt/padavan-ng/toolchain/out/mipsel-linux-uclibc/sysroot/usr/lib/uclibc_nonshared.a
LOAD /opt/padavan-ng/toolchain/out/mipsel-linux-uclibc/sysroot/usr/lib/libpthread_nonshared.a
LOAD /opt/padavan-ng/trunk/stage/lib/ld-uClibc.so.1
END GROUP
LOAD /opt/padavan-ng/toolchain/out/lib/gcc/mipsel-linux-uclibc/7.5.0/../../../../mipsel-linux-uclibc/lib/libgcc_s.so
START GROUP
LOAD /opt/padavan-ng/toolchain/out/lib/gcc/mipsel-linux-uclibc/7.5.0/../../../../mipsel-linux-uclibc/lib/libgcc_s.so.1
LOAD /opt/padavan-ng/toolchain/out/lib/gcc/mipsel-linux-uclibc/7.5.0/libgcc.a
END GROUP
LOAD /opt/padavan-ng/toolchain/out/lib/gcc/mipsel-linux-uclibc/7.5.0/crtend.o
LOAD /opt/padavan-ng/toolchain/out/mipsel-linux-uclibc/sysroot/usr/lib/crtn.o
                [!provide]                        PROVIDE (__executable_start = SEGMENT_START ("text-segment", 0x400000))
                0x0000000000400134                . = (SEGMENT_START ("text-segment", 0x400000) + SIZEOF_HEADERS)

.interp         0x0000000000400134       0x14
 *(SORT_BY_ALIGNMENT(.interp))
 .interp        0x0000000000400134       0x14 /opt/padavan-ng/toolchain/out/mipsel-linux-uclibc/sysroot/usr/lib/crt1.o

.MIPS.abiflags  0x0000000000400148       0x18
 *(SORT_BY_ALIGNMENT(.MIPS.abiflags))
 .MIPS.abiflags
                0x0000000000400148       0x18 /opt/padavan-ng/toolchain/out/mipsel-linux-uclibc/sysroot/usr/lib/crt1.o

.reginfo
 *(SORT_BY_ALIGNMENT(.reginfo))

.MIPS.xhash
 *(SORT_BY_ALIGNMENT(.MIPS.xhash))

.note.gnu.build-id
 *(SORT_BY_ALIGNMENT(.note.gnu.build-id))

.dynamic        0x0000000000400160       0xe8
 *(SORT_BY_ALIGNMENT(.dynamic))
 .dynamic       0x0000000000400160       0xe8 /opt/padavan-ng/toolchain/out/mipsel-linux-uclibc/sysroot/usr/lib/crt1.o
                0x0000000000400160                _DYNAMIC

.hash           0x0000000000400248      0x96c
 *(SORT_BY_ALIGNMENT(.hash))
 .hash          0x0000000000400248      0x96c /opt/padavan-ng/toolchain/out/mipsel-linux-uclibc/sysroot/usr/lib/crt1.o

.gnu.hash
 *(SORT_BY_ALIGNMENT(.gnu.hash))

.dynsym         0x0000000000400bb4     0x1520
 *(SORT_BY_ALIGNMENT(.dynsym))
 .dynsym        0x0000000000400bb4     0x1520 /opt/padavan-ng/toolchain/out/mipsel-linux-uclibc/sysroot/usr/lib/crt1.o

.dynstr         0x00000000004020d4      0xb11
 *(SORT_BY_ALIGNMENT(.dynstr))
 .dynstr        0x00000000004020d4      0xb11 /opt/padavan-ng/toolchain/out/mipsel-linux-uclibc/sysroot/usr/lib/crt1.o

.gnu.version    0x0000000000402be6      0x2a4
 *(SORT_BY_ALIGNMENT(.gnu.version))
 .gnu.version   0x0000000000402be6      0x2a4 /opt/padavan-ng/toolchain/out/mipsel-linux-uclibc/sysroot/usr/lib/crt1.o

.gnu.version_d  0x0000000000402e8c        0x0
 *(SORT_BY_ALIGNMENT(.gnu.version_d))
 .gnu.version_d
                0x0000000000402e8c        0x0 /opt/padavan-ng/toolchain/out/mipsel-linux-uclibc/sysroot/usr/lib/crt1.o

.gnu.version_r  0x0000000000402e8c       0x40
 *(SORT_BY_ALIGNMENT(.gnu.version_r))
 .gnu.version_r
                0x0000000000402e8c       0x40 /opt/padavan-ng/toolchain/out/mipsel-linux-uclibc/sysroot/usr/lib/crt1.o

.rel.dyn        0x0000000000402ecc        0x0
 *(SORT_BY_ALIGNMENT(.rel.init))
 *(SORT_BY_ALIGNMENT(.rel.text) SORT_BY_ALIGNMENT(.rel.text.*) SORT_BY_ALIGNMENT(.rel.gnu.linkonce.t.*))
 *(SORT_BY_ALIGNMENT(.rel.fini))
 *(SORT_BY_ALIGNMENT(.rel.rodata) SORT_BY_ALIGNMENT(.rel.rodata.*) SORT_BY_ALIGNMENT(.rel.gnu.linkonce.r.*))
 *(SORT_BY_ALIGNMENT(.rel.data.rel.ro) SORT_BY_ALIGNMENT(.rel.data.rel.ro.*) SORT_BY_ALIGNMENT(.rel.gnu.linkonce.d.rel.ro.*))
 .rel.data.rel.ro
                0x0000000000402ecc        0x0 /opt/padavan-ng/toolchain/out/mipsel-linux-uclibc/sysroot/usr/lib/crt1.o
 *(SORT_BY_ALIGNMENT(.rel.data) SORT_BY_ALIGNMENT(.rel.data.*) SORT_BY_ALIGNMENT(.rel.gnu.linkonce.d.*))
 *(SORT_BY_ALIGNMENT(.rel.tdata) SORT_BY_ALIGNMENT(.rel.tdata.*) SORT_BY_ALIGNMENT(.rel.gnu.linkonce.td.*))
 *(SORT_BY_ALIGNMENT(.rel.tbss) SORT_BY_ALIGNMENT(.rel.tbss.*) SORT_BY_ALIGNMENT(.rel.gnu.linkonce.tb.*))
 *(SORT_BY_ALIGNMENT(.rel.ctors))
 *(SORT_BY_ALIGNMENT(.rel.dtors))
 *(SORT_BY_ALIGNMENT(.rel.got))
 *(SORT_BY_ALIGNMENT(.rel.dyn))
 .rel.dyn       0x0000000000402ecc        0x0 /opt/padavan-ng/toolchain/out/mipsel-linux-uclibc/sysroot/usr/lib/crt1.o
 *(SORT_BY_ALIGNMENT(.rel.sdata) SORT_BY_ALIGNMENT(.rel.sdata.*) SORT_BY_ALIGNMENT(.rel.gnu.linkonce.s.*))
 *(SORT_BY_ALIGNMENT(.rel.sbss) SORT_BY_ALIGNMENT(.rel.sbss.*) SORT_BY_ALIGNMENT(.rel.gnu.linkonce.sb.*))
 *(SORT_BY_ALIGNMENT(.rel.sdata2) SORT_BY_ALIGNMENT(.rel.sdata2.*) SORT_BY_ALIGNMENT(.rel.gnu.linkonce.s2.*))
 *(SORT_BY_ALIGNMENT(.rel.sbss2) SORT_BY_ALIGNMENT(.rel.sbss2.*) SORT_BY_ALIGNMENT(.rel.gnu.linkonce.sb2.*))
 *(SORT_BY_ALIGNMENT(.rel.bss) SORT_BY_ALIGNMENT(.rel.bss.*) SORT_BY_ALIGNMENT(.rel.gnu.linkonce.b.*))
 .rel.bss       0x0000000000402ecc        0x0 /opt/padavan-ng/toolchain/out/mipsel-linux-uclibc/sysroot/usr/lib/crt1.o
                [!provide]                        PROVIDE (__rel_iplt_start = .)
 *(SORT_BY_ALIGNMENT(.rel.iplt))
                [!provide]                        PROVIDE (__rel_iplt_end = .)

.rela.dyn       0x0000000000402ecc        0x0
 *(SORT_BY_ALIGNMENT(.rela.init))
 *(SORT_BY_ALIGNMENT(.rela.text) SORT_BY_ALIGNMENT(.rela.text.*) SORT_BY_ALIGNMENT(.rela.gnu.linkonce.t.*))
 *(SORT_BY_ALIGNMENT(.rela.fini))
 *(SORT_BY_ALIGNMENT(.rela.rodata) SORT_BY_ALIGNMENT(.rela.rodata.*) SORT_BY_ALIGNMENT(.rela.gnu.linkonce.r.*))
 *(SORT_BY_ALIGNMENT(.rela.data) SORT_BY_ALIGNMENT(.rela.data.*) SORT_BY_ALIGNMENT(.rela.gnu.linkonce.d.*))
 *(SORT_BY_ALIGNMENT(.rela.tdata) SORT_BY_ALIGNMENT(.rela.tdata.*) SORT_BY_ALIGNMENT(.rela.gnu.linkonce.td.*))
 *(SORT_BY_ALIGNMENT(.rela.tbss) SORT_BY_ALIGNMENT(.rela.tbss.*) SORT_BY_ALIGNMENT(.rela.gnu.linkonce.tb.*))
 *(SORT_BY_ALIGNMENT(.rela.ctors))
 *(SORT_BY_ALIGNMENT(.rela.dtors))
 *(SORT_BY_ALIGNMENT(.rela.got))
 *(SORT_BY_ALIGNMENT(.rela.sdata) SORT_BY_ALIGNMENT(.rela.sdata.*) SORT_BY_ALIGNMENT(.rela.gnu.linkonce.s.*))
 *(SORT_BY_ALIGNMENT(.rela.sbss) SORT_BY_ALIGNMENT(.rela.sbss.*) SORT_BY_ALIGNMENT(.rela.gnu.linkonce.sb.*))
 *(SORT_BY_ALIGNMENT(.rela.sdata2) SORT_BY_ALIGNMENT(.rela.sdata2.*) SORT_BY_ALIGNMENT(.rela.gnu.linkonce.s2.*))
 *(SORT_BY_ALIGNMENT(.rela.sbss2) SORT_BY_ALIGNMENT(.rela.sbss2.*) SORT_BY_ALIGNMENT(.rela.gnu.linkonce.sb2.*))
 *(SORT_BY_ALIGNMENT(.rela.bss) SORT_BY_ALIGNMENT(.rela.bss.*) SORT_BY_ALIGNMENT(.rela.gnu.linkonce.b.*))
                [!provide]                        PROVIDE (__rela_iplt_start = .)
 *(SORT_BY_ALIGNMENT(.rela.iplt))
                [!provide]                        PROVIDE (__rela_iplt_end = .)

.rel.plt        0x0000000000402ecc        0x0
 *(SORT_BY_ALIGNMENT(.rel.plt))
 .rel.plt       0x0000000000402ecc        0x0 /opt/padavan-ng/toolchain/out/mipsel-linux-uclibc/sysroot/usr/lib/crt1.o

.rela.plt
 *(SORT_BY_ALIGNMENT(.rela.plt))

.init           0x0000000000402ecc       0x68
 *(SORT_NONE(.init))
 .init          0x0000000000402ecc       0x1c /opt/padavan-ng/toolchain/out/mipsel-linux-uclibc/sysroot/usr/lib/crti.o
                0x0000000000402ecc                _init
 .init          0x0000000000402ee8       0x20 /opt/padavan-ng/toolchain/out/lib/gcc/mipsel-linux-uclibc/7.5.0/crtbegin.o
 .init          0x0000000000402f08       0x20 /opt/padavan-ng/toolchain/out/lib/gcc/mipsel-linux-uclibc/7.5.0/crtend.o
 .init          0x0000000000402f28        0xc /opt/padavan-ng/toolchain/out/mipsel-linux-uclibc/sysroot/usr/lib/crtn.o

.text           0x0000000000402f40    0x7e808
                0x0000000000402f40                _ftext = .
 *(SORT_BY_ALIGNMENT(.text.unlikely) SORT_BY_ALIGNMENT(.text.*_unlikely) SORT_BY_ALIGNMENT(.text.unlikely.*))
 *(SORT_BY_ALIGNMENT(.text.exit) SORT_BY_ALIGNMENT(.text.exit.*))
 *(SORT_BY_ALIGNMENT(.text.startup) SORT_BY_ALIGNMENT(.text.startup.*))
 *(SORT_BY_ALIGNMENT(.text.hot) SORT_BY_ALIGNMENT(.text.hot.*))
 *(SORT_BY_NAME(SORT_BY_ALIGNMENT(.text.sorted.*)))
 *(SORT_BY_ALIGNMENT(.text) SORT_BY_ALIGNMENT(.stub) SORT_BY_ALIGNMENT(.text.*) SORT_BY_ALIGNMENT(.gnu.linkonce.t.*))
 .text          0x0000000000402f40       0x60 /opt/padavan-ng/toolchain/out/mipsel-linux-uclibc/sysroot/usr/lib/crt1.o
                0x0000000000402f40                __start
 .text          0x0000000000402fa0      0x100 /opt/padavan-ng/toolchain/out/lib/gcc/mipsel-linux-uclibc/7.5.0/crtbegin.o
 .text          0x00000000004030a0       0x50 /opt/padavan-ng/toolchain/out/lib/gcc/mipsel-linux-uclibc/7.5.0/crtend.o
 .text.string_array_len
                0x00000000004030f0       0x1c libbb/lib.a(appletlib.o)
                0x00000000004030f0                string_array_len
 .text.find_applet_by_name
                0x000000000040310c       0xf8 libbb/lib.a(appletlib.o)
                0x000000000040310c                find_applet_by_name
 .text.bb_show_usage
                0x0000000000403204      0x118 libbb/lib.a(appletlib.o)
                0x0000000000403204                bb_show_usage
 .text.lbb_prepare
                0x000000000040331c       0x44 libbb/lib.a(appletlib.o)
                0x000000000040331c                lbb_prepare
 .text.run_applet_no_and_exit
                0x0000000000403360      0x164 libbb/lib.a(appletlib.o)
                0x0000000000403360                run_applet_no_and_exit
 .text.run_applet_and_exit
                0x00000000004034c4      0x298 libbb/lib.a(appletlib.o)
 .text.main     0x000000000040375c       0xa4 libbb/lib.a(appletlib.o)
                0x000000000040375c                main
 .text.is_prefixed_with
                0x0000000000403800       0x30 libbb/lib.a(compare_string_array.o)
                0x0000000000403800                is_prefixed_with
 .text.is_suffixed_with
                0x0000000000403830       0x88 libbb/lib.a(compare_string_array.o)
                0x0000000000403830                is_suffixed_with
 .text.index_in_strings
                0x00000000004038b8       0x8c libbb/lib.a(compare_string_array.o)
                0x00000000004038b8                index_in_strings
 .text.index_in_substrings
                0x0000000000403944       0xdc libbb/lib.a(compare_string_array.o)
                0x0000000000403944                index_in_substrings
 .text.nth_string
                0x0000000000403a20       0x60 libbb/lib.a(compare_string_array.o)
                0x0000000000403a20                nth_string
 .text.bb_basename
                0x0000000000403a80       0x44 libbb/lib.a(get_last_path_component.o)
                0x0000000000403a80                bb_basename
 .text.bb_get_last_path_component_nostrip
                0x0000000000403ac4       0x5c libbb/lib.a(get_last_path_component.o)
                0x0000000000403ac4                bb_get_last_path_component_nostrip
 .text.bb_get_last_path_component_strip
                0x0000000000403b20       0x58 libbb/lib.a(get_last_path_component.o)
                0x0000000000403b20                bb_get_last_path_component_strip
 .text.last_char_is
                0x0000000000403b78       0x70 libbb/lib.a(last_char_is.o)
                0x0000000000403b78                last_char_is
 .text.bb_verror_msg
                0x0000000000403be8      0x2d0 libbb/lib.a(verror_msg.o)
                0x0000000000403be8                bb_verror_msg
 .text.bb_error_msg_and_die
                0x0000000000403eb8       0x34 libbb/lib.a(verror_msg.o)
                0x0000000000403eb8                bb_error_msg_and_die
 .text.bb_error_msg
                0x0000000000403eec       0x30 libbb/lib.a(verror_msg.o)
                0x0000000000403eec                bb_error_msg
 .text.bb_vinfo_msg
                0x0000000000403f1c       0x38 libbb/lib.a(verror_msg.o)
                0x0000000000403f1c                bb_vinfo_msg
 .text.bb_info_msg
                0x0000000000403f54       0x2c libbb/lib.a(verror_msg.o)
                0x0000000000403f54                bb_info_msg
 .text.xfunc_die
                0x0000000000403f80       0x3c libbb/lib.a(xfunc_die.o)
                0x0000000000403f80                xfunc_die
 .text.ndelay_on
                0x0000000000403fbc       0x68 libbb/lib.a(xfuncs.o)
                0x0000000000403fbc                ndelay_on
 .text.ndelay_off
                0x0000000000404024       0x6c libbb/lib.a(xfuncs.o)
                0x0000000000404024                ndelay_off
 .text.close_on_exec_on
                0x0000000000404090       0x18 libbb/lib.a(xfuncs.o)
                0x0000000000404090                close_on_exec_on
 .text.strncpy_IFNAMSIZ
                0x00000000004040a8       0x14 libbb/lib.a(xfuncs.o)
                0x00000000004040a8                strncpy_IFNAMSIZ
 .text.utoa_to_buf
                0x00000000004040bc       0x78 libbb/lib.a(xfuncs.o)
                0x00000000004040bc                utoa_to_buf
 .text.itoa_to_buf
                0x0000000000404134       0x34 libbb/lib.a(xfuncs.o)
                0x0000000000404134                itoa_to_buf
 .text.utoa     0x0000000000404168       0x2c libbb/lib.a(xfuncs.o)
                0x0000000000404168                utoa
 .text.itoa     0x0000000000404194       0x2c libbb/lib.a(xfuncs.o)
                0x0000000000404194                itoa
 .text.bin2hex  0x00000000004041c0       0x58 libbb/lib.a(xfuncs.o)
                0x00000000004041c0                bin2hex
 .text.hex2bin  0x0000000000404218       0xf0 libbb/lib.a(xfuncs.o)
                0x0000000000404218                hex2bin
 .text.bb_putchar_stderr
                0x0000000000404308       0x38 libbb/lib.a(xfuncs.o)
                0x0000000000404308                bb_putchar_stderr
 .text.full_write1_str
                0x0000000000404340       0x4c libbb/lib.a(xfuncs.o)
                0x0000000000404340                full_write1_str
 .text.full_write2_str
                0x000000000040438c       0x4c libbb/lib.a(xfuncs.o)
                0x000000000040438c                full_write2_str
 .text.get_terminal_width_height
                0x00000000004043d8      0x1b8 libbb/lib.a(xfuncs.o)
                0x00000000004043d8                get_terminal_width_height
 .text.get_terminal_width
                0x0000000000404590       0x24 libbb/lib.a(xfuncs.o)
                0x0000000000404590                get_terminal_width
 .text.tcsetattr_stdin_TCSANOW
                0x00000000004045b4       0x1c libbb/lib.a(xfuncs.o)
                0x00000000004045b4                tcsetattr_stdin_TCSANOW
 .text.get_termios_and_make_raw
                0x00000000004045d0      0x110 libbb/lib.a(xfuncs.o)
                0x00000000004045d0                get_termios_and_make_raw
 .text.set_termios_to_raw
                0x00000000004046e0       0x60 libbb/lib.a(xfuncs.o)
                0x00000000004046e0                set_termios_to_raw
 .text.safe_waitpid
                0x0000000000404740       0x94 libbb/lib.a(xfuncs.o)
                0x0000000000404740                safe_waitpid
 .text.wait_any_nohang
                0x00000000004047d4       0x10 libbb/lib.a(xfuncs.o)
                0x00000000004047d4                wait_any_nohang
 .text.wait4pid
                0x00000000004047e4       0x6c libbb/lib.a(xfuncs.o)
                0x00000000004047e4                wait4pid
 .text.bb_die_memory_exhausted
                0x0000000000404850       0x1c libbb/lib.a(xfuncs_printf.o)
                0x0000000000404850                bb_die_memory_exhausted
 .text.malloc_or_warn
                0x000000000040486c       0x5c libbb/lib.a(xfuncs_printf.o)
                0x000000000040486c                malloc_or_warn
 .text.xmalloc  0x00000000004048c8       0x48 libbb/lib.a(xfuncs_printf.o)
                0x00000000004048c8                xmalloc
 .text.xrealloc
                0x0000000000404910       0x48 libbb/lib.a(xfuncs_printf.o)
                0x0000000000404910                xrealloc
 .text.xzalloc  0x0000000000404958       0x48 libbb/lib.a(xfuncs_printf.o)
                0x0000000000404958                xzalloc
 .text.xstrdup  0x00000000004049a0       0x44 libbb/lib.a(xfuncs_printf.o)
                0x00000000004049a0                xstrdup
 .text.xstrndup
                0x00000000004049e4       0x7c libbb/lib.a(xfuncs_printf.o)
                0x00000000004049e4                xstrndup
 .text.xmemdup  0x0000000000404a60       0x54 libbb/lib.a(xfuncs_printf.o)
                0x0000000000404a60                xmemdup
 .text.xfopen   0x0000000000404ab4       0x50 libbb/lib.a(xfuncs_printf.o)
                0x0000000000404ab4                xfopen
 .text.xopen3   0x0000000000404b04       0x50 libbb/lib.a(xfuncs_printf.o)
                0x0000000000404b04                xopen3
 .text.xopen    0x0000000000404b54        0x8 libbb/lib.a(xfuncs_printf.o)
                0x0000000000404b54                xopen
 .text.open3_or_warn
                0x0000000000404b5c       0x58 libbb/lib.a(xfuncs_printf.o)
                0x0000000000404b5c                open3_or_warn
 .text.open_or_warn
                0x0000000000404bb4        0x8 libbb/lib.a(xfuncs_printf.o)
                0x0000000000404bb4                open_or_warn
 .text.xopen_nonblocking
                0x0000000000404bbc        0x8 libbb/lib.a(xfuncs_printf.o)
                0x0000000000404bbc                xopen_nonblocking
 .text.xunlink  0x0000000000404bc4       0x50 libbb/lib.a(xfuncs_printf.o)
                0x0000000000404bc4                xunlink
 .text.xrename  0x0000000000404c14       0x60 libbb/lib.a(xfuncs_printf.o)
                0x0000000000404c14                xrename
 .text.xpipe    0x0000000000404c74       0x44 libbb/lib.a(xfuncs_printf.o)
                0x0000000000404c74                xpipe
 .text.xdup2    0x0000000000404cb8       0x4c libbb/lib.a(xfuncs_printf.o)
                0x0000000000404cb8                xdup2
 .text.xmove_fd
                0x0000000000404d04       0x48 libbb/lib.a(xfuncs_printf.o)
                0x0000000000404d04                xmove_fd
 .text.xwrite   0x0000000000404d4c       0x64 libbb/lib.a(xfuncs_printf.o)
                0x0000000000404d4c                xwrite
 .text.xwrite_str
                0x0000000000404db0       0x4c libbb/lib.a(xfuncs_printf.o)
                0x0000000000404db0                xwrite_str
 .text.xclose   0x0000000000404dfc       0x44 libbb/lib.a(xfuncs_printf.o)
                0x0000000000404dfc                xclose
 .text.xlseek   0x0000000000404e40       0x88 libbb/lib.a(xfuncs_printf.o)
                0x0000000000404e40                xlseek
 .text.xmkstemp
                0x0000000000404ec8       0x50 libbb/lib.a(xfuncs_printf.o)
                0x0000000000404ec8                xmkstemp
 .text.die_if_ferror
                0x0000000000404f18       0x30 libbb/lib.a(xfuncs_printf.o)
                0x0000000000404f18                die_if_ferror
 .text.die_if_ferror_stdout
                0x0000000000404f48       0x1c libbb/lib.a(xfuncs_printf.o)
                0x0000000000404f48                die_if_ferror_stdout
 .text.fflush_all
                0x0000000000404f64       0x14 libbb/lib.a(xfuncs_printf.o)
                0x0000000000404f64                fflush_all
 .text.bb_putchar
                0x0000000000404f78       0x44 libbb/lib.a(xfuncs_printf.o)
                0x0000000000404f78                bb_putchar
 .text.xasprintf
                0x0000000000404fbc       0x54 libbb/lib.a(xfuncs_printf.o)
                0x0000000000404fbc                xasprintf
 .text.xsetenv  0x0000000000405010       0x38 libbb/lib.a(xfuncs_printf.o)
                0x0000000000405010                xsetenv
 .text.bb_unsetenv
                0x0000000000405048       0xac libbb/lib.a(xfuncs_printf.o)
                0x0000000000405048                bb_unsetenv
 .text.bb_unsetenv_and_free
                0x00000000004050f4       0x3c libbb/lib.a(xfuncs_printf.o)
                0x00000000004050f4                bb_unsetenv_and_free
 .text.xsetgid  0x0000000000405130       0x44 libbb/lib.a(xfuncs_printf.o)
                0x0000000000405130                xsetgid
 .text.xsetuid  0x0000000000405174       0x44 libbb/lib.a(xfuncs_printf.o)
                0x0000000000405174                xsetuid
 .text.xsetegid
                0x00000000004051b8       0x44 libbb/lib.a(xfuncs_printf.o)
                0x00000000004051b8                xsetegid
 .text.xseteuid
                0x00000000004051fc       0x44 libbb/lib.a(xfuncs_printf.o)
                0x00000000004051fc                xseteuid
 .text.xopen_as_uid_gid
                0x0000000000405240       0xa8 libbb/lib.a(xfuncs_printf.o)
                0x0000000000405240                xopen_as_uid_gid
 .text.xchdir   0x00000000004052e8       0x50 libbb/lib.a(xfuncs_printf.o)
                0x00000000004052e8                xchdir
 .text.xfchdir  0x0000000000405338       0x44 libbb/lib.a(xfuncs_printf.o)
                0x0000000000405338                xfchdir
 .text.xchroot  0x000000000040537c       0x5c libbb/lib.a(xfuncs_printf.o)
                0x000000000040537c                xchroot
 .text.warn_opendir
                0x00000000004053d8       0x58 libbb/lib.a(xfuncs_printf.o)
                0x00000000004053d8                warn_opendir
 .text.xopendir
                0x0000000000405430       0x50 libbb/lib.a(xfuncs_printf.o)
                0x0000000000405430                xopendir
 .text.xsocket  0x0000000000405480       0x44 libbb/lib.a(xfuncs_printf.o)
                0x0000000000405480                xsocket
 .text.xbind    0x00000000004054c4       0x44 libbb/lib.a(xfuncs_printf.o)
                0x00000000004054c4                xbind
 .text.xlisten  0x0000000000405508       0x44 libbb/lib.a(xfuncs_printf.o)
                0x0000000000405508                xlisten
 .text.xsendto  0x000000000040554c       0x50 libbb/lib.a(xfuncs_printf.o)
                0x000000000040554c                xsendto
 .text.xstat    0x000000000040559c       0x50 libbb/lib.a(xfuncs_printf.o)
                0x000000000040559c                xstat
 .text.xfstat   0x00000000004055ec       0x48 libbb/lib.a(xfuncs_printf.o)
                0x00000000004055ec                xfstat
 .text.ioctl_or_perror_and_die
                0x0000000000405634       0x88 libbb/lib.a(xfuncs_printf.o)
                0x0000000000405634                ioctl_or_perror_and_die
 .text.ioctl_or_perror
                0x00000000004056bc       0x88 libbb/lib.a(xfuncs_printf.o)
                0x00000000004056bc                ioctl_or_perror
 .text.bb_ioctl_or_warn
                0x0000000000405744       0x50 libbb/lib.a(xfuncs_printf.o)
                0x0000000000405744                bb_ioctl_or_warn
 .text.bb_xioctl
                0x0000000000405794       0x48 libbb/lib.a(xfuncs_printf.o)
                0x0000000000405794                bb_xioctl
 .text.xmalloc_ttyname
                0x00000000004057dc       0x4c libbb/lib.a(xfuncs_printf.o)
                0x00000000004057dc                xmalloc_ttyname
 .text.xfork    0x0000000000405828       0x44 libbb/lib.a(xfuncs_printf.o)
                0x0000000000405828                xfork
 .text.bb_full_fd_action
                0x000000000040586c      0x23c libbb/lib.a(copyfd.o)
 .text.bb_copyfd_size
                0x0000000000405aa8       0x20 libbb/lib.a(copyfd.o)
                0x0000000000405aa8                bb_copyfd_size
 .text.bb_copyfd_exact_size
                0x0000000000405ac8       0x88 libbb/lib.a(copyfd.o)
                0x0000000000405ac8                bb_copyfd_exact_size
 .text.bb_copyfd_eof
                0x0000000000405b50        0xc libbb/lib.a(copyfd.o)
                0x0000000000405b50                bb_copyfd_eof
 .text.full_write
                0x0000000000405b5c       0x88 libbb/lib.a(full_write.o)
                0x0000000000405b5c                full_write
 .text.bb_perror_msg
                0x0000000000405be4       0x84 libbb/lib.a(perror_msg.o)
                0x0000000000405be4                bb_perror_msg
 .text.bb_perror_msg_and_die
                0x0000000000405c68       0x80 libbb/lib.a(perror_msg.o)
                0x0000000000405c68                bb_perror_msg_and_die
 .text.bb_simple_perror_msg
                0x0000000000405ce8       0x10 libbb/lib.a(perror_msg.o)
                0x0000000000405ce8                bb_simple_perror_msg
 .text.bb_simple_perror_msg_and_die
                0x0000000000405cf8       0x18 libbb/lib.a(perror_msg.o)
                0x0000000000405cf8                bb_simple_perror_msg_and_die
 .text.safe_read
                0x0000000000405d10       0x88 libbb/lib.a(read.o)
                0x0000000000405d10                safe_read
 .text.full_read
                0x0000000000405d98       0x7c libbb/lib.a(read.o)
                0x0000000000405d98                full_read
 .text.read_close
                0x0000000000405e14       0x50 libbb/lib.a(read.o)
                0x0000000000405e14                read_close
 .text.open_read_close
                0x0000000000405e64       0x60 libbb/lib.a(read.o)
                0x0000000000405e64                open_read_close
 .text.safe_write
                0x0000000000405ec4       0x90 libbb/lib.a(safe_write.o)
                0x0000000000405ec4                safe_write
 .text.record_signo
                0x0000000000405f54        0xc libbb/lib.a(signals.o)
                0x0000000000405f54                record_signo
 .text.sigaction_set
                0x0000000000405f60       0x14 libbb/lib.a(signals.o)
                0x0000000000405f60                sigaction_set
 .text.sigprocmask_allsigs
                0x0000000000405f74       0x44 libbb/lib.a(signals.o)
                0x0000000000405f74                sigprocmask_allsigs
 .text.sigprocmask2
                0x0000000000405fb8       0x14 libbb/lib.a(signals.o)
                0x0000000000405fb8                sigprocmask2
 .text.bb_signals
                0x0000000000405fcc       0x80 libbb/lib.a(signals.o)
                0x0000000000405fcc                bb_signals
 .text.bb_signals_recursive_norestart
                0x000000000040604c       0x88 libbb/lib.a(signals.o)
                0x000000000040604c                bb_signals_recursive_norestart
 .text.sig_unblock
                0x00000000004060d4       0x64 libbb/lib.a(signals.o)
                0x00000000004060d4                sig_unblock
 .text.kill_myself_with_sig
                0x0000000000406138       0x50 libbb/lib.a(signals.o)
                0x0000000000406138                kill_myself_with_sig
 .text.signal_SA_RESTART_empty_mask
                0x0000000000406188       0x3c libbb/lib.a(signals.o)
                0x0000000000406188                signal_SA_RESTART_empty_mask
 .text.signal_no_SA_RESTART_empty_mask
                0x00000000004061c4       0x38 libbb/lib.a(signals.o)
                0x00000000004061c4                signal_no_SA_RESTART_empty_mask
 .text.get_mono
                0x00000000004061fc       0x4c libbb/lib.a(time.o)
 .text.parse_datestr
                0x0000000000406248      0x5b4 libbb/lib.a(time.o)
                0x0000000000406248                parse_datestr
 .text.validate_tm_time
                0x00000000004067fc       0x58 libbb/lib.a(time.o)
                0x00000000004067fc                validate_tm_time
 .text.strftime_HHMMSS
                0x0000000000406854       0x94 libbb/lib.a(time.o)
                0x0000000000406854                strftime_HHMMSS
 .text.strftime_YYYYMMDDHHMMSS
                0x00000000004068e8       0x94 libbb/lib.a(time.o)
                0x00000000004068e8                strftime_YYYYMMDDHHMMSS
 .text.monotonic_us
                0x000000000040697c       0x58 libbb/lib.a(time.o)
                0x000000000040697c                monotonic_us
 .text.monotonic_ms
                0x00000000004069d4       0x58 libbb/lib.a(time.o)
                0x00000000004069d4                monotonic_ms
 .text.monotonic_sec
                0x0000000000406a2c       0x20 libbb/lib.a(time.o)
                0x0000000000406a2c                monotonic_sec
 .text.handle_errors.isra.0
                0x0000000000406a4c       0x68 libbb/lib.a(bb_strtonum.o)
 .text.bb_strtoull
                0x0000000000406ab4       0xac libbb/lib.a(bb_strtonum.o)
                0x0000000000406ab4                bb_strtoull
 .text.bb_strtoll
                0x0000000000406b60       0xac libbb/lib.a(bb_strtonum.o)
                0x0000000000406b60                bb_strtoll
 .text.bb_strtoul
                0x0000000000406c0c       0xa8 libbb/lib.a(bb_strtonum.o)
                0x0000000000406c0c                bb_strtoul
 .text.bb_strtol
                0x0000000000406cb4       0xa8 libbb/lib.a(bb_strtonum.o)
                0x0000000000406cb4                bb_strtol
 .text.addgroup_main
                0x0000000000406d5c      0x2dc loginutils/lib.a(addgroup.o)
                0x0000000000406d5c                addgroup_main
 .text.addgroup_wrapper
                0x0000000000407038       0x98 loginutils/lib.a(adduser.o)
 .text.adduser_main
                0x00000000004070d0      0x538 loginutils/lib.a(adduser.o)
                0x00000000004070d0                adduser_main
 .text.chpasswd_main
                0x0000000000407608      0x2a8 loginutils/lib.a(chpasswd.o)
                0x0000000000407608                chpasswd_main
 .text.alarm_handler
                0x00000000004078b0       0x84 loginutils/lib.a(login.o)
 .text.login_main
                0x0000000000407934      0x530 loginutils/lib.a(login.o)
                0x0000000000407934                login_main
 .text.passwd_main
                0x0000000000407e64      0x5d8 loginutils/lib.a(passwd.o)
                0x0000000000407e64                passwd_main
 .text.smtp_checkp
                0x000000000040843c      0x17c mailutils/lib.a(sendmail.o)
 .text.rcptto   0x00000000004085b8       0x6c mailutils/lib.a(sendmail.o)
 .text.smtp_check
                0x0000000000408624        0xc mailutils/lib.a(sendmail.o)
 .text.sane_address
                0x0000000000408630       0xb8 mailutils/lib.a(sendmail.o)
 .text.angle_address
                0x00000000004086e8       0x7c mailutils/lib.a(sendmail.o)
 .text.rcptto_list
                0x0000000000408764      0x100 mailutils/lib.a(sendmail.o)
 .text.send_r_n
                0x0000000000408864       0x68 mailutils/lib.a(sendmail.o)
 .text.sendmail_main
                0x00000000004088cc      0x834 mailutils/lib.a(sendmail.o)
                0x00000000004088cc                sendmail_main
 .text.signal_handler
                0x0000000000409100       0xac mailutils/lib.a(mail.o)
 .text.encode_n_base64
                0x00000000004091ac      0x1bc mailutils/lib.a(mail.o)
 .text.launch_helper
                0x0000000000409368      0x178 mailutils/lib.a(mail.o)
                0x0000000000409368                launch_helper
 .text.send_mail_command
                0x00000000004094e0       0xbc mailutils/lib.a(mail.o)
                0x00000000004094e0                send_mail_command
 .text.printstr_base64
                0x000000000040959c       0x44 mailutils/lib.a(mail.o)
                0x000000000040959c                printstr_base64
 .text.printbuf_base64
                0x00000000004095e0       0x10 mailutils/lib.a(mail.o)
                0x00000000004095e0                printbuf_base64
 .text.get_cred_or_die
                0x00000000004095f0       0xf4 mailutils/lib.a(mail.o)
                0x00000000004095f0                get_cred_or_die
 .text.log8     0x00000000004096e4       0x58 miscutils/lib.a(crond.o)
 .text.reopen_logfile_to_stderr
                0x000000000040973c       0x64 miscutils/lib.a(crond.o)
 .text.delete_cronfile
                0x00000000004097a0      0x110 miscutils/lib.a(crond.o)
 .text.ParseField
                0x00000000004098b0      0x2bc miscutils/lib.a(crond.o)
 .text.safe_setenv
                0x0000000000409b6c       0x74 miscutils/lib.a(crond.o)
 .text.log7.constprop.1
                0x0000000000409be0       0x5c miscutils/lib.a(crond.o)
 .text.log5     0x0000000000409c3c       0x58 miscutils/lib.a(crond.o)
 .text.load_crontab
                0x0000000000409c94      0x488 miscutils/lib.a(crond.o)
 .text.rescan_crontab_dir
                0x000000000040a11c      0x104 miscutils/lib.a(crond.o)
 .text.process_cron_update_file
                0x000000000040a220       0xbc miscutils/lib.a(crond.o)
 .text.fork_job
                0x000000000040a2dc      0x2ac miscutils/lib.a(crond.o)
 .text.start_one_job
                0x000000000040a588      0x1ac miscutils/lib.a(crond.o)
 .text.process_finished_job
                0x000000000040a734      0x144 miscutils/lib.a(crond.o)
 .text.crond_main
                0x000000000040a878      0x528 miscutils/lib.a(crond.o)
                0x000000000040a878                crond_main
 .text.edit_file
                0x000000000040ada0      0x100 miscutils/lib.a(crontab.o)
 .text.crontab_main
                0x000000000040aea0      0x400 miscutils/lib.a(crontab.o)
                0x000000000040aea0                crontab_main
 .text.microcom_main
                0x000000000040b2a0      0x45c miscutils/lib.a(microcom.o)
                0x000000000040b2a0                microcom_main
 .text.strings_main
                0x000000000040b6fc      0x2f8 miscutils/lib.a(strings.o)
                0x000000000040b6fc                strings_main
 .text.ptok     0x000000000040b9f4       0x38 miscutils/lib.a(time.o)
 .text.run_command
                0x000000000040ba2c      0x194 miscutils/lib.a(time.o)
 .text.time_main
                0x000000000040bbc0      0x5f4 miscutils/lib.a(time.o)
                0x000000000040bbc0                time_main
 .text.insmod_main
                0x000000000040c1b4      0x1f8 modutils/lib.a(insmod.o)
                0x000000000040c1b4                insmod_main
 .text.lsmod_main
                0x000000000040c3ac      0x1a0 modutils/lib.a(lsmod.o)
                0x000000000040c3ac                lsmod_main
 .text.read_config
                0x000000000040c54c       0x38 modutils/lib.a(modprobe.o)
 .text.gather_options_str
                0x000000000040c584       0xc8 modutils/lib.a(modprobe.o)
 .text.get_or_add_modentry
                0x000000000040c64c       0x1c modutils/lib.a(modprobe.o)
 .text.add_probe
                0x000000000040c668       0x78 modutils/lib.a(modprobe.o)
 .text.config_file_action
                0x000000000040c6e0      0x2a0 modutils/lib.a(modprobe.o)
 .text.do_modprobe
                0x000000000040c980      0x3f8 modutils/lib.a(modprobe.o)
 .text.modprobe_main
                0x000000000040cd78      0x5ec modutils/lib.a(modprobe.o)
                0x000000000040cd78                modprobe_main
 .text.replace  0x000000000040d364       0x24 modutils/lib.a(modutils.o)
                0x000000000040d364                replace
 .text.string_to_llist
                0x000000000040d388       0xd0 modutils/lib.a(modutils.o)
                0x000000000040d388                string_to_llist
 .text.filename2modname
                0x000000000040d458       0x90 modutils/lib.a(modutils.o)
                0x000000000040d458                filename2modname
 .text.helper_get_module
                0x000000000040d4e8       0xf0 modutils/lib.a(modutils.o)
 .text.moddb_get
                0x000000000040d5d8        0x8 modutils/lib.a(modutils.o)
                0x000000000040d5d8                moddb_get
 .text.moddb_get_or_create
                0x000000000040d5e0        0x8 modutils/lib.a(modutils.o)
                0x000000000040d5e0                moddb_get_or_create
 .text.parse_cmdline_module_options
                0x000000000040d5e8      0x148 modutils/lib.a(modutils.o)
                0x000000000040d5e8                parse_cmdline_module_options
 .text.bb_init_module
                0x000000000040d730       0xc8 modutils/lib.a(modutils.o)
                0x000000000040d730                bb_init_module
 .text.bb_delete_module
                0x000000000040d7f8       0x4c modutils/lib.a(modutils.o)
                0x000000000040d7f8                bb_delete_module
 .text.moderror
                0x000000000040d844       0x8c modutils/lib.a(modutils.o)
                0x000000000040d844                moderror
 .text.rmmod_main
                0x000000000040d8d0      0x160 modutils/lib.a(rmmod.o)
                0x000000000040d8d0                rmmod_main
 .text.arp_getdevhw
                0x000000000040da30       0xc8 networking/lib.a(arp.o)
 .text.arp_show
                0x000000000040daf8      0x408 networking/lib.a(arp.o)
 .text.arp_main
                0x000000000040df00      0x738 networking/lib.a(arp.o)
                0x000000000040df00                arp_main
 .text.finish   0x000000000040e638       0xac networking/lib.a(arping.o)
 .text.send_pack
                0x000000000040e6e4      0x180 networking/lib.a(arping.o)
 .text.catcher  0x000000000040e864       0xec networking/lib.a(arping.o)
 .text.arping_main
                0x000000000040e950      0x960 networking/lib.a(arping.o)
                0x000000000040e950                arping_main
 .text.read_file
                0x000000000040f2b0       0x74 networking/lib.a(brctl.o)
 .text.show_bridge
                0x000000000040f324      0x25c networking/lib.a(brctl.o)
 .text.write_uint
                0x000000000040f580       0xd0 networking/lib.a(brctl.o)
 .text.brctl_main
                0x000000000040f650      0x420 networking/lib.a(brctl.o)
                0x000000000040f650                brctl_main
 .text.ether_wake_main
                0x000000000040fa70      0x3a4 networking/lib.a(ether-wake.o)
                0x000000000040fa70                ether_wake_main
 .text.do_sethostname
                0x000000000040fe14       0xe0 networking/lib.a(hostname.o)
 .text.hostname_main
                0x000000000040fef4      0x208 networking/lib.a(hostname.o)
                0x000000000040fef4                hostname_main
 .text.ifconfig_main
                0x00000000004100fc      0x614 networking/lib.a(ifconfig.o)
                0x00000000004100fc                ifconfig_main
 .text.remove_fd_from_set
                0x0000000000410710       0x50 networking/lib.a(inetd.o)
 .text.init_ring
                0x0000000000410760       0x4c networking/lib.a(inetd.o)
 .text.discard_dg
                0x00000000004107ac       0x20 networking/lib.a(inetd.o)
 .text.maybe_close
                0x00000000004107cc       0x20 networking/lib.a(inetd.o)
 .text.free_servtab_strings
                0x00000000004107ec       0xc4 networking/lib.a(inetd.o)
 .text.bump_nofile
                0x00000000004108b0      0x13c networking/lib.a(inetd.o)
 .text.add_fd_to_set
                0x00000000004109ec       0xb0 networking/lib.a(inetd.o)
 .text.clean_up_and_exit
                0x0000000000410a9c       0x88 networking/lib.a(inetd.o)
 .text.reap_child
                0x0000000000410b24      0x124 networking/lib.a(inetd.o)
 .text.daytime_dg
                0x0000000000410c48      0x114 networking/lib.a(inetd.o)
 .text.daytime_stream
                0x0000000000410d5c       0x70 networking/lib.a(inetd.o)
 .text.machtime_dg
                0x0000000000410dcc       0xf8 networking/lib.a(inetd.o)
 .text.discard_stream
                0x0000000000410ec4       0x64 networking/lib.a(inetd.o)
 .text.echo_stream
                0x0000000000410f28       0x90 networking/lib.a(inetd.o)
 .text.echo_dg  0x0000000000410fb8       0xf0 networking/lib.a(inetd.o)
 .text.xzalloc_lsa
                0x00000000004110a8       0x64 networking/lib.a(inetd.o)
 .text.block_CHLD_HUP_ALRM
                0x000000000041110c       0x84 networking/lib.a(inetd.o)
 .text.rearm_alarm
                0x0000000000411190       0x30 networking/lib.a(inetd.o)
 .text.prepare_socket_fd
                0x00000000004111c0      0x140 networking/lib.a(inetd.o)
 .text.retry_network_setup
                0x0000000000411300       0x84 networking/lib.a(inetd.o)
 .text.restore_sigmask
                0x0000000000411384       0x1c networking/lib.a(inetd.o)
 .text.chargen_dg
                0x00000000004113a0      0x194 networking/lib.a(inetd.o)
 .text.chargen_stream
                0x0000000000411534       0xf0 networking/lib.a(inetd.o)
 .text.machtime_stream
                0x0000000000411624       0x7c networking/lib.a(inetd.o)
 .text.parse_one_line
                0x00000000004116a0      0x66c networking/lib.a(inetd.o)
 .text.reread_config_file
                0x0000000000411d0c      0x544 networking/lib.a(inetd.o)
 .text.inetd_main
                0x0000000000412250      0xb88 networking/lib.a(inetd.o)
                0x0000000000412250                inetd_main
 .text.UNSPEC_print
                0x0000000000412dd8       0xb0 networking/lib.a(interface.o)
 .text.UNSPEC_sprint
                0x0000000000412e88       0x2c networking/lib.a(interface.o)
 .text.INET6_input
                0x0000000000412eb4       0x10 networking/lib.a(interface.o)
 .text.INET6_sprint
                0x0000000000412ec4       0x54 networking/lib.a(interface.o)
 .text.INET_input
                0x0000000000412f18       0x10 networking/lib.a(interface.o)
 .text.INET_sprint
                0x0000000000412f28       0x54 networking/lib.a(interface.o)
 .text.ether_print
                0x0000000000412f7c       0x58 networking/lib.a(interface.o)
 .text.add_interface
                0x0000000000412fd4       0xd0 networking/lib.a(interface.o)
 .text.if_readlist_proc
                0x00000000004130a4      0x2e4 networking/lib.a(interface.o)
 .text.do_if_fetch
                0x0000000000413388      0x398 networking/lib.a(interface.o)
 .text.print_bytes_scaled
                0x0000000000413720       0xa0 networking/lib.a(interface.o)
 .text.ife_print6
                0x00000000004137c0      0x2c0 networking/lib.a(interface.o)
 .text.get_aftype
                0x0000000000413a80       0x70 networking/lib.a(interface.o)
                0x0000000000413a80                get_aftype
 .text.get_hwtype
                0x0000000000413af0       0x70 networking/lib.a(interface.o)
                0x0000000000413af0                get_hwtype
 .text.get_hwntype
                0x0000000000413b60       0x2c networking/lib.a(interface.o)
                0x0000000000413b60                get_hwntype
 .text.ife_print
                0x0000000000413b8c      0x578 networking/lib.a(interface.o)
 .text.display_interfaces
                0x0000000000414104      0x1e8 networking/lib.a(interface.o)
                0x0000000000414104                display_interfaces
 .text.unix_do_one
                0x00000000004142ec      0x3a8 networking/lib.a(netstat.o)
 .text.build_ipv6_addr
                0x0000000000414694       0xa8 networking/lib.a(netstat.o)
 .text.ip_port_str
                0x000000000041473c      0x118 networking/lib.a(netstat.o)
 .text.dir_act  0x0000000000414854      0x148 networking/lib.a(netstat.o)
 .text.add_to_prg_cache_if_socket
                0x000000000041499c      0x18c networking/lib.a(netstat.o)
 .text.do_info  0x0000000000414b28      0x144 networking/lib.a(netstat.o)
 .text.scan_inet_proc_line
                0x0000000000414c6c      0x124 networking/lib.a(netstat.o)
 .text.print_inet_line
                0x0000000000414d90      0x198 networking/lib.a(netstat.o)
 .text.raw_do_one
                0x0000000000414f28       0xb8 networking/lib.a(netstat.o)
 .text.udp_do_one
                0x0000000000414fe0       0xf0 networking/lib.a(netstat.o)
 .text.tcp_do_one
                0x00000000004150d0       0x98 networking/lib.a(netstat.o)
 .text.netstat_main
                0x0000000000415168      0x378 networking/lib.a(netstat.o)
                0x0000000000415168                netstat_main
 .text.set_default_dns
                0x00000000004154e0       0xac networking/lib.a(nslookup.o)
 .text.print_host
                0x000000000041558c      0x178 networking/lib.a(nslookup.o)
 .text.nslookup_main
                0x0000000000415704       0xcc networking/lib.a(nslookup.o)
                0x0000000000415704                nslookup_main
 .text.my_SQRT  0x00000000004157d0       0x4c networking/lib.a(ntpd.o)
 .text.filter_datapoints
                0x000000000041581c       0xf8 networking/lib.a(ntpd.o)
 .text.reset_peer_stats
                0x0000000000415914       0xb8 networking/lib.a(ntpd.o)
 .text.clamp_pollexp_and_set_MAXSTRAT
                0x00000000004159cc       0x40 networking/lib.a(ntpd.o)
 .text.compare_point_edge
                0x0000000000415a0c       0x28 networking/lib.a(ntpd.o)
 .text.compare_survivor_metric
                0x0000000000415a34       0x28 networking/lib.a(ntpd.o)
 .text.adjust_poll
                0x0000000000415a5c       0xb8 networking/lib.a(ntpd.o)
 .text.poll_interval
                0x0000000000415b14       0x64 networking/lib.a(ntpd.o)
 .text.resolve_peer_hostname
                0x0000000000415b78      0x104 networking/lib.a(ntpd.o)
 .text.gettime1900d
                0x0000000000415c7c       0x64 networking/lib.a(ntpd.o)
 .text.ntp_init
                0x0000000000415ce0      0x354 networking/lib.a(ntpd.o)
 .text.run_script
                0x0000000000416034      0x24c networking/lib.a(ntpd.o)
 .text.set_next.isra.0
                0x0000000000416280       0x30 networking/lib.a(ntpd.o)
 .text.step_time
                0x00000000004162b0      0x208 networking/lib.a(ntpd.o)
 .text.update_local_clock
                0x00000000004164b8      0x44c networking/lib.a(ntpd.o)
 .text.recv_and_process_peer_pkt
                0x0000000000416904      0xb08 networking/lib.a(ntpd.o)
 .text.ntpd_main
                0x000000000041740c      0x60c networking/lib.a(ntpd.o)
                0x000000000041740c                ntpd_main
 .text.unpack_tail
                0x0000000000417a18      0x1e0 networking/lib.a(ping.o)
 .text.print_stats_and_exit
                0x0000000000417bf8      0x198 networking/lib.a(ping.o)
 .text.sendping_tail.constprop.1
                0x0000000000417d90      0x1bc networking/lib.a(ping.o)
 .text.sendping4
                0x0000000000417f4c       0xcc networking/lib.a(ping.o)
 .text.sendping6
                0x0000000000418018       0xa8 networking/lib.a(ping.o)
 .text.ping6    0x00000000004180c0      0x498 networking/lib.a(ping.o)
 .text.common_ping_main
                0x0000000000418558      0x774 networking/lib.a(ping.o)
 .text.ping_main
                0x0000000000418ccc       0x10 networking/lib.a(ping.o)
                0x0000000000418ccc                ping_main
 .text.ping6_main
                0x0000000000418cdc       0x10 networking/lib.a(ping.o)
                0x0000000000418cdc                ping6_main
 .text.set_flags
                0x0000000000418cec       0x40 networking/lib.a(route.o)
 .text.kw_lookup
                0x0000000000418d2c       0xcc networking/lib.a(route.o)
 .text.INET6_displayroutes
                0x0000000000418df8      0x2dc networking/lib.a(route.o)
 .text.INET6_setroute
                0x00000000004190d4      0x344 networking/lib.a(route.o)
 .text.INET_setroute
                0x0000000000419418      0x4cc networking/lib.a(route.o)
 .text.bb_displayroutes
                0x00000000004198e4      0x2c8 networking/lib.a(route.o)
                0x00000000004198e4                bb_displayroutes
 .text.route_main
                0x0000000000419bac      0x1d0 networking/lib.a(route.o)
                0x0000000000419bac                route_main
 .text.handle_sigchld
                0x0000000000419d7c       0x9c networking/lib.a(telnetd.o)
 .text.make_new_session
                0x0000000000419e18      0x300 networking/lib.a(telnetd.o)
 .text.free_session
                0x000000000041a118      0x10c networking/lib.a(telnetd.o)
 .text.telnetd_main
                0x000000000041a224      0x9e0 networking/lib.a(telnetd.o)
                0x000000000041a224                telnetd_main
 .text.pr_type  0x000000000041ac04       0x78 networking/lib.a(traceroute.o)
 .text.packet_ok
                0x000000000041ac7c      0x46c networking/lib.a(traceroute.o)
 .text.common_traceroute_main
                0x000000000041b0e8      0xf58 networking/lib.a(traceroute.o)
 .text.traceroute_main
                0x000000000041c040        0x8 networking/lib.a(traceroute.o)
                0x000000000041c040                traceroute_main
 .text.traceroute6_main
                0x000000000041c048        0x8 networking/lib.a(traceroute.o)
                0x000000000041c048                traceroute6_main
 .text.xfind_str
                0x000000000041c050       0x74 networking/lib.a(vconfig.o)
 .text.vconfig_main
                0x000000000041c0c4      0x1a0 networking/lib.a(vconfig.o)
                0x000000000041c0c4                vconfig_main
 .text.alarm_handler
                0x000000000041c264       0x34 networking/lib.a(wget.o)
 .text.spawn_https_helper_openssl
                0x000000000041c298      0x268 networking/lib.a(wget.o)
 .text.set_alarm
                0x000000000041c500       0x4c networking/lib.a(wget.o)
 .text.open_socket
                0x000000000041c54c       0x70 networking/lib.a(wget.o)
 .text.base64enc
                0x000000000041c5bc       0x70 networking/lib.a(wget.o)
 .text.fgets_trim_sanitize
                0x000000000041c62c      0x114 networking/lib.a(wget.o)
 .text.reset_beg_range_to_zero
                0x000000000041c740       0x5c networking/lib.a(wget.o)
 .text.parse_url
                0x000000000041c79c      0x29c networking/lib.a(wget.o)
 .text.get_sanitized_hdr
                0x000000000041ca38      0x144 networking/lib.a(wget.o)
 .text.progress_meter
                0x000000000041cb7c      0x138 networking/lib.a(wget.o)
 .text.retrieve_file_data
                0x000000000041ccb4      0x418 networking/lib.a(wget.o)
 .text.ftpcmd   0x000000000041d0cc      0x118 networking/lib.a(wget.o)
 .text.wget_main
                0x000000000041d1e4      0xfbc networking/lib.a(wget.o)
                0x000000000041d1e4                wget_main
 .text.send_arp_request
                0x000000000041e1a0       0xfc networking/lib.a(zcip.o)
 .text.run      0x000000000041e29c      0x140 networking/lib.a(zcip.o)
 .text.zcip_main
                0x000000000041e3dc      0x6fc networking/lib.a(zcip.o)
                0x000000000041e3dc                zcip_main
 .text.parse_pasv_epsv
                0x000000000041ead8      0x134 networking/lib.a(parse_pasv_epsv.o)
                0x000000000041ead8                parse_pasv_epsv
 .text.dhcp6_remove_evdata
                0x000000000041ec0c       0x64 networking/udhcp/lib.a(dhcp6c.o)
 .text.dhcp6_create_event
                0x000000000041ec70       0xac networking/udhcp/lib.a(dhcp6c.o)
                0x000000000041ec70                dhcp6_create_event
 .text.dhcp6_remove_event
                0x000000000041ed1c      0x16c networking/udhcp/lib.a(dhcp6c.o)
                0x000000000041ed1c                dhcp6_remove_event
 .text.check_exit
                0x000000000041ee88       0xcc networking/udhcp/lib.a(dhcp6c.o)
 .text.construct_reqdata.isra.2
                0x000000000041ef54      0x1bc networking/udhcp/lib.a(dhcp6c.o)
 .text.client6_start
                0x000000000041f110       0x58 networking/udhcp/lib.a(dhcp6c.o)
                0x000000000041f110                client6_start
 .text.client6_expire_refreshtime
                0x000000000041f168       0x60 networking/udhcp/lib.a(dhcp6c.o)
 .text.client6_send
                0x000000000041f1c8      0x364 networking/udhcp/lib.a(dhcp6c.o)
                0x000000000041f1c8                client6_send
 .text.client6_timo
                0x000000000041f52c      0x358 networking/udhcp/lib.a(dhcp6c.o)
 .text.client6_recv
                0x000000000041f884      0x93c networking/udhcp/lib.a(dhcp6c.o)
 .text.client6_mainloop
                0x00000000004201c0      0x238 networking/udhcp/lib.a(dhcp6c.o)
 .text.dhcp6c_main
                0x00000000004203f8      0x368 networking/udhcp/lib.a(dhcp6c.o)
                0x00000000004203f8                dhcp6c_main
 .text.copyout_option
                0x0000000000420760      0x27c networking/udhcp/lib.a(dhcp6c_common.o)
 .text.dhcp6_find_listval
                0x00000000004209dc      0x1e8 networking/udhcp/lib.a(dhcp6c_common.o)
                0x00000000004209dc                dhcp6_find_listval
 .text.dhcp6_vbuf_copy
                0x0000000000420bc4       0x50 networking/udhcp/lib.a(dhcp6c_common.o)
                0x0000000000420bc4                dhcp6_vbuf_copy
 .text.dhcp6_vbuf_free
                0x0000000000420c14       0x44 networking/udhcp/lib.a(dhcp6c_common.o)
                0x0000000000420c14                dhcp6_vbuf_free
 .text.dhcp6_clear_listval
                0x0000000000420c58       0x58 networking/udhcp/lib.a(dhcp6c_common.o)
                0x0000000000420c58                dhcp6_clear_listval
 .text.dhcp6_clear_list
                0x0000000000420cb0       0x54 networking/udhcp/lib.a(dhcp6c_common.o)
                0x0000000000420cb0                dhcp6_clear_list
 .text.dhcp6_timer_add
                0x0000000000420d04       0xb8 networking/udhcp/lib.a(dhcp6c_common.o)
                0x0000000000420d04                dhcp6_timer_add
 .text.dhcp6_timer_remove
                0x0000000000420dbc       0x58 networking/udhcp/lib.a(dhcp6c_common.o)
                0x0000000000420dbc                dhcp6_timer_remove
 .text.dhcp6_timer_set
                0x0000000000420e14       0xa8 networking/udhcp/lib.a(dhcp6c_common.o)
                0x0000000000420e14                dhcp6_timer_set
 .text.dhcp6_timer_check
                0x0000000000420ebc      0x1c0 networking/udhcp/lib.a(dhcp6c_common.o)
                0x0000000000420ebc                dhcp6_timer_check
 .text.dhcp6_timer_rest
                0x000000000042107c       0x58 networking/udhcp/lib.a(dhcp6c_common.o)
                0x000000000042107c                dhcp6_timer_rest
 .text.prefix6_mask
                0x00000000004210d4       0xd8 networking/udhcp/lib.a(dhcp6c_common.o)
                0x00000000004210d4                prefix6_mask
 .text.dhcp6_init_options
                0x00000000004211ac       0x8c networking/udhcp/lib.a(dhcp6c_common.o)
                0x00000000004211ac                dhcp6_init_options
 .text.dhcp6_clear_options
                0x0000000000421238       0x78 networking/udhcp/lib.a(dhcp6c_common.o)
                0x0000000000421238                dhcp6_clear_options
 .text.dhcp6_set_timeoparam
                0x00000000004212b0       0xbc networking/udhcp/lib.a(dhcp6c_common.o)
                0x00000000004212b0                dhcp6_set_timeoparam
 .text.dhcp6optstr
                0x000000000042136c       0x60 networking/udhcp/lib.a(dhcp6c_common.o)
                0x000000000042136c                dhcp6optstr
 .text.dhcp6_add_listval
                0x00000000004213cc      0x194 networking/udhcp/lib.a(dhcp6c_common.o)
                0x00000000004213cc                dhcp6_add_listval
 .text.dhcp6_copy_list
                0x0000000000421560       0x60 networking/udhcp/lib.a(dhcp6c_common.o)
                0x0000000000421560                dhcp6_copy_list
 .text.dhcp6_copy_options
                0x00000000004215c0      0x120 networking/udhcp/lib.a(dhcp6c_common.o)
                0x00000000004215c0                dhcp6_copy_options
 .text.copyin_option
                0x00000000004216e0      0x42c networking/udhcp/lib.a(dhcp6c_common.o)
 .text.dhcp6_get_options
                0x0000000000421b0c      0x594 networking/udhcp/lib.a(dhcp6c_common.o)
                0x0000000000421b0c                dhcp6_get_options
 .text.dhcp6_set_iaoptions.isra.0
                0x00000000004220a0       0xc4 networking/udhcp/lib.a(dhcp6c_common.o)
 .text.copy_option
                0x0000000000422164      0x104 networking/udhcp/lib.a(dhcp6c_common.o)
 .text.dhcp6msgstr
                0x0000000000422268       0x58 networking/udhcp/lib.a(dhcp6c_common.o)
                0x0000000000422268                dhcp6msgstr
 .text.dhcp6_set_options
                0x00000000004222c0      0x3bc networking/udhcp/lib.a(dhcp6c_common.o)
                0x00000000004222c0                dhcp6_set_options
 .text.dhcp6stcodestr
                0x000000000042267c       0x58 networking/udhcp/lib.a(dhcp6c_common.o)
                0x000000000042267c                dhcp6stcodestr
 .text.duidstr  0x00000000004226d4       0xec networking/udhcp/lib.a(dhcp6c_common.o)
                0x00000000004226d4                duidstr
 .text.get_duid
                0x00000000004227c0      0x47c networking/udhcp/lib.a(dhcp6c_common.o)
                0x00000000004227c0                get_duid
 .text.dhcp6_event_statestr
                0x0000000000422c3c       0x8c networking/udhcp/lib.a(dhcp6c_common.o)
                0x0000000000422c3c                dhcp6_event_statestr
 .text.dhcp6_reset_timer
                0x0000000000422cc8      0x1b0 networking/udhcp/lib.a(dhcp6c_common.o)
                0x0000000000422cc8                dhcp6_reset_timer
 .text.add_cfparam
                0x0000000000422e78       0x44 networking/udhcp/lib.a(dhcp6c_config.o)
 .text.cleanup_cflist
                0x0000000000422ebc       0x78 networking/udhcp/lib.a(dhcp6c_config.o)
 .text.clear_iaconf
                0x0000000000422f34      0x118 networking/udhcp/lib.a(dhcp6c_config.o)
 .text.create_prefiff
                0x000000000042304c       0x90 networking/udhcp/lib.a(dhcp6c_config.o)
 .text.add_cflevel0
                0x00000000004230dc      0x150 networking/udhcp/lib.a(dhcp6c_config.o)
 .text.create_assoc
                0x000000000042322c       0xe4 networking/udhcp/lib.a(dhcp6c_config.o)
 .text.create_iface
                0x0000000000423310       0x44 networking/udhcp/lib.a(dhcp6c_config.o)
 .text.parse_assoc
                0x0000000000423354      0x198 networking/udhcp/lib.a(dhcp6c_config.o)
 .text.add_prefix6
                0x00000000004234ec      0x27c networking/udhcp/lib.a(dhcp6c_config.o)
 .text.parse_prefiff
                0x0000000000423768      0x104 networking/udhcp/lib.a(dhcp6c_config.o)
 .text.parse_iface
                0x000000000042386c      0x288 networking/udhcp/lib.a(dhcp6c_config.o)
 .text.clear_ifconf
                0x0000000000423af4       0x98 networking/udhcp/lib.a(dhcp6c_config.o)
                0x0000000000423af4                clear_ifconf
 .text.find_iaconf
                0x0000000000423b8c       0x30 networking/udhcp/lib.a(dhcp6c_config.o)
                0x0000000000423b8c                find_iaconf
 .text.read_config6
                0x0000000000423bbc      0xc5c networking/udhcp/lib.a(dhcp6c_config.o)
                0x0000000000423bbc                read_config6
 .text.prepare_iaevent
                0x0000000000424818      0x238 networking/udhcp/lib.a(dhcp6c_ia.o)
 .text.ia_timo  0x0000000000424a50      0x14c networking/udhcp/lib.a(dhcp6c_ia.o)
 .text.remove_iaprefix
                0x0000000000424b9c      0x16c networking/udhcp/lib.a(dhcp6c_ia.o)
 .text.remove_ia
                0x0000000000424d08      0x150 networking/udhcp/lib.a(dhcp6c_ia.o)
 .text.iapref_timo
                0x0000000000424e58      0x108 networking/udhcp/lib.a(dhcp6c_ia.o)
 .text.update_prefix6
                0x0000000000424f60      0x5a8 networking/udhcp/lib.a(dhcp6c_ia.o)
 .text.update_ia
                0x0000000000425508      0x620 networking/udhcp/lib.a(dhcp6c_ia.o)
                0x0000000000425508                update_ia
 .text.release_all_ia
                0x0000000000425b28       0xc8 networking/udhcp/lib.a(dhcp6c_ia.o)
                0x0000000000425b28                release_all_ia
 .text.destruct_iadata
                0x0000000000425bf0       0x8c networking/udhcp/lib.a(dhcp6c_ia.o)
                0x0000000000425bf0                destruct_iadata
 .text.fill_envp_client6
                0x0000000000425c7c      0x284 networking/udhcp/lib.a(dhcp6c_script.o)
                0x0000000000425c7c                fill_envp_client6
 .text.dhcp6_script
                0x0000000000425f00       0xb0 networking/udhcp/lib.a(dhcp6c_script.o)
                0x0000000000425f00                dhcp6_script
 .text.sock6_init
                0x0000000000425fb0      0x154 networking/udhcp/lib.a(dhcp6c_socket.o)
                0x0000000000425fb0                sock6_init
 .text.ifaddrconf
                0x0000000000426104      0x258 networking/udhcp/lib.a(dhcp6c_socket.o)
                0x0000000000426104                ifaddrconf
 .text.client_background
                0x000000000042635c       0x58 networking/udhcp/lib.a(dhcpc.o)
 .text.alloc_dhcp_option
                0x00000000004263b4       0xb0 networking/udhcp/lib.a(dhcpc.o)
 .text.init_packet
                0x0000000000426464       0xf8 networking/udhcp/lib.a(dhcpc.o)
 .text.add_client_options
                0x000000000042655c      0x1ac networking/udhcp/lib.a(dhcpc.o)
 .text.raw_bcast_from_client_data_ifindex
                0x0000000000426708       0x58 networking/udhcp/lib.a(dhcpc.o)
 .text.send_discover
                0x0000000000426760       0xac networking/udhcp/lib.a(dhcpc.o)
 .text.send_select
                0x000000000042680c       0xcc networking/udhcp/lib.a(dhcpc.o)
 .text.send_decline
                0x00000000004268d8       0x9c networking/udhcp/lib.a(dhcpc.o)
 .text.bcast_or_ucast
                0x0000000000426974       0x3c networking/udhcp/lib.a(dhcpc.o)
 .text.send_renew
                0x00000000004269b0       0xa4 networking/udhcp/lib.a(dhcpc.o)
 .text.udhcp_recv_raw_packet
                0x0000000000426a54      0x308 networking/udhcp/lib.a(dhcpc.o)
 .text.sprint_nip
                0x0000000000426d5c       0x50 networking/udhcp/lib.a(dhcpc.o)
 .text.change_listen_mode
                0x0000000000426dac      0x1b8 networking/udhcp/lib.a(dhcpc.o)
 .text.xmalloc_optname_optval.isra.0
                0x0000000000426f64      0x3cc networking/udhcp/lib.a(dhcpc.o)
 .text.udhcp_run_script
                0x0000000000427330      0x540 networking/udhcp/lib.a(dhcpc.o)
 .text.perform_release
                0x0000000000427870      0x140 networking/udhcp/lib.a(dhcpc.o)
 .text.udhcpc_main
                0x00000000004279b0      0xe88 networking/udhcp/lib.a(dhcpc.o)
                0x00000000004279b0                udhcpc_main
 .text.udhcp_init_header
                0x0000000000428838       0xa8 networking/udhcp/lib.a(packet.o)
                0x0000000000428838                udhcp_init_header
 .text.udhcp_recv_kernel_packet
                0x00000000004288e0       0xf8 networking/udhcp/lib.a(packet.o)
                0x00000000004288e0                udhcp_recv_kernel_packet
 .text.udhcp_send_raw_packet
                0x00000000004289d8      0x258 networking/udhcp/lib.a(packet.o)
                0x00000000004289d8                udhcp_send_raw_packet
 .text.udhcp_send_kernel_packet
                0x0000000000428c30      0x1cc networking/udhcp/lib.a(packet.o)
                0x0000000000428c30                udhcp_send_kernel_packet
 .text.signal_handler
                0x0000000000428dfc       0x74 networking/udhcp/lib.a(signalpipe.o)
 .text.udhcp_sp_setup
                0x0000000000428e70       0xcc networking/udhcp/lib.a(signalpipe.o)
                0x0000000000428e70                udhcp_sp_setup
 .text.udhcp_sp_fd_set
                0x0000000000428f3c       0x6c networking/udhcp/lib.a(signalpipe.o)
                0x0000000000428f3c                udhcp_sp_fd_set
 .text.udhcp_sp_read
                0x0000000000428fa8       0x3c networking/udhcp/lib.a(signalpipe.o)
                0x0000000000428fa8                udhcp_sp_read
 .text.udhcp_read_interface
                0x0000000000428fe4      0x224 networking/udhcp/lib.a(socket.o)
                0x0000000000428fe4                udhcp_read_interface
 .text.udhcp_listen_socket
                0x0000000000429208      0x154 networking/udhcp/lib.a(socket.o)
                0x0000000000429208                udhcp_listen_socket
 .text.arpping  0x000000000042935c      0x320 networking/udhcp/lib.a(arpping.o)
                0x000000000042935c                arpping
 .text.udhcp_option_idx
                0x000000000042967c       0xd8 networking/udhcp/lib.a(common.o)
                0x000000000042967c                udhcp_option_idx
 .text.udhcp_get_option
                0x0000000000429754       0xf4 networking/udhcp/lib.a(common.o)
                0x0000000000429754                udhcp_get_option
 .text.udhcp_get_option32
                0x0000000000429848       0x2c networking/udhcp/lib.a(common.o)
                0x0000000000429848                udhcp_get_option32
 .text.udhcp_end_option
                0x0000000000429874       0x3c networking/udhcp/lib.a(common.o)
                0x0000000000429874                udhcp_end_option
 .text.udhcp_add_binary_option
                0x00000000004298b0       0xa0 networking/udhcp/lib.a(common.o)
                0x00000000004298b0                udhcp_add_binary_option
 .text.udhcp_add_simple_option
                0x0000000000429950       0x84 networking/udhcp/lib.a(common.o)
                0x0000000000429950                udhcp_add_simple_option
 .text.udhcp_find_option
                0x00000000004299d4       0x34 networking/udhcp/lib.a(common.o)
                0x00000000004299d4                udhcp_find_option
 .text.attach_option
                0x0000000000429a08      0x1d8 networking/udhcp/lib.a(common.o)
 .text.udhcp_str2nip
                0x0000000000429be0       0x8c networking/udhcp/lib.a(common.o)
                0x0000000000429be0                udhcp_str2nip
 .text.udhcp_str2optset
                0x0000000000429c6c      0x3ac networking/udhcp/lib.a(common.o)
                0x0000000000429c6c                udhcp_str2optset
 .text.sprint_nip6
                0x000000000042a018       0x9c networking/udhcp/lib.a(common.o)
                0x000000000042a018                sprint_nip6
 .text.parse_meminfo
                0x000000000042a0b4      0x124 procps/lib.a(free.o)
 .text.free_main
                0x000000000042a1d8      0x330 procps/lib.a(free.o)
                0x000000000042a1d8                free_main
 .text.search_dev_inode
                0x000000000042a508       0x7c procps/lib.a(fuser.o)
 .text.add_inode
                0x000000000042a584       0xc4 procps/lib.a(fuser.o)
 .text.scan_proc_net_or_maps
                0x000000000042a648      0x244 procps/lib.a(fuser.o)
 .text.scan_recursive
                0x000000000042a88c      0x2a4 procps/lib.a(fuser.o)
 .text.fuser_main
                0x000000000042ab30      0x21c procps/lib.a(fuser.o)
                0x000000000042ab30                fuser_main
 .text.kill_main
                0x000000000042ad4c      0x45c procps/lib.a(kill.o)
                0x000000000042ad4c                kill_main
 .text.lsof_main
                0x000000000042b1a8      0x188 procps/lib.a(lsof.o)
                0x000000000042b1a8                lsof_main
 .text.act.isra.0
                0x000000000042b330       0x40 procps/lib.a(pgrep.o)
 .text.pgrep_main
                0x000000000042b370      0x390 procps/lib.a(pgrep.o)
                0x000000000042b370                pgrep_main
 .text.pidof_main
                0x000000000042b700      0x1cc procps/lib.a(pidof.o)
                0x000000000042b700                pidof_main
 .text.get_uptime
                0x000000000042b8cc       0x38 procps/lib.a(ps.o)
 .text.ps_main  0x000000000042b904      0x434 procps/lib.a(ps.o)
                0x000000000042b904                ps_main
 .text.sysctl_act_on_setting
                0x000000000042bd38      0x340 procps/lib.a(sysctl.o)
 .text.sysctl_dots_to_slashes
                0x000000000042c078      0x14c procps/lib.a(sysctl.o)
 .text.sysctl_act_recursive
                0x000000000042c1c4      0x178 procps/lib.a(sysctl.o)
 .text.sysctl_main
                0x000000000042c33c      0x220 procps/lib.a(sysctl.o)
                0x000000000042c33c                sysctl_main
 .text.pid_sort
                0x000000000042c55c       0x10 procps/lib.a(top.o)
 .text.mem_sort
                0x000000000042c56c       0x24 procps/lib.a(top.o)
 .text.pcpu_sort
                0x000000000042c590       0x10 procps/lib.a(top.o)
 .text.time_sort
                0x000000000042c5a0       0x24 procps/lib.a(top.o)
 .text.mult_lvl_cmp
                0x000000000042c5c4       0x8c procps/lib.a(top.o)
 .text.topmem_sort
                0x000000000042c650       0x5c procps/lib.a(top.o)
 .text.fmt_100percent_8
                0x000000000042c6ac       0xd4 procps/lib.a(top.o)
 .text.read_cpu_jiffy
                0x000000000042c780      0x1b0 procps/lib.a(top.o)
 .text.get_jiffy_counts
                0x000000000042c930      0x194 procps/lib.a(top.o)
 .text.do_stats
                0x000000000042cac4      0x118 procps/lib.a(top.o)
 .text.ulltoa6_and_space
                0x000000000042cbdc       0x30 procps/lib.a(top.o)
 .text.parse_meminfo
                0x000000000042cc0c      0x11c procps/lib.a(top.o)
 .text.display_topmem_process_list
                0x000000000042cd28      0x35c procps/lib.a(top.o)
 .text.display_header
                0x000000000042d084      0x380 procps/lib.a(top.o)
 .text.display_process_list
                0x000000000042d404      0x394 procps/lib.a(top.o)
 .text.handle_input
                0x000000000042d798      0x338 procps/lib.a(top.o)
 .text.clearmems
                0x000000000042dad0       0x54 procps/lib.a(top.o)
 .text.reset_term
                0x000000000042db24       0x30 procps/lib.a(top.o)
 .text.sig_catcher
                0x000000000042db54       0x24 procps/lib.a(top.o)
 .text.top_main
                0x000000000042db78      0x574 procps/lib.a(top.o)
                0x000000000042db78                top_main
 .text.uptime_main
                0x000000000042e0ec      0x214 procps/lib.a(uptime.o)
                0x000000000042e0ec                uptime_main
 .text.watch_main
                0x000000000042e300      0x1c0 procps/lib.a(watch.o)
                0x000000000042e300                watch_main
 .text.isdigit_str9
                0x000000000042e4c0       0x24 shell/lib.a(ash.o)
 .text.stunalloc
                0x000000000042e4e4       0x2c shell/lib.a(ash.o)
 .text.prefix   0x000000000042e510       0x2c shell/lib.a(ash.o)
 .text.is_number
                0x000000000042e53c       0x34 shell/lib.a(ash.o)
 .text.varcmp   0x000000000042e570       0x54 shell/lib.a(ash.o)
 .text.hashvar  0x000000000042e5c4       0x58 shell/lib.a(ash.o)
 .text.vpcmp    0x000000000042e61c        0xc shell/lib.a(ash.o)
 .text.findvar  0x000000000042e628       0x50 shell/lib.a(ash.o)
 .text.set_curjob
                0x000000000042e678       0x74 shell/lib.a(ash.o)
 .text.getstatus
                0x000000000042e6ec       0x9c shell/lib.a(ash.o)
 .text.skiploop
                0x000000000042e788       0x40 shell/lib.a(ash.o)
 .text.falsecmd
                0x000000000042e7c8        0x8 shell/lib.a(ash.o)
 .text.truecmd  0x000000000042e7d0        0x8 shell/lib.a(ash.o)
 .text.bltincmd
                0x000000000042e7d8       0x18 shell/lib.a(ash.o)
 .text.nlnoprompt
                0x000000000042e7f0       0x28 shell/lib.a(ash.o)
 .text.pungetc  0x000000000042e818       0x18 shell/lib.a(ash.o)
 .text.pushfile
                0x000000000042e830       0x3c shell/lib.a(ash.o)
 .text.pushredir
                0x000000000042e86c       0xc8 shell/lib.a(ash.o)
 .text.freealias
                0x000000000042e934       0x88 shell/lib.a(ash.o)
 .text.freeparam
                0x000000000042e9bc       0x70 shell/lib.a(ash.o)
 .text.freefunc
                0x000000000042ea2c       0x34 shell/lib.a(ash.o)
 .text.SIT      0x000000000042ea60       0xc8 shell/lib.a(ash.o)
 .text.nodeckstrdup
                0x000000000042eb28       0x6c shell/lib.a(ash.o)
 .text.copynode
                0x000000000042eb94      0x178 shell/lib.a(ash.o)
 .text.copynodelist
                0x000000000042ed0c       0x74 shell/lib.a(ash.o)
 .text.__lookupalias
                0x000000000042ed80       0xa4 shell/lib.a(ash.o)
 .text.pstrcmp1
                0x000000000042ee24       0x18 shell/lib.a(ash.o)
 .text.cmdlookup
                0x000000000042ee3c      0x108 shell/lib.a(ash.o)
 .text.pstrcmp  0x000000000042ef44       0x14 shell/lib.a(ash.o)
 .text.msort    0x000000000042ef58       0xfc shell/lib.a(ash.o)
 .text.raise_exception
                0x000000000042f054       0x3c shell/lib.a(ash.o)
 .text.setsignal
                0x000000000042f090      0x1fc shell/lib.a(ash.o)
 .text.ignoresig
                0x000000000042f28c       0x60 shell/lib.a(ash.o)
 .text.raise_interrupt
                0x000000000042f2ec       0x80 shell/lib.a(ash.o)
 .text.signal_handler
                0x000000000042f36c       0x98 shell/lib.a(ash.o)
 .text.force_int_on
                0x000000000042f404       0x40 shell/lib.a(ash.o)
 .text.int_on   0x000000000042f444       0x50 shell/lib.a(ash.o)
 .text.flush_stdout_stderr
                0x000000000042f494       0x48 shell/lib.a(ash.o)
 .text.clearcmdentry
                0x000000000042f4dc       0xd4 shell/lib.a(ash.o)
 .text.changepath
                0x000000000042f5b0      0x114 shell/lib.a(ash.o)
 .text.ifsfree  0x000000000042f6c4       0x88 shell/lib.a(ash.o)
 .text.unalias  0x000000000042f74c       0x70 shell/lib.a(ash.o)
 .text.popstring
                0x000000000042f7bc      0x120 shell/lib.a(ash.o)
 .text.popfile  0x000000000042f8dc       0xc8 shell/lib.a(ash.o)
 .text.unwindfiles
                0x000000000042f9a4       0x44 shell/lib.a(ash.o)
 .text.setinputstring
                0x000000000042f9e8       0x74 shell/lib.a(ash.o)
 .text.pushstring
                0x000000000042fa5c      0x10c shell/lib.a(ash.o)
 .text.delete_cmd_entry
                0x000000000042fb68       0x7c shell/lib.a(ash.o)
 .text.recordregion
                0x000000000042fbe4       0xb0 shell/lib.a(ash.o)
 .text.removerecordregions
                0x000000000042fc94      0x16c shell/lib.a(ash.o)
 .text.freejob  0x000000000042fe00       0xc4 shell/lib.a(ash.o)
 .text.popstackmark
                0x000000000042fec4       0xa0 shell/lib.a(ash.o)
 .text.out1fmt  0x000000000042ff64       0x5c shell/lib.a(ash.o)
 .text.dup_CLOEXEC
                0x000000000042ffc0       0x90 shell/lib.a(ash.o)
 .text.newline_and_flush
                0x0000000000430050       0x88 shell/lib.a(ash.o)
 .text.ash_vmsg
                0x00000000004300d8      0x110 shell/lib.a(ash.o)
 .text.ash_msg_and_raise_error
                0x00000000004301e8       0x4c shell/lib.a(ash.o)
 .text.setvareq
                0x0000000000430234      0x1fc shell/lib.a(ash.o)
 .text.listsetvar
                0x0000000000430430       0x74 shell/lib.a(ash.o)
 .text.setvar   0x00000000004304a4      0x14c shell/lib.a(ash.o)
 .text.change_epoch
                0x00000000004305f0       0x88 shell/lib.a(ash.o)
 .text.change_realtime
                0x0000000000430678       0x20 shell/lib.a(ash.o)
 .text.change_seconds
                0x0000000000430698       0x20 shell/lib.a(ash.o)
 .text.setvar0  0x00000000004306b8        0x8 shell/lib.a(ash.o)
 .text.dup2_or_raise
                0x00000000004306c0       0x58 shell/lib.a(ash.o)
 .text.popredir
                0x0000000000430718      0x13c shell/lib.a(ash.o)
 .text.xtcsetpgrp
                0x0000000000430854       0x3c shell/lib.a(ash.o)
 .text.raise_error_syntax
                0x0000000000430890       0x3c shell/lib.a(ash.o)
 .text.nextopt  0x00000000004308cc      0x10c shell/lib.a(ash.o)
 .text.unsetcmd
                0x00000000004309d8       0xb4 shell/lib.a(ash.o)
 .text.unaliascmd
                0x0000000000430a8c      0x128 shell/lib.a(ash.o)
 .text.cdopt    0x0000000000430bb4       0x5c shell/lib.a(ash.o)
 .text.xdup_CLOEXEC_and_close
                0x0000000000430c10       0xc4 shell/lib.a(ash.o)
 .text.ash_msg  0x0000000000430cd4       0x2c shell/lib.a(ash.o)
 .text.setjobctl
                0x0000000000430d00      0x228 shell/lib.a(ash.o)
 .text.optschanged
                0x0000000000430f28       0xd0 shell/lib.a(ash.o)
 .text.helpcmd  0x0000000000430ff8       0xe8 shell/lib.a(ash.o)
 .text.stalloc  0x00000000004310e0       0xf0 shell/lib.a(ash.o)
 .text.pushstackmark
                0x00000000004311d0       0x30 shell/lib.a(ash.o)
 .text.setstackmark
                0x0000000000431200       0x3c shell/lib.a(ash.o)
 .text.sstrdup  0x000000000043123c       0x5c shell/lib.a(ash.o)
 .text.setparam
                0x0000000000431298       0xd8 shell/lib.a(ash.o)
 .text.options  0x0000000000431370      0x374 shell/lib.a(ash.o)
 .text.setinputfile
                0x00000000004316e4      0x164 shell/lib.a(ash.o)
 .text.mklocal  0x0000000000431848      0x1dc shell/lib.a(ash.o)
 .text.localcmd
                0x0000000000431a24       0x5c shell/lib.a(ash.o)
 .text.number   0x0000000000431a80       0x44 shell/lib.a(ash.o)
 .text.shiftcmd
                0x0000000000431ac4       0xe0 shell/lib.a(ash.o)
 .text.returncmd
                0x0000000000431ba4       0x34 shell/lib.a(ash.o)
 .text.breakcmd
                0x0000000000431bd8       0x9c shell/lib.a(ash.o)
 .text.getjob   0x0000000000431c74      0x1d0 shell/lib.a(ash.o)
 .text.setpwd   0x0000000000431e44      0x13c shell/lib.a(ash.o)
 .text.pwdcmd   0x0000000000431f80       0x74 shell/lib.a(ash.o)
 .text.out2str  0x0000000000431ff4       0x54 shell/lib.a(ash.o)
 .text.pgetc    0x0000000000432048      0x30c shell/lib.a(ash.o)
 .text.pgetc_without_PEOA
                0x0000000000432354       0x2c shell/lib.a(ash.o)
 .text.stoppedjobs
                0x0000000000432380       0x74 shell/lib.a(ash.o)
 .text.exitcmd  0x00000000004323f4       0x64 shell/lib.a(ash.o)
 .text.stzalloc
                0x0000000000432458       0x44 shell/lib.a(ash.o)
 .text.makename
                0x000000000043249c       0x3c shell/lib.a(ash.o)
 .text.addfname
                0x00000000004324d8       0x54 shell/lib.a(ash.o)
 .text.find_builtin
                0x000000000043252c       0x44 shell/lib.a(ash.o)
 .text.findkwd  0x0000000000432570       0x44 shell/lib.a(ash.o)
 .text.fmtstr   0x00000000004325b4       0x54 shell/lib.a(ash.o)
 .text.sprint_status48
                0x0000000000432608      0x114 shell/lib.a(ash.o)
 .text.dowait   0x000000000043271c      0x310 shell/lib.a(ash.o)
 .text.waitcmd  0x0000000000432a2c      0x204 shell/lib.a(ash.o)
 .text.waitforjob
                0x0000000000432c30       0xe0 shell/lib.a(ash.o)
 .text.showjob  0x0000000000432d10      0x288 shell/lib.a(ash.o)
 .text.showjobs
                0x0000000000432f98       0x78 shell/lib.a(ash.o)
 .text.jobscmd  0x0000000000433010       0xa8 shell/lib.a(ash.o)
 .text.umaskcmd
                0x00000000004330b8      0x1c4 shell/lib.a(ash.o)
 .text.ulimitcmd
                0x000000000043327c       0x10 shell/lib.a(ash.o)
 .text.scanleft
                0x000000000043328c       0xbc shell/lib.a(ash.o)
 .text.scanright
                0x0000000000433348      0x118 shell/lib.a(ash.o)
 .text.ash_arith
                0x0000000000433460       0x84 shell/lib.a(ash.o)
 .text.substr_atoi
                0x00000000004334e4       0x70 shell/lib.a(ash.o)
 .text.letcmd   0x0000000000433554       0x50 shell/lib.a(ash.o)
 .text.makejob  0x00000000004335a4      0x1ec shell/lib.a(ash.o)
 .text.growstackblock
                0x0000000000433790      0x124 shell/lib.a(ash.o)
 .text.makestrspace
                0x00000000004338b4       0x74 shell/lib.a(ash.o)
 .text.single_quote
                0x0000000000433928      0x130 shell/lib.a(ash.o)
 .text.printalias
                0x0000000000433a58       0x3c shell/lib.a(ash.o)
 .text.aliascmd
                0x0000000000433a94      0x200 shell/lib.a(ash.o)
 .text.maybe_single_quote
                0x0000000000433c94       0x50 shell/lib.a(ash.o)
 .text.memtodest
                0x0000000000433ce4      0x11c shell/lib.a(ash.o)
 .text.stack_putstr
                0x0000000000433e00       0x64 shell/lib.a(ash.o)
 .text.cvtnum   0x0000000000433e64       0x70 shell/lib.a(ash.o)
 .text.rmescapes
                0x0000000000433ed4      0x268 shell/lib.a(ash.o)
 .text.cmdputs  0x000000000043413c      0x264 shell/lib.a(ash.o)
 .text.growstackstr
                0x00000000004343a0       0x48 shell/lib.a(ash.o)
 .text._STPUTC  0x00000000004343e8       0x54 shell/lib.a(ash.o)
 .text.listvars
                0x000000000043443c      0x100 shell/lib.a(ash.o)
 .text.path_advance
                0x000000000043453c      0x190 shell/lib.a(ash.o)
 .text.find_dot_file
                0x00000000004346cc       0xe8 shell/lib.a(ash.o)
 .text.forkchild
                0x00000000004347b4      0x35c shell/lib.a(ash.o)
 .text.tryexec  0x0000000000434b10       0xb0 shell/lib.a(ash.o)
 .text.errmsg   0x0000000000434bc0       0x38 shell/lib.a(ash.o)
 .text.trapcmd  0x0000000000434bf8      0x1fc shell/lib.a(ash.o)
 .text.timescmd
                0x0000000000434df4       0xe4 shell/lib.a(ash.o)
 .text.showvars
                0x0000000000434ed8      0x12c shell/lib.a(ash.o)
 .text.setcmd   0x0000000000435004       0xa0 shell/lib.a(ash.o)
 .text.exportcmd
                0x00000000004350a4      0x13c shell/lib.a(ash.o)
 .text.printfcmd
                0x00000000004351e0       0x10 shell/lib.a(ash.o)
 .text.killcmd  0x00000000004351f0      0x1a0 shell/lib.a(ash.o)
 .text.historycmd
                0x0000000000435390       0x40 shell/lib.a(ash.o)
 .text.echocmd  0x00000000004353d0       0x10 shell/lib.a(ash.o)
 .text.testcmd  0x00000000004353e0       0x10 shell/lib.a(ash.o)
 .text.expmeta  0x00000000004353f0      0x3c8 shell/lib.a(ash.o)
 .text.raise_error_unexpected_syntax
                0x00000000004357b8       0xe4 shell/lib.a(ash.o)
 .text.calcsize
                0x000000000043589c      0x1e0 shell/lib.a(ash.o)
 .text.cmdtxt   0x0000000000435a7c      0x3d8 shell/lib.a(ash.o)
 .text.forkshell
                0x0000000000435e54      0x1b0 shell/lib.a(ash.o)
 .text.ash_msg_and_raise.constprop.5
                0x0000000000436004       0x34 shell/lib.a(ash.o)
 .text.shellexec
                0x0000000000436038      0x174 shell/lib.a(ash.o)
 .text.execcmd  0x00000000004361ac       0xc0 shell/lib.a(ash.o)
 .text.out1str  0x000000000043626c       0x4c shell/lib.a(ash.o)
 .text.fg_bgcmd
                0x00000000004362b8      0x204 shell/lib.a(ash.o)
 .text.lookupvar
                0x00000000004364bc       0xb0 shell/lib.a(ash.o)
 .text.init     0x000000000043656c      0x268 shell/lib.a(ash.o)
 .text.varvalue
                0x00000000004367d4      0x39c shell/lib.a(ash.o)
 .text.evalvar  0x0000000000436b70      0x34c shell/lib.a(ash.o)
 .text.argstr   0x0000000000436ebc      0x4b0 shell/lib.a(ash.o)
 .text.subevalvar
                0x000000000043736c      0x6e8 shell/lib.a(ash.o)
 .text.expandarg
                0x0000000000437a54      0x5a0 shell/lib.a(ash.o)
 .text.openredirect
                0x0000000000437ff4      0x324 shell/lib.a(ash.o)
 .text.redirect
                0x0000000000438318      0x350 shell/lib.a(ash.o)
 .text.redirectsafe.constprop.3
                0x0000000000438668       0xdc shell/lib.a(ash.o)
 .text.expredir
                0x0000000000438744      0x144 shell/lib.a(ash.o)
 .text.expandstr
                0x0000000000438888      0x1b8 shell/lib.a(ash.o)
 .text.setprompt_if
                0x0000000000438a40       0xe8 shell/lib.a(ash.o)
 .text.nlprompt
                0x0000000000438b28       0x24 shell/lib.a(ash.o)
 .text.pgetc_eatbnl
                0x0000000000438b4c       0x70 shell/lib.a(ash.o)
 .text.xxreadtoken
                0x0000000000438bbc      0x1c4 shell/lib.a(ash.o)
 .text.readtoken
                0x0000000000438d80      0x144 shell/lib.a(ash.o)
 .text.parsefname
                0x0000000000438ec4      0x150 shell/lib.a(ash.o)
 .text.list     0x0000000000439014      0x224 shell/lib.a(ash.o)
 .text.readtoken1
                0x0000000000439238     0x108c shell/lib.a(ash.o)
 .text.parseheredoc
                0x000000000043a2c4       0xcc shell/lib.a(ash.o)
 .text.parse_command
                0x000000000043a390      0x8b0 shell/lib.a(ash.o)
 .text.pipeline
                0x000000000043ac40      0x120 shell/lib.a(ash.o)
 .text.parsecmd
                0x000000000043ad60       0x50 shell/lib.a(ash.o)
 .text.evalstring
                0x000000000043adb0      0x168 shell/lib.a(ash.o)
 .text.evalbltin
                0x000000000043af18      0x1c0 shell/lib.a(ash.o)
 .text.dotrap   0x000000000043b0d8       0xfc shell/lib.a(ash.o)
 .text.evaltree
                0x000000000043b1d4      0x31c shell/lib.a(ash.o)
 .text.expbackq
                0x000000000043b4f0      0x22c shell/lib.a(ash.o)
 .text.evalsubshell
                0x000000000043b71c      0x144 shell/lib.a(ash.o)
 .text.evalfun  0x000000000043b860      0x190 shell/lib.a(ash.o)
 .text.evalloop
                0x000000000043b9f0       0xd8 shell/lib.a(ash.o)
 .text.exitshell
                0x000000000043bac8       0xa4 shell/lib.a(ash.o)
 .text.cmdloop  0x000000000043bb6c      0x154 shell/lib.a(ash.o)
 .text.find_command
                0x000000000043bcc0      0x4bc shell/lib.a(ash.o)
 .text.evalpipe
                0x000000000043c17c      0x250 shell/lib.a(ash.o)
 .text.hashcmd  0x000000000043c3cc      0x1f4 shell/lib.a(ash.o)
 .text.typecmd  0x000000000043c5c0      0x25c shell/lib.a(ash.o)
 .text.dotcmd   0x000000000043c81c      0x114 shell/lib.a(ash.o)
 .text.read_profile
                0x000000000043c930       0x40 shell/lib.a(ash.o)
 .text.evalcase
                0x000000000043c970      0x1b8 shell/lib.a(ash.o)
 .text.evalfor  0x000000000043cb28      0x124 shell/lib.a(ash.o)
 .text.readcmd  0x000000000043cc4c      0x198 shell/lib.a(ash.o)
 .text.cdcmd    0x000000000043cde4      0x450 shell/lib.a(ash.o)
 .text.poplocalvars
                0x000000000043d234      0x1f4 shell/lib.a(ash.o)
 .text.evalcommand
                0x000000000043d428      0x704 shell/lib.a(ash.o)
 .text.ash_main
                0x000000000043db2c      0x5bc shell/lib.a(ash.o)
                0x000000000043db2c                ash_main
 .text.arith_apply
                0x000000000043e0e8      0x600 shell/lib.a(math.o)
 .text.evaluate_string
                0x000000000043e6e8      0x47c shell/lib.a(math.o)
 .text.arith_lookup_val
                0x000000000043eb64       0xfc shell/lib.a(math.o)
 .text.arith    0x000000000043ec60        0xc shell/lib.a(math.o)
                0x000000000043ec60                arith
 .text.printlim.isra.0
                0x000000000043ec6c       0x90 shell/lib.a(shell_common.o)
 .text.shell_builtin_read
                0x000000000043ecfc      0x71c shell/lib.a(shell_common.o)
                0x000000000043ecfc                shell_builtin_read
 .text.shell_builtin_ulimit
                0x000000000043f418      0x3dc shell/lib.a(shell_common.o)
                0x000000000043f418                shell_builtin_ulimit
 .text.klogd_main
                0x000000000043f7f4      0x35c sysklogd/lib.a(klogd.o)
                0x000000000043f7f4                klogd_main
 .text.create_socket
                0x000000000043fb50      0x110 sysklogd/lib.a(syslogd_and_logger.o)
 .text.log_locally
                0x000000000043fc60      0x2d8 sysklogd/lib.a(syslogd_and_logger.o)
 .text.decode   0x000000000043ff38       0x98 sysklogd/lib.a(syslogd_and_logger.o)
 .text.timestamp_and_log
                0x000000000043ffd0      0x318 sysklogd/lib.a(syslogd_and_logger.o)
 .text.timestamp_and_log_internal
                0x00000000004402e8       0x28 sysklogd/lib.a(syslogd_and_logger.o)
 .text.syslogd_main
                0x0000000000440310      0x778 sysklogd/lib.a(syslogd_and_logger.o)
                0x0000000000440310                syslogd_main
 .text.logger_main
                0x0000000000440a88      0x290 sysklogd/lib.a(syslogd_and_logger.o)
                0x0000000000440a88                logger_main
 .text.dmesg_main
                0x0000000000440d18      0x238 util-linux/lib.a(dmesg.o)
                0x0000000000440d18                dmesg_main
 .text.eject_scsi
                0x0000000000440f50      0x140 util-linux/lib.a(eject.o)
 .text.eject_main
                0x0000000000441090      0x110 util-linux/lib.a(eject.o)
                0x0000000000441090                eject_main
 .text.partition_type
                0x00000000004411a0       0x34 util-linux/lib.a(fdisk.o)
 .text.is_cleared_partition
                0x00000000004411d4       0x24 util-linux/lib.a(fdisk.o)
 .text.set_hsc_start_end
                0x00000000004411f8       0xe8 util-linux/lib.a(fdisk.o)
 .text.update_units
                0x00000000004412e0       0x30 util-linux/lib.a(fdisk.o)
 .text.close_dev_fd
                0x0000000000441310       0x3c util-linux/lib.a(fdisk.o)
 .text.list_disk_geometry
                0x000000000044134c       0xf0 util-linux/lib.a(fdisk.o)
 .text.warn_cylinders
                0x000000000044143c       0x4c util-linux/lib.a(fdisk.o)
 .text.is_ide_cdrom_or_tape
                0x0000000000441488      0x150 util-linux/lib.a(fdisk.o)
 .text.warn_geometry
                0x00000000004415d8       0xcc util-linux/lib.a(fdisk.o)
 .text.menu     0x00000000004416a4      0x1c0 util-linux/lib.a(fdisk.o)
 .text.fdisk_fatal
                0x0000000000441864       0x54 util-linux/lib.a(fdisk.o)
 .text.seek_sector
                0x00000000004418b8       0x68 util-linux/lib.a(fdisk.o)
 .text.read_pte
                0x0000000000441920       0x94 util-linux/lib.a(fdisk.o)
 .text.clear_partition
                0x00000000004419b4       0x24 util-linux/lib.a(fdisk.o)
 .text.get_start_sect
                0x00000000004419d8       0x38 util-linux/lib.a(fdisk.o)
 .text.get_partition_start_from_dev_start
                0x0000000000441a10       0x30 util-linux/lib.a(fdisk.o)
 .text.wrong_p_order
                0x0000000000441a40       0xd0 util-linux/lib.a(fdisk.o)
 .text.get_nr_sects
                0x0000000000441b10       0x38 util-linux/lib.a(fdisk.o)
 .text.fill_bounds
                0x0000000000441b48       0xf8 util-linux/lib.a(fdisk.o)
 .text.set_start_sect
                0x0000000000441c40       0x38 util-linux/lib.a(fdisk.o)
 .text.read_line
                0x0000000000441c78       0xa8 util-linux/lib.a(fdisk.o)
 .text.read_nonempty
                0x0000000000441d20       0x3c util-linux/lib.a(fdisk.o)
 .text.gpt_print_wide36
                0x0000000000441d5c       0xac util-linux/lib.a(fdisk.o)
 .text.chs_string11
                0x0000000000441e08       0xa4 util-linux/lib.a(fdisk.o)
 .text.write_table
                0x0000000000441eac      0x158 util-linux/lib.a(fdisk.o)
 .text.list_types.constprop.4
                0x0000000000442004      0x154 util-linux/lib.a(fdisk.o)
 .text.read_int
                0x0000000000442158      0x2c4 util-linux/lib.a(fdisk.o)
 .text.get_partition
                0x000000000044241c       0x98 util-linux/lib.a(fdisk.o)
 .text.get_existing_partition
                0x00000000004424b4       0xc0 util-linux/lib.a(fdisk.o)
 .text.get_nonexisting_partition
                0x0000000000442574       0xc4 util-linux/lib.a(fdisk.o)
 .text.check_consistency
                0x0000000000442638      0x298 util-linux/lib.a(fdisk.o)
 .text.x_list_table
                0x00000000004428d0      0x1b0 util-linux/lib.a(fdisk.o)
 .text.verify   0x0000000000442a80      0x4cc util-linux/lib.a(fdisk.o)
 .text.list_table.isra.1
                0x0000000000442f4c      0x648 util-linux/lib.a(fdisk.o)
 .text.delete_partition
                0x0000000000443594      0x24c util-linux/lib.a(fdisk.o)
 .text.get_boot
                0x00000000004437e0      0xa04 util-linux/lib.a(fdisk.o)
 .text.create_doslabel
                0x00000000004441e4       0xa8 util-linux/lib.a(fdisk.o)
 .text.open_list_and_close
                0x000000000044428c      0x124 util-linux/lib.a(fdisk.o)
 .text.list_devs_in_proc_partititons
                0x00000000004443b0      0x1a0 util-linux/lib.a(fdisk.o)
 .text.add_partition
                0x0000000000444550      0x6a8 util-linux/lib.a(fdisk.o)
 .text.add_logical
                0x0000000000444bf8       0x9c util-linux/lib.a(fdisk.o)
 .text.fdisk_main
                0x0000000000444c94      0xe58 util-linux/lib.a(fdisk.o)
                0x0000000000444c94                fdisk_main
 .text.flock_main
                0x0000000000445aec      0x224 util-linux/lib.a(flock.o)
                0x0000000000445aec                flock_main
 .text.initial_scan
                0x0000000000445d10      0x138 util-linux/lib.a(mdev.o)
 .text.dirAction
                0x0000000000445e48      0x10c util-linux/lib.a(mdev.o)